2026-09-10 23:10:08,426 INFO     faultline.runs | run 20260910-141008_clean_telemetry_c13b5fe8 started (config hash c13b5fe8)
2026-09-10 23:10:08,494 INFO     faultline.data.telemetry.clean | channel rotor_speed_rpm: 7 values outside [0, 30]
2026-09-10 23:10:08,494 INFO     faultline.data.telemetry.clean | channel generator_speed_rpm: 2 values outside [0, 2500]
2026-09-10 23:10:08,496 INFO     faultline.data.telemetry.clean | channel pitch_angle_deg: 8 values outside [-5, 95]
2026-09-10 23:10:08,578 INFO     faultline.data.telemetry.clean | channel rotor_speed_rpm: 9 values outside [0, 30]
2026-09-10 23:10:08,578 INFO     faultline.data.telemetry.clean | channel generator_speed_rpm: 3 values outside [0, 2500]
2026-09-10 23:10:08,668 INFO     faultline.data.telemetry.clean | channel generator_speed_rpm: 5 values outside [0, 2500]
2026-09-10 23:10:08,669 INFO     faultline.data.telemetry.clean | channel pitch_angle_deg: 4 values outside [-5, 95]
2026-09-10 23:10:08,758 INFO     faultline.data.telemetry.clean | channel generator_speed_rpm: 3 values outside [0, 2500]
2026-09-10 23:10:08,954 INFO     faultline.data.telemetry.clean | channel generator_speed_rpm: 4 values outside [0, 2500]
2026-09-10 23:10:08,955 INFO     faultline.data.telemetry.clean | channel pitch_angle_deg: 4 values outside [-5, 95]
2026-09-10 23:10:09,053 INFO     faultline.data.telemetry.clean | channel generator_speed_rpm: 3 values outside [0, 2500]
2026-09-10 23:10:09,054 INFO     faultline.data.telemetry.clean | channel pitch_angle_deg: 1 values outside [-5, 95]
2026-09-10 23:10:09,151 INFO     faultline.data.telemetry.clean | channel generator_speed_rpm: 1 values outside [0, 2500]
2026-09-10 23:10:09,248 INFO     faultline.data.telemetry.clean | channel generator_speed_rpm: 1 values outside [0, 2500]
2026-09-10 23:10:09,345 INFO     faultline.data.telemetry.clean | channel generator_speed_rpm: 3 values outside [0, 2500]
2026-09-10 23:10:09,345 INFO     faultline.data.telemetry.clean | channel pitch_angle_deg: 7 values outside [-5, 95]
2026-09-10 23:10:09,427 INFO     faultline.data.telemetry.clean | channel generator_speed_rpm: 4 values outside [0, 2500]
2026-09-10 23:10:09,428 INFO     faultline.data.telemetry.clean | channel pitch_angle_deg: 9 values outside [-5, 95]
2026-09-10 23:10:09,526 INFO     faultline.data.telemetry.clean | channel generator_speed_rpm: 4 values outside [0, 2500]
2026-09-10 23:10:09,526 INFO     faultline.data.telemetry.clean | channel pitch_angle_deg: 1 values outside [-5, 95]
2026-09-10 23:10:09,618 INFO     faultline.data.telemetry.clean | channel generator_speed_rpm: 2 values outside [0, 2500]
2026-09-10 23:10:09,718 INFO     faultline.data.telemetry.clean | channel generator_speed_rpm: 2 values outside [0, 2500]
2026-09-10 23:10:09,820 INFO     faultline.data.telemetry.clean | channel generator_speed_rpm: 3 values outside [0, 2500]
2026-09-10 23:10:09,821 INFO     faultline.data.telemetry.clean | channel pitch_angle_deg: 6 values outside [-5, 95]
2026-09-10 23:10:09,924 INFO     faultline.data.telemetry.clean | channel generator_speed_rpm: 6 values outside [0, 2500]
2026-09-10 23:10:10,025 INFO     faultline.data.telemetry.clean | channel generator_speed_rpm: 5 values outside [0, 2500]
2026-09-10 23:10:10,124 INFO     faultline.data.telemetry.clean | channel generator_speed_rpm: 2 values outside [0, 2500]
2026-09-10 23:10:10,220 INFO     faultline.data.telemetry.clean | channel generator_speed_rpm: 432 values outside [0, 2500]
2026-09-10 23:10:10,220 INFO     faultline.data.telemetry.clean | channel pitch_angle_deg: 6 values outside [-5, 95]
2026-09-10 23:10:10,295 INFO     faultline.data.telemetry.clean | channel generator_speed_rpm: 524 values outside [0, 2500]
2026-09-10 23:10:10,296 INFO     faultline.data.telemetry.clean | channel pitch_angle_deg: 9 values outside [-5, 95]
2026-09-10 23:10:10,387 INFO     faultline.data.telemetry.clean | channel generator_speed_rpm: 624 values outside [0, 2500]
2026-09-10 23:10:10,388 INFO     faultline.data.telemetry.clean | channel pitch_angle_deg: 2 values outside [-5, 95]
2026-09-10 23:10:10,480 INFO     faultline.data.telemetry.clean | channel generator_speed_rpm: 519 values outside [0, 2500]
2026-09-10 23:10:10,580 INFO     faultline.data.telemetry.clean | channel generator_speed_rpm: 682 values outside [0, 2500]
2026-09-10 23:10:10,681 INFO     faultline.data.telemetry.clean | channel generator_speed_rpm: 481 values outside [0, 2500]
2026-09-10 23:10:10,786 INFO     faultline.data.telemetry.clean | channel generator_speed_rpm: 951 values outside [0, 2500]
2026-09-10 23:10:10,892 INFO     faultline.data.telemetry.clean | channel generator_speed_rpm: 736 values outside [0, 2500]
2026-09-10 23:10:10,994 INFO     faultline.data.telemetry.clean | channel generator_speed_rpm: 528 values outside [0, 2500]
2026-09-10 23:10:11,094 INFO     faultline.data.telemetry.clean | channel generator_speed_rpm: 562 values outside [0, 2500]
2026-09-10 23:10:11,095 INFO     faultline.data.telemetry.clean | channel pitch_angle_deg: 6 values outside [-5, 95]
2026-09-10 23:10:11,172 INFO     faultline.data.telemetry.clean | channel generator_speed_rpm: 845 values outside [0, 2500]
2026-09-10 23:10:11,173 INFO     faultline.data.telemetry.clean | channel pitch_angle_deg: 16 values outside [-5, 95]
2026-09-10 23:10:11,264 INFO     faultline.data.telemetry.clean | channel generator_speed_rpm: 989 values outside [0, 2500]
2026-09-10 23:10:11,264 INFO     faultline.data.telemetry.clean | channel pitch_angle_deg: 2 values outside [-5, 95]
2026-09-10 23:10:11,360 INFO     faultline.data.telemetry.clean | channel generator_speed_rpm: 993 values outside [0, 2500]
2026-09-10 23:10:11,483 INFO     faultline.data.telemetry.clean | channel generator_speed_rpm: 1175 values outside [0, 2500]
2026-09-10 23:10:11,588 INFO     faultline.data.telemetry.clean | channel generator_speed_rpm: 1369 values outside [0, 2500]
2026-09-10 23:10:11,691 INFO     faultline.data.telemetry.clean | channel generator_speed_rpm: 2300 values outside [0, 2500]
2026-09-10 23:10:11,798 INFO     faultline.data.telemetry.clean | channel generator_speed_rpm: 3366 values outside [0, 2500]
2026-09-10 23:10:11,800 INFO     faultline.data.telemetry.clean | channel gearbox_oil_temp_c: 1598 values outside [-40, 150]
2026-09-10 23:10:11,901 INFO     faultline.data.telemetry.clean | channel generator_speed_rpm: 1584 values outside [0, 2500]
2026-09-10 23:10:12,003 INFO     faultline.data.telemetry.clean | channel generator_speed_rpm: 32 values outside [0, 2500]
2026-09-10 23:10:12,003 INFO     faultline.data.telemetry.clean | channel pitch_angle_deg: 6 values outside [-5, 95]
2026-09-10 23:10:12,095 INFO     faultline.data.telemetry.clean | channel generator_speed_rpm: 284 values outside [0, 2500]
2026-09-10 23:10:12,095 INFO     faultline.data.telemetry.clean | channel pitch_angle_deg: 133 values outside [-5, 95]
2026-09-10 23:10:12,195 INFO     faultline.data.telemetry.clean | channel generator_speed_rpm: 6 values outside [0, 2500]
2026-09-10 23:10:12,195 INFO     faultline.data.telemetry.clean | channel pitch_angle_deg: 1 values outside [-5, 95]
2026-09-10 23:10:12,291 INFO     faultline.data.telemetry.clean | channel generator_speed_rpm: 4 values outside [0, 2500]
2026-09-10 23:10:12,401 INFO     faultline.data.telemetry.clean | channel generator_speed_rpm: 5 values outside [0, 2500]
2026-09-10 23:10:12,516 INFO     faultline.data.telemetry.clean | channel generator_speed_rpm: 31 values outside [0, 2500]
2026-09-10 23:10:12,625 INFO     faultline.data.telemetry.clean | channel generator_speed_rpm: 8 values outside [0, 2500]
2026-09-10 23:10:12,745 INFO     faultline.data.telemetry.clean | channel generator_speed_rpm: 5 values outside [0, 2500]
2026-09-10 23:10:12,863 INFO     faultline.data.telemetry.clean | channel generator_speed_rpm: 13 values outside [0, 2500]
2026-09-10 23:10:12,966 INFO     faultline.data.telemetry.clean | channel generator_speed_rpm: 357 values outside [0, 2500]
2026-09-10 23:10:12,967 INFO     faultline.data.telemetry.clean | channel pitch_angle_deg: 7 values outside [-5, 95]
2026-09-10 23:10:13,051 INFO     faultline.data.telemetry.clean | channel generator_speed_rpm: 371 values outside [0, 2500]
2026-09-10 23:10:13,052 INFO     faultline.data.telemetry.clean | channel pitch_angle_deg: 9 values outside [-5, 95]
2026-09-10 23:10:13,143 INFO     faultline.data.telemetry.clean | channel generator_speed_rpm: 403 values outside [0, 2500]
2026-09-10 23:10:13,144 INFO     faultline.data.telemetry.clean | channel pitch_angle_deg: 3 values outside [-5, 95]
2026-09-10 23:10:13,244 INFO     faultline.data.telemetry.clean | channel generator_speed_rpm: 411 values outside [0, 2500]
2026-09-10 23:10:13,349 INFO     faultline.data.telemetry.clean | channel generator_speed_rpm: 594 values outside [0, 2500]
2026-09-10 23:10:13,455 INFO     faultline.data.telemetry.clean | channel generator_speed_rpm: 241 values outside [0, 2500]
2026-09-10 23:10:13,565 INFO     faultline.data.telemetry.clean | channel generator_speed_rpm: 540 values outside [0, 2500]
2026-09-10 23:10:13,672 INFO     faultline.data.telemetry.clean | channel generator_speed_rpm: 238 values outside [0, 2500]
2026-09-10 23:10:13,777 INFO     faultline.data.telemetry.clean | channel generator_speed_rpm: 141 values outside [0, 2500]
2026-09-10 23:10:13,877 INFO     faultline.data.telemetry.clean | channel generator_speed_rpm: 5 values outside [0, 2500]
2026-09-10 23:10:13,946 INFO     faultline.data.telemetry.clean | channel generator_speed_rpm: 6 values outside [0, 2500]
2026-09-10 23:10:14,025 INFO     faultline.data.telemetry.clean | channel generator_speed_rpm: 709 values outside [0, 2500]
2026-09-10 23:10:14,127 INFO     faultline.data.telemetry.clean | channel generator_speed_rpm: 1271 values outside [0, 2500]
2026-09-10 23:10:14,128 INFO     faultline.data.telemetry.clean | channel pitch_angle_deg: 1 values outside [-5, 95]
2026-09-10 23:10:14,231 INFO     faultline.data.telemetry.clean | channel generator_speed_rpm: 1062 values outside [0, 2500]
2026-09-10 23:10:14,335 INFO     faultline.data.telemetry.clean | channel generator_speed_rpm: 1585 values outside [0, 2500]
2026-09-10 23:10:14,336 INFO     faultline.data.telemetry.clean | channel pitch_angle_deg: 5 values outside [-5, 95]
2026-09-10 23:10:14,450 INFO     faultline.data.telemetry.clean | channel generator_speed_rpm: 877 values outside [0, 2500]
2026-09-10 23:10:14,555 INFO     faultline.data.telemetry.clean | channel generator_speed_rpm: 7 values outside [0, 2500]
2026-09-10 23:10:14,616 INFO     faultline.data.telemetry.clean | channel generator_speed_rpm: 5 values outside [0, 2500]
2026-09-10 23:10:14,693 INFO     faultline.data.telemetry.clean | channel generator_speed_rpm: 4 values outside [0, 2500]
2026-09-10 23:10:14,785 INFO     faultline.data.telemetry.clean | channel generator_speed_rpm: 60 values outside [0, 2500]
2026-09-10 23:10:14,785 INFO     faultline.data.telemetry.clean | channel pitch_angle_deg: 88 values outside [-5, 95]
2026-09-10 23:10:14,885 INFO     faultline.data.telemetry.clean | channel generator_speed_rpm: 377 values outside [0, 2500]
2026-09-10 23:10:14,987 INFO     faultline.data.telemetry.clean | channel generator_speed_rpm: 1064 values outside [0, 2500]
2026-09-10 23:10:14,988 INFO     faultline.data.telemetry.clean | channel pitch_angle_deg: 2 values outside [-5, 95]
2026-09-10 23:10:15,102 INFO     faultline.data.telemetry.clean | channel generator_speed_rpm: 716 values outside [0, 2500]
2026-09-10 23:10:15,197 INFO     faultline.data.telemetry.clean | channel generator_speed_rpm: 10 values outside [0, 2500]
2026-09-10 23:10:15,258 INFO     faultline.data.telemetry.clean | channel generator_speed_rpm: 3 values outside [0, 2500]
2026-09-10 23:10:15,339 INFO     faultline.data.telemetry.clean | channel generator_speed_rpm: 1077 values outside [0, 2500]
2026-09-10 23:10:15,438 INFO     faultline.data.telemetry.clean | channel generator_speed_rpm: 1260 values outside [0, 2500]
2026-09-10 23:10:15,439 INFO     faultline.data.telemetry.clean | channel pitch_angle_deg: 1 values outside [-5, 95]
2026-09-10 23:10:15,544 INFO     faultline.data.telemetry.clean | channel generator_speed_rpm: 1227 values outside [0, 2500]
2026-09-10 23:10:15,647 INFO     faultline.data.telemetry.clean | channel generator_speed_rpm: 2535 values outside [0, 2500]
2026-09-10 23:10:15,648 INFO     faultline.data.telemetry.clean | channel pitch_angle_deg: 4 values outside [-5, 95]
2026-09-10 23:10:15,756 INFO     faultline.data.telemetry.clean | channel generator_speed_rpm: 1110 values outside [0, 2500]
2026-09-10 23:10:15,861 INFO     faultline.data.telemetry.clean | channel generator_speed_rpm: 3 values outside [0, 2500]
2026-09-10 23:10:15,922 INFO     faultline.data.telemetry.clean | channel generator_speed_rpm: 2 values outside [0, 2500]
2026-09-10 23:10:16,005 INFO     faultline.data.telemetry.clean | channel generator_speed_rpm: 176 values outside [0, 2500]
2026-09-10 23:10:16,103 INFO     faultline.data.telemetry.clean | channel generator_speed_rpm: 82 values outside [0, 2500]
2026-09-10 23:10:16,203 INFO     faultline.data.telemetry.clean | channel generator_speed_rpm: 78 values outside [0, 2500]
2026-09-10 23:10:16,309 INFO     faultline.data.telemetry.clean | channel generator_speed_rpm: 108 values outside [0, 2500]
2026-09-10 23:10:16,310 INFO     faultline.data.telemetry.clean | channel pitch_angle_deg: 11 values outside [-5, 95]
2026-09-10 23:10:16,420 INFO     faultline.data.telemetry.clean | channel generator_speed_rpm: 59 values outside [0, 2500]
2026-09-10 23:10:16,517 INFO     faultline.data.telemetry.clean | channel generator_speed_rpm: 5 values outside [0, 2500]
2026-09-10 23:10:16,652 INFO     faultline.data.telemetry.clean | channel generator_speed_rpm: 38 values outside [0, 2500]
2026-09-10 23:10:16,744 INFO     faultline.data.telemetry.clean | channel generator_speed_rpm: 27 values outside [0, 2500]
2026-09-10 23:10:16,855 INFO     faultline.data.telemetry.clean | channel generator_speed_rpm: 21 values outside [0, 2500]
2026-09-10 23:10:16,955 INFO     faultline.data.telemetry.clean | channel generator_speed_rpm: 42 values outside [0, 2500]
2026-09-10 23:10:16,955 INFO     faultline.data.telemetry.clean | channel pitch_angle_deg: 2 values outside [-5, 95]
2026-09-10 23:10:17,061 INFO     faultline.data.telemetry.clean | channel generator_speed_rpm: 7 values outside [0, 2500]
2026-09-10 23:10:17,154 INFO     faultline.data.telemetry.clean | channel generator_speed_rpm: 11 values outside [0, 2500]
2026-09-10 23:10:17,211 INFO     faultline.data.telemetry.clean | channel generator_speed_rpm: 9 values outside [0, 2500]
2026-09-10 23:10:17,295 INFO     faultline.data.telemetry.clean | channel generator_speed_rpm: 1256 values outside [0, 2500]
2026-09-10 23:10:17,392 INFO     faultline.data.telemetry.clean | channel generator_speed_rpm: 1710 values outside [0, 2500]
2026-09-10 23:10:17,495 INFO     faultline.data.telemetry.clean | channel generator_speed_rpm: 1490 values outside [0, 2500]
2026-09-10 23:10:17,610 INFO     faultline.data.telemetry.clean | channel generator_speed_rpm: 3489 values outside [0, 2500]
2026-09-10 23:10:17,611 INFO     faultline.data.telemetry.clean | channel pitch_angle_deg: 3 values outside [-5, 95]
2026-09-10 23:10:17,719 INFO     faultline.data.telemetry.clean | channel generator_speed_rpm: 1502 values outside [0, 2500]
2026-09-10 23:10:17,808 INFO     faultline.data.telemetry.clean | channel generator_speed_rpm: 2 values outside [0, 2500]
2026-09-10 23:10:17,861 INFO     faultline.data.telemetry.clean | channel generator_speed_rpm: 4 values outside [0, 2500]
2026-09-10 23:10:17,936 INFO     faultline.data.telemetry.clean | channel generator_speed_rpm: 5 values outside [0, 2500]
2026-09-10 23:10:18,025 INFO     faultline.data.telemetry.clean | channel generator_speed_rpm: 5 values outside [0, 2500]
2026-09-10 23:10:18,128 INFO     faultline.data.telemetry.clean | channel generator_speed_rpm: 6 values outside [0, 2500]
2026-09-10 23:10:18,243 INFO     faultline.data.telemetry.clean | channel generator_speed_rpm: 3 values outside [0, 2500]
2026-09-10 23:10:18,348 INFO     faultline.data.telemetry.clean | channel generator_speed_rpm: 6 values outside [0, 2500]
2026-09-10 23:10:18,516 INFO     faultline.data.telemetry.clean | channel generator_speed_rpm: 3 values outside [0, 2500]
2026-09-10 23:10:18,593 INFO     faultline.data.telemetry.clean | channel generator_speed_rpm: 6 values outside [0, 2500]
2026-09-10 23:10:18,692 INFO     faultline.data.telemetry.clean | channel generator_speed_rpm: 10 values outside [0, 2500]
2026-09-10 23:10:18,789 INFO     faultline.data.telemetry.clean | channel generator_speed_rpm: 9 values outside [0, 2500]
2026-09-10 23:10:18,790 INFO     faultline.data.telemetry.clean | channel pitch_angle_deg: 4 values outside [-5, 95]
2026-09-10 23:10:18,891 INFO     faultline.data.telemetry.clean | channel generator_speed_rpm: 4 values outside [0, 2500]
2026-09-10 23:10:18,891 INFO     faultline.data.telemetry.clean | channel pitch_angle_deg: 7 values outside [-5, 95]
2026-09-10 23:10:18,997 INFO     faultline.data.telemetry.clean | channel generator_speed_rpm: 6 values outside [0, 2500]
2026-09-10 23:10:19,092 INFO     faultline.data.telemetry.clean | channel generator_speed_rpm: 2 values outside [0, 2500]
2026-09-10 23:10:19,163 INFO     faultline.data.telemetry.clean | channel generator_speed_rpm: 3 values outside [0, 2500]
2026-09-10 23:10:19,245 INFO     faultline.data.telemetry.clean | channel generator_speed_rpm: 341 values outside [0, 2500]
2026-09-10 23:10:19,335 INFO     faultline.data.telemetry.clean | channel generator_speed_rpm: 948 values outside [0, 2500]
2026-09-10 23:10:19,440 INFO     faultline.data.telemetry.clean | channel generator_speed_rpm: 1081 values outside [0, 2500]
2026-09-10 23:10:19,545 INFO     faultline.data.telemetry.clean | channel generator_speed_rpm: 1820 values outside [0, 2500]
2026-09-10 23:10:19,546 INFO     faultline.data.telemetry.clean | channel pitch_angle_deg: 1 values outside [-5, 95]
2026-09-10 23:10:19,661 INFO     faultline.data.telemetry.clean | channel generator_speed_rpm: 1069 values outside [0, 2500]
2026-09-10 23:10:19,664 INFO     faultline.data.telemetry.clean | channel generator_winding_temp_c: 1 values outside [-40, 250]
2026-09-10 23:10:19,752 INFO     faultline.data.telemetry.clean | channel generator_speed_rpm: 2 values outside [0, 2500]
2026-09-10 23:10:19,805 INFO     faultline.data.telemetry.clean | channel generator_speed_rpm: 1 values outside [0, 2500]
2026-09-10 23:10:19,889 INFO     faultline.data.telemetry.clean | channel generator_speed_rpm: 12 values outside [0, 2500]
2026-09-10 23:10:19,983 INFO     faultline.data.telemetry.clean | channel generator_speed_rpm: 13 values outside [0, 2500]
2026-09-10 23:10:19,983 INFO     faultline.data.telemetry.clean | channel pitch_angle_deg: 1 values outside [-5, 95]
2026-09-10 23:10:20,078 INFO     faultline.data.telemetry.clean | channel generator_speed_rpm: 42 values outside [0, 2500]
2026-09-10 23:10:20,187 INFO     faultline.data.telemetry.clean | channel generator_speed_rpm: 82 values outside [0, 2500]
2026-09-10 23:10:20,187 INFO     faultline.data.telemetry.clean | channel pitch_angle_deg: 3 values outside [-5, 95]
2026-09-10 23:10:20,292 INFO     faultline.data.telemetry.clean | channel generator_speed_rpm: 13 values outside [0, 2500]
2026-09-10 23:10:20,433 INFO     faultline.data.telemetry.clean | channel generator_speed_rpm: 4 values outside [0, 2500]
2026-09-10 23:10:20,516 INFO     faultline.data.telemetry.clean | channel generator_speed_rpm: 10 values outside [0, 2500]
2026-09-10 23:10:20,616 INFO     faultline.data.telemetry.clean | channel generator_speed_rpm: 31 values outside [0, 2500]
2026-09-10 23:10:20,719 INFO     faultline.data.telemetry.clean | channel generator_speed_rpm: 82 values outside [0, 2500]
2026-09-10 23:10:20,720 INFO     faultline.data.telemetry.clean | channel pitch_angle_deg: 1 values outside [-5, 95]
2026-09-10 23:10:20,818 INFO     faultline.data.telemetry.clean | channel generator_speed_rpm: 421 values outside [0, 2500]
2026-09-10 23:10:20,925 INFO     faultline.data.telemetry.clean | channel generator_speed_rpm: 555 values outside [0, 2500]
2026-09-10 23:10:21,019 INFO     faultline.data.telemetry.clean | channel generator_speed_rpm: 1 values outside [0, 2500]
2026-09-10 23:10:21,071 INFO     faultline.data.telemetry.clean | channel generator_speed_rpm: 3 values outside [0, 2500]
2026-09-10 23:10:21,144 INFO     faultline.data.telemetry.clean | channel generator_speed_rpm: 912 values outside [0, 2500]
2026-09-10 23:10:21,242 INFO     faultline.data.telemetry.clean | channel generator_speed_rpm: 1147 values outside [0, 2500]
2026-09-10 23:10:21,243 INFO     faultline.data.telemetry.clean | channel pitch_angle_deg: 1 values outside [-5, 95]
2026-09-10 23:10:21,344 INFO     faultline.data.telemetry.clean | channel generator_speed_rpm: 1134 values outside [0, 2500]
2026-09-10 23:10:21,345 INFO     faultline.data.telemetry.clean | channel pitch_angle_deg: 3 values outside [-5, 95]
2026-09-10 23:10:21,449 INFO     faultline.data.telemetry.clean | channel generator_speed_rpm: 2269 values outside [0, 2500]
2026-09-10 23:10:21,449 INFO     faultline.data.telemetry.clean | channel pitch_angle_deg: 2 values outside [-5, 95]
2026-09-10 23:10:21,557 INFO     faultline.data.telemetry.clean | channel generator_speed_rpm: 1236 values outside [0, 2500]
2026-09-10 23:10:21,651 INFO     faultline.data.telemetry.clean | channel generator_speed_rpm: 1 values outside [0, 2500]
2026-09-10 23:10:21,704 INFO     faultline.data.telemetry.clean | channel generator_speed_rpm: 1 values outside [0, 2500]
2026-09-10 23:10:21,780 INFO     faultline.data.telemetry.clean | channel generator_speed_rpm: 838 values outside [0, 2500]
2026-09-10 23:10:21,868 INFO     faultline.data.telemetry.clean | channel generator_speed_rpm: 973 values outside [0, 2500]
2026-09-10 23:10:21,975 INFO     faultline.data.telemetry.clean | channel generator_speed_rpm: 525 values outside [0, 2500]
2026-09-10 23:10:22,084 INFO     faultline.data.telemetry.clean | channel generator_speed_rpm: 957 values outside [0, 2500]
2026-09-10 23:10:22,084 INFO     faultline.data.telemetry.clean | channel pitch_angle_deg: 1 values outside [-5, 95]
2026-09-10 23:10:22,193 INFO     faultline.data.telemetry.clean | channel generator_speed_rpm: 833 values outside [0, 2500]
2026-09-10 23:10:22,287 INFO     faultline.data.telemetry.clean | channel generator_speed_rpm: 5 values outside [0, 2500]
2026-09-10 23:10:22,348 INFO     faultline.data.telemetry.clean | channel generator_speed_rpm: 3 values outside [0, 2500]
2026-09-10 23:10:22,424 INFO     faultline.data.telemetry.clean | channel generator_speed_rpm: 920 values outside [0, 2500]
2026-09-10 23:10:22,516 INFO     faultline.data.telemetry.clean | channel generator_speed_rpm: 1254 values outside [0, 2500]
2026-09-10 23:10:22,619 INFO     faultline.data.telemetry.clean | channel generator_speed_rpm: 974 values outside [0, 2500]
2026-09-10 23:10:22,721 INFO     faultline.data.telemetry.clean | channel generator_speed_rpm: 1784 values outside [0, 2500]
2026-09-10 23:10:22,839 INFO     faultline.data.telemetry.clean | channel generator_speed_rpm: 1177 values outside [0, 2500]
2026-09-10 23:10:24,362 INFO     faultline.data.telemetry.clean | channel gearbox_bearing_temp_c: 159 values outside [-40, 150]
2026-09-10 23:10:24,363 INFO     faultline.data.telemetry.clean | channel generator_bearing_temp_c: 13 values outside [-40, 200]
2026-09-10 23:10:24,951 INFO     faultline.data.telemetry.clean | channel gearbox_bearing_temp_c: 593 values outside [-40, 150]
2026-09-10 23:10:28,705 INFO     faultline.data.telemetry.clean | channel gearbox_bearing_temp_c: 3 values outside [-40, 150]
2026-09-10 23:10:29,087 INFO     faultline.data.telemetry.clean | channel generator_bearing_temp_c: 16 values outside [-40, 200]
2026-09-10 23:10:29,354 INFO     faultline.data.telemetry.clean | channel generator_bearing_temp_c: 124 values outside [-40, 200]
2026-09-10 23:10:29,411 INFO     faultline.data.telemetry.clean | channel generator_bearing_temp_c: 16 values outside [-40, 200]
2026-09-10 23:10:29,522 INFO     faultline.data.telemetry.clean | channel generator_bearing_temp_c: 16 values outside [-40, 200]
2026-09-10 23:10:29,598 INFO     faultline.data.telemetry.clean | channel generator_bearing_temp_c: 124 values outside [-40, 200]
2026-09-10 23:10:29,654 INFO     faultline.data.telemetry.clean | channel generator_bearing_temp_c: 16 values outside [-40, 200]
2026-09-10 23:10:29,711 INFO     faultline.data.telemetry.clean | channel generator_bearing_temp_c: 124 values outside [-40, 200]
2026-09-10 23:10:29,773 INFO     faultline.data.telemetry.clean | channel generator_bearing_temp_c: 16 values outside [-40, 200]
2026-09-10 23:10:29,803 INFO     faultline.data.telemetry.clean | channel generator_bearing_temp_c: 124 values outside [-40, 200]
2026-09-10 23:10:29,858 INFO     faultline.data.telemetry.clean | channel generator_bearing_temp_c: 16 values outside [-40, 200]
2026-09-10 23:10:30,840 INFO     faultline.data.telemetry.clean | channel generator_bearing_temp_c: 102 values outside [-40, 200]
2026-09-10 23:10:30,941 INFO     faultline.data.telemetry.clean | channel generator_bearing_temp_c: 89 values outside [-40, 200]
2026-09-10 23:10:31,048 INFO     faultline.data.telemetry.clean | channel generator_bearing_temp_c: 89 values outside [-40, 200]
2026-09-10 23:10:31,163 INFO     faultline.data.telemetry.clean | channel generator_bearing_temp_c: 89 values outside [-40, 200]
2026-09-10 23:10:31,274 INFO     faultline.data.telemetry.clean | channel generator_speed_rpm: 614 values outside [0, 2500]
2026-09-10 23:10:31,328 INFO     faultline.data.telemetry.clean | channel generator_speed_rpm: 2626 values outside [0, 2500]
2026-09-10 23:10:31,403 INFO     faultline.data.telemetry.clean | channel generator_speed_rpm: 30 values outside [0, 2500]
2026-09-10 23:10:31,517 INFO     faultline.data.telemetry.clean | channel generator_speed_rpm: 30 values outside [0, 2500]
2026-09-10 23:10:31,667 INFO     faultline.data.telemetry.clean | channel generator_speed_rpm: 11 values outside [0, 2500]
2026-09-10 23:10:31,727 INFO     faultline.data.telemetry.clean | channel generator_speed_rpm: 1 values outside [0, 2500]
2026-09-10 23:10:31,788 INFO     faultline.data.telemetry.clean | channel generator_speed_rpm: 11 values outside [0, 2500]
2026-09-10 23:10:31,882 INFO     faultline.data.telemetry.clean | channel generator_speed_rpm: 31 values outside [0, 2500]
2026-09-10 23:10:31,991 INFO     faultline.data.telemetry.clean | channel generator_speed_rpm: 31 values outside [0, 2500]
2026-09-10 23:10:32,044 INFO     faultline.data.telemetry.clean | channel generator_speed_rpm: 17 values outside [0, 2500]
2026-09-10 23:10:32,094 INFO     faultline.data.telemetry.clean | channel wind_speed_ms: 1 values outside [0, 60]
2026-09-10 23:10:32,094 INFO     faultline.data.telemetry.clean | channel generator_speed_rpm: 2 values outside [0, 2500]
2026-09-10 23:10:32,158 INFO     faultline.data.telemetry.clean | channel generator_speed_rpm: 17 values outside [0, 2500]
2026-09-10 23:10:32,214 INFO     faultline.data.telemetry.clean | channel wind_speed_ms: 1 values outside [0, 60]
2026-09-10 23:10:32,216 INFO     faultline.data.telemetry.clean | channel generator_speed_rpm: 1 values outside [0, 2500]
2026-09-10 23:10:32,271 INFO     faultline.data.telemetry.clean | channel generator_speed_rpm: 10 values outside [0, 2500]
2026-09-10 23:10:32,333 INFO     faultline.data.telemetry.clean | channel generator_speed_rpm: 43 values outside [0, 2500]
2026-09-10 23:10:32,390 INFO     faultline.data.telemetry.clean | channel generator_speed_rpm: 2 values outside [0, 2500]
2026-09-10 23:10:32,391 INFO     faultline.data.telemetry.clean | channel ambient_temp_c: 3 values outside [-40, 60]
2026-09-10 23:10:32,392 INFO     faultline.data.telemetry.clean | channel gearbox_oil_temp_c: 5 values outside [-40, 150]
2026-09-10 23:10:32,393 INFO     faultline.data.telemetry.clean | channel main_bearing_temp_c: 227 values outside [-40, 150]
2026-09-10 23:10:32,440 INFO     faultline.data.telemetry.clean | channel wind_speed_ms: 1 values outside [0, 60]
2026-09-10 23:10:32,441 INFO     faultline.data.telemetry.clean | channel generator_speed_rpm: 6 values outside [0, 2500]
2026-09-10 23:10:32,443 INFO     faultline.data.telemetry.clean | channel main_bearing_temp_c: 5 values outside [-40, 150]
2026-09-10 23:10:32,539 INFO     faultline.data.telemetry.clean | channel generator_speed_rpm: 4 values outside [0, 2500]
2026-09-10 23:10:32,631 INFO     faultline.data.telemetry.clean | channel generator_speed_rpm: 4 values outside [0, 2500]
2026-09-10 23:10:32,726 INFO     faultline.data.telemetry.clean | channel generator_speed_rpm: 839 values outside [0, 2500]
2026-09-10 23:10:32,775 INFO     faultline.data.telemetry.clean | channel generator_speed_rpm: 3013 values outside [0, 2500]
2026-09-10 23:10:32,837 INFO     faultline.data.telemetry.clean | channel generator_speed_rpm: 685 values outside [0, 2500]
2026-09-10 23:10:32,877 INFO     faultline.data.telemetry.clean | channel generator_speed_rpm: 2831 values outside [0, 2500]
2026-09-10 23:10:32,951 INFO     faultline.data.telemetry.clean | channel wind_speed_ms: 427 values outside [0, 60]
2026-09-10 23:10:32,952 INFO     faultline.data.telemetry.clean | channel rotor_speed_rpm: 11 values outside [0, 30]
2026-09-10 23:10:32,953 INFO     faultline.data.telemetry.clean | channel generator_speed_rpm: 1 values outside [0, 2500]
2026-09-10 23:10:32,953 INFO     faultline.data.telemetry.clean | channel pitch_angle_deg: 1 values outside [-5, 95]
2026-09-10 23:10:32,954 INFO     faultline.data.telemetry.clean | channel ambient_temp_c: 10 values outside [-40, 60]
2026-09-10 23:10:33,092 INFO     faultline.data.telemetry.clean | channel wind_speed_ms: 507 values outside [0, 60]
2026-09-10 23:10:33,093 INFO     faultline.data.telemetry.clean | channel rotor_speed_rpm: 11 values outside [0, 30]
2026-09-10 23:10:33,093 INFO     faultline.data.telemetry.clean | channel generator_speed_rpm: 1 values outside [0, 2500]
2026-09-10 23:10:33,093 INFO     faultline.data.telemetry.clean | channel pitch_angle_deg: 1 values outside [-5, 95]
2026-09-10 23:10:33,095 INFO     faultline.data.telemetry.clean | channel ambient_temp_c: 10 values outside [-40, 60]
2026-09-10 23:10:33,169 INFO     faultline.data.telemetry.clean | channel wind_speed_ms: 435 values outside [0, 60]
2026-09-10 23:10:33,169 INFO     faultline.data.telemetry.clean | channel rotor_speed_rpm: 11 values outside [0, 30]
2026-09-10 23:10:33,170 INFO     faultline.data.telemetry.clean | channel generator_speed_rpm: 1 values outside [0, 2500]
2026-09-10 23:10:33,170 INFO     faultline.data.telemetry.clean | channel pitch_angle_deg: 1 values outside [-5, 95]
2026-09-10 23:10:33,172 INFO     faultline.data.telemetry.clean | channel ambient_temp_c: 10 values outside [-40, 60]
2026-09-10 23:10:33,270 INFO     faultline.data.telemetry.clean | channel wind_speed_ms: 2 values outside [0, 60]
2026-09-10 23:10:33,272 INFO     faultline.data.telemetry.clean | channel pitch_angle_deg: 1 values outside [-5, 95]
2026-09-10 23:10:33,379 INFO     faultline.data.telemetry.clean | channel wind_speed_ms: 7 values outside [0, 60]
2026-09-10 23:10:33,380 INFO     faultline.data.telemetry.clean | channel rotor_speed_rpm: 1007 values outside [0, 30]
2026-09-10 23:10:33,380 INFO     faultline.data.telemetry.clean | channel generator_speed_rpm: 4 values outside [0, 2500]
2026-09-10 23:10:33,382 INFO     faultline.data.telemetry.clean | channel ambient_temp_c: 1007 values outside [-40, 60]
2026-09-10 23:10:33,465 INFO     faultline.data.telemetry.clean | channel wind_speed_ms: 1 values outside [0, 60]
2026-09-10 23:10:33,466 INFO     faultline.data.telemetry.clean | channel rotor_speed_rpm: 128 values outside [0, 30]
2026-09-10 23:10:33,467 INFO     faultline.data.telemetry.clean | channel generator_speed_rpm: 4 values outside [0, 2500]
2026-09-10 23:10:33,507 INFO     faultline.data.telemetry.clean | channel rotor_speed_rpm: 2229 values outside [0, 30]
2026-09-10 23:10:33,508 INFO     faultline.data.telemetry.clean | channel generator_speed_rpm: 9 values outside [0, 2500]
2026-09-10 23:10:33,508 INFO     faultline.data.telemetry.clean | channel pitch_angle_deg: 3 values outside [-5, 95]
2026-09-10 23:10:33,567 INFO     faultline.data.telemetry.clean | channel rotor_speed_rpm: 434 values outside [0, 30]
2026-09-10 23:10:33,568 INFO     faultline.data.telemetry.clean | channel generator_speed_rpm: 10 values outside [0, 2500]
2026-09-10 23:10:33,622 INFO     faultline.data.telemetry.clean | channel rotor_speed_rpm: 2267 values outside [0, 30]
2026-09-10 23:10:33,623 INFO     faultline.data.telemetry.clean | channel generator_speed_rpm: 23 values outside [0, 2500]
2026-09-10 23:10:33,623 INFO     faultline.data.telemetry.clean | channel pitch_angle_deg: 7 values outside [-5, 95]
2026-09-10 23:10:33,624 INFO     faultline.data.telemetry.clean | channel ambient_temp_c: 2 values outside [-40, 60]
2026-09-10 23:10:33,625 INFO     faultline.data.telemetry.clean | channel gearbox_oil_temp_c: 6 values outside [-40, 150]
2026-09-10 23:10:33,701 INFO     faultline.data.telemetry.clean | channel pitch_angle_deg: 3 values outside [-5, 95]
2026-09-10 23:10:33,786 INFO     faultline.data.telemetry.clean | channel rotor_speed_rpm: 532 values outside [0, 30]
2026-09-10 23:10:33,788 INFO     faultline.data.telemetry.clean | channel generator_winding_temp_c: 4 values outside [-40, 250]
2026-09-10 23:10:33,895 INFO     faultline.data.telemetry.clean | channel wind_speed_ms: 1 values outside [0, 60]
2026-09-10 23:10:33,896 INFO     faultline.data.telemetry.clean | channel rotor_speed_rpm: 17 values outside [0, 30]
2026-09-10 23:10:33,898 INFO     faultline.data.telemetry.clean | channel ambient_temp_c: 21 values outside [-40, 60]
2026-09-10 23:10:33,899 INFO     faultline.data.telemetry.clean | channel gearbox_oil_temp_c: 4 values outside [-40, 150]
2026-09-10 23:10:33,946 INFO     faultline.data.telemetry.clean | channel pitch_angle_deg: 3 values outside [-5, 95]
2026-09-10 23:10:34,071 INFO     faultline.data.telemetry.clean | channel pitch_angle_deg: 7 values outside [-5, 95]
2026-09-10 23:10:34,160 INFO     faultline.data.telemetry.clean | channel wind_speed_ms: 1 values outside [0, 60]
2026-09-10 23:10:34,161 INFO     faultline.data.telemetry.clean | channel rotor_speed_rpm: 330 values outside [0, 30]
2026-09-10 23:10:34,161 INFO     faultline.data.telemetry.clean | channel generator_speed_rpm: 20 values outside [0, 2500]
2026-09-10 23:10:34,163 INFO     faultline.data.telemetry.clean | channel ambient_temp_c: 275 values outside [-40, 60]
2026-09-10 23:10:34,243 INFO     faultline.data.telemetry.clean | channel generator_speed_rpm: 1 values outside [0, 2500]
2026-09-10 23:10:34,298 INFO     faultline.data.telemetry.clean | channel wind_speed_ms: 1 values outside [0, 60]
2026-09-10 23:10:34,299 INFO     faultline.data.telemetry.clean | channel rotor_speed_rpm: 330 values outside [0, 30]
2026-09-10 23:10:34,299 INFO     faultline.data.telemetry.clean | channel generator_speed_rpm: 19 values outside [0, 2500]
2026-09-10 23:10:34,301 INFO     faultline.data.telemetry.clean | channel ambient_temp_c: 275 values outside [-40, 60]
2026-09-10 23:10:34,374 INFO     faultline.data.telemetry.clean | channel pitch_angle_deg: 1 values outside [-5, 95]
2026-09-10 23:10:34,442 INFO     faultline.data.telemetry.clean | channel wind_speed_ms: 1 values outside [0, 60]
2026-09-10 23:10:34,522 INFO     faultline.data.telemetry.clean | channel pitch_angle_deg: 9 values outside [-5, 95]
2026-09-10 23:10:34,523 INFO     faultline.data.telemetry.clean | channel ambient_temp_c: 45 values outside [-40, 60]
2026-09-10 23:10:34,641 INFO     faultline.data.telemetry.clean | channel pitch_angle_deg: 9 values outside [-5, 95]
2026-09-10 23:10:34,642 INFO     faultline.data.telemetry.clean | channel ambient_temp_c: 45 values outside [-40, 60]
2026-09-10 23:10:34,711 INFO     faultline.data.telemetry.clean | channel rotor_speed_rpm: 1509 values outside [0, 30]
2026-09-10 23:10:34,711 INFO     faultline.data.telemetry.clean | channel generator_speed_rpm: 9 values outside [0, 2500]
2026-09-10 23:10:34,772 INFO     faultline.data.telemetry.clean | channel wind_speed_ms: 10 values outside [0, 60]
2026-09-10 23:10:34,774 INFO     faultline.data.telemetry.clean | channel rotor_speed_rpm: 3076 values outside [0, 30]
2026-09-10 23:10:34,774 INFO     faultline.data.telemetry.clean | channel generator_speed_rpm: 27 values outside [0, 2500]
2026-09-10 23:10:34,775 INFO     faultline.data.telemetry.clean | channel pitch_angle_deg: 7 values outside [-5, 95]
2026-09-10 23:10:34,776 INFO     faultline.data.telemetry.clean | channel ambient_temp_c: 372 values outside [-40, 60]
2026-09-10 23:10:34,828 INFO     faultline.data.telemetry.clean | channel rotor_speed_rpm: 560 values outside [0, 30]
2026-09-10 23:10:34,829 INFO     faultline.data.telemetry.clean | channel generator_speed_rpm: 6 values outside [0, 2500]
2026-09-10 23:10:34,882 INFO     faultline.data.telemetry.clean | channel wind_speed_ms: 10 values outside [0, 60]
2026-09-10 23:10:34,883 INFO     faultline.data.telemetry.clean | channel rotor_speed_rpm: 3659 values outside [0, 30]
2026-09-10 23:10:34,883 INFO     faultline.data.telemetry.clean | channel generator_speed_rpm: 35 values outside [0, 2500]
2026-09-10 23:10:34,884 INFO     faultline.data.telemetry.clean | channel pitch_angle_deg: 14 values outside [-5, 95]
2026-09-10 23:10:34,885 INFO     faultline.data.telemetry.clean | channel ambient_temp_c: 372 values outside [-40, 60]
2026-09-10 23:10:34,952 INFO     faultline.data.telemetry.clean | channel wind_speed_ms: 2 values outside [0, 60]
2026-09-10 23:10:34,953 INFO     faultline.data.telemetry.clean | channel rotor_speed_rpm: 9 values outside [0, 30]
2026-09-10 23:10:34,954 INFO     faultline.data.telemetry.clean | channel pitch_angle_deg: 1 values outside [-5, 95]
2026-09-10 23:10:34,955 INFO     faultline.data.telemetry.clean | channel ambient_temp_c: 7 values outside [-40, 60]
2026-09-10 23:10:35,019 INFO     faultline.data.telemetry.clean | channel wind_speed_ms: 1 values outside [0, 60]
2026-09-10 23:10:35,022 INFO     faultline.data.telemetry.clean | channel ambient_temp_c: 97 values outside [-40, 60]
2026-09-10 23:10:35,071 INFO     faultline.data.telemetry.clean | channel wind_speed_ms: 2 values outside [0, 60]
2026-09-10 23:10:35,072 INFO     faultline.data.telemetry.clean | channel rotor_speed_rpm: 9 values outside [0, 30]
2026-09-10 23:10:35,073 INFO     faultline.data.telemetry.clean | channel pitch_angle_deg: 1 values outside [-5, 95]
2026-09-10 23:10:35,075 INFO     faultline.data.telemetry.clean | channel ambient_temp_c: 7 values outside [-40, 60]
2026-09-10 23:10:35,132 INFO     faultline.data.telemetry.clean | channel wind_speed_ms: 1 values outside [0, 60]
2026-09-10 23:10:35,133 INFO     faultline.data.telemetry.clean | channel ambient_temp_c: 97 values outside [-40, 60]
2026-09-10 23:10:35,179 INFO     faultline.data.telemetry.clean | channel wind_speed_ms: 2 values outside [0, 60]
2026-09-10 23:10:35,181 INFO     faultline.data.telemetry.clean | channel rotor_speed_rpm: 714 values outside [0, 30]
2026-09-10 23:10:35,183 INFO     faultline.data.telemetry.clean | channel ambient_temp_c: 713 values outside [-40, 60]
2026-09-10 23:10:35,281 INFO     faultline.data.telemetry.clean | channel wind_speed_ms: 2 values outside [0, 60]
2026-09-10 23:10:35,282 INFO     faultline.data.telemetry.clean | channel rotor_speed_rpm: 714 values outside [0, 30]
2026-09-10 23:10:35,284 INFO     faultline.data.telemetry.clean | channel ambient_temp_c: 713 values outside [-40, 60]
2026-09-10 23:10:35,380 INFO     faultline.data.telemetry.clean | channel generator_speed_rpm: 5 values outside [0, 2500]
2026-09-10 23:10:35,428 INFO     faultline.data.telemetry.clean | channel rotor_speed_rpm: 102 values outside [0, 30]
2026-09-10 23:10:35,428 INFO     faultline.data.telemetry.clean | channel generator_speed_rpm: 25 values outside [0, 2500]
2026-09-10 23:10:35,493 INFO     faultline.data.telemetry.clean | channel rotor_speed_rpm: 85 values outside [0, 30]
2026-09-10 23:10:35,494 INFO     faultline.data.telemetry.clean | channel generator_speed_rpm: 30 values outside [0, 2500]
2026-09-10 23:10:35,547 INFO     faultline.data.telemetry.clean | channel rotor_speed_rpm: 127 values outside [0, 30]
2026-09-10 23:10:35,548 INFO     faultline.data.telemetry.clean | channel generator_speed_rpm: 41 values outside [0, 2500]
2026-09-10 23:10:35,549 INFO     faultline.data.telemetry.clean | channel pitch_angle_deg: 21 values outside [-5, 95]
2026-09-10 23:10:35,614 INFO     faultline.data.telemetry.clean | channel rotor_speed_rpm: 1 values outside [0, 30]
2026-09-10 23:10:35,614 INFO     faultline.data.telemetry.clean | channel generator_speed_rpm: 15 values outside [0, 2500]
2026-09-10 23:10:35,615 INFO     faultline.data.telemetry.clean | channel pitch_angle_deg: 2 values outside [-5, 95]
2026-09-10 23:10:35,674 INFO     faultline.data.telemetry.clean | channel rotor_speed_rpm: 33 values outside [0, 30]
2026-09-10 23:10:35,674 INFO     faultline.data.telemetry.clean | channel generator_speed_rpm: 22 values outside [0, 2500]
2026-09-10 23:10:35,728 INFO     faultline.data.telemetry.clean | channel rotor_speed_rpm: 102 values outside [0, 30]
2026-09-10 23:10:35,729 INFO     faultline.data.telemetry.clean | channel generator_speed_rpm: 18 values outside [0, 2500]
2026-09-10 23:10:35,786 INFO     faultline.data.telemetry.clean | channel generator_speed_rpm: 16 values outside [0, 2500]
2026-09-10 23:10:35,786 INFO     faultline.data.telemetry.clean | channel pitch_angle_deg: 4 values outside [-5, 95]
2026-09-10 23:10:35,846 INFO     faultline.data.telemetry.clean | channel pitch_angle_deg: 1 values outside [-5, 95]
2026-09-10 23:10:35,941 INFO     faultline.data.telemetry.clean | channel pitch_angle_deg: 1 values outside [-5, 95]
2026-09-10 23:10:36,143 INFO     faultline.data.telemetry.clean | channel pitch_angle_deg: 1 values outside [-5, 95]
2026-09-10 23:10:36,240 INFO     faultline.data.telemetry.clean | channel rotor_speed_rpm: 240 values outside [0, 30]
2026-09-10 23:10:36,274 INFO     faultline.data.telemetry.clean | channel rotor_speed_rpm: 5343 values outside [0, 30]
2026-09-10 23:10:36,274 INFO     faultline.data.telemetry.clean | channel generator_speed_rpm: 3 values outside [0, 2500]
2026-09-10 23:10:36,275 INFO     faultline.data.telemetry.clean | channel pitch_angle_deg: 1 values outside [-5, 95]
2026-09-10 23:10:36,340 INFO     faultline.data.telemetry.clean | channel rotor_speed_rpm: 325 values outside [0, 30]
2026-09-10 23:10:36,375 INFO     faultline.data.telemetry.clean | channel rotor_speed_rpm: 5244 values outside [0, 30]
2026-09-10 23:10:36,376 INFO     faultline.data.telemetry.clean | channel generator_speed_rpm: 3 values outside [0, 2500]
2026-09-10 23:10:36,376 INFO     faultline.data.telemetry.clean | channel pitch_angle_deg: 1 values outside [-5, 95]
2026-09-10 23:10:36,437 INFO     faultline.data.telemetry.clean | channel rotor_speed_rpm: 960 values outside [0, 30]
2026-09-10 23:10:36,487 INFO     faultline.data.telemetry.clean | channel rotor_speed_rpm: 5304 values outside [0, 30]
2026-09-10 23:10:36,488 INFO     faultline.data.telemetry.clean | channel pitch_angle_deg: 5 values outside [-5, 95]
2026-09-10 23:10:36,489 INFO     faultline.data.telemetry.clean | channel ambient_temp_c: 1 values outside [-40, 60]
2026-09-10 23:10:36,547 INFO     faultline.data.telemetry.clean | channel rotor_speed_rpm: 889 values outside [0, 30]
2026-09-10 23:10:36,586 INFO     faultline.data.telemetry.clean | channel rotor_speed_rpm: 5648 values outside [0, 30]
2026-09-10 23:10:36,587 INFO     faultline.data.telemetry.clean | channel pitch_angle_deg: 5 values outside [-5, 95]
2026-09-10 23:10:36,589 INFO     faultline.data.telemetry.clean | channel ambient_temp_c: 1 values outside [-40, 60]
2026-09-10 23:10:36,702 INFO     faultline.data.telemetry.clean | channel wind_speed_ms: 2 values outside [0, 60]
2026-09-10 23:10:36,704 INFO     faultline.data.telemetry.clean | channel pitch_angle_deg: 2 values outside [-5, 95]
2026-09-10 23:10:36,707 INFO     faultline.data.telemetry.clean | channel gearbox_oil_temp_c: 11106 values outside [-40, 150]
2026-09-10 23:10:36,824 INFO     faultline.data.telemetry.clean | channel wind_speed_ms: 2 values outside [0, 60]
2026-09-10 23:10:36,825 INFO     faultline.data.telemetry.clean | channel pitch_angle_deg: 2 values outside [-5, 95]
2026-09-10 23:10:36,827 INFO     faultline.data.telemetry.clean | channel gearbox_oil_temp_c: 3155 values outside [-40, 150]
2026-09-10 23:10:36,883 INFO     faultline.data.telemetry.clean | channel rotor_speed_rpm: 989 values outside [0, 30]
2026-09-10 23:10:36,886 INFO     faultline.data.telemetry.clean | channel generator_winding_temp_c: 6 values outside [-40, 250]
2026-09-10 23:10:36,942 INFO     faultline.data.telemetry.clean | channel wind_speed_ms: 2 values outside [0, 60]
2026-09-10 23:10:37,039 INFO     faultline.data.telemetry.clean | channel wind_speed_ms: 2 values outside [0, 60]
2026-09-10 23:10:37,040 INFO     faultline.data.telemetry.clean | channel pitch_angle_deg: 2 values outside [-5, 95]
2026-09-10 23:10:37,142 INFO     faultline.data.telemetry.clean | channel pitch_angle_deg: 8 values outside [-5, 95]
2026-09-10 23:10:37,204 INFO     faultline.data.telemetry.clean | channel generator_winding_temp_c: 15 values outside [-40, 250]
2026-09-10 23:10:37,295 INFO     faultline.data.telemetry.clean | channel rotor_speed_rpm: 661 values outside [0, 30]
2026-09-10 23:10:37,296 INFO     faultline.data.telemetry.clean | channel generator_speed_rpm: 5 values outside [0, 2500]
2026-09-10 23:10:37,332 INFO     faultline.data.telemetry.clean | channel rotor_speed_rpm: 4558 values outside [0, 30]
2026-09-10 23:10:37,332 INFO     faultline.data.telemetry.clean | channel generator_speed_rpm: 19 values outside [0, 2500]
2026-09-10 23:10:37,333 INFO     faultline.data.telemetry.clean | channel pitch_angle_deg: 5 values outside [-5, 95]
2026-09-10 23:10:37,403 INFO     faultline.data.telemetry.clean | channel rotor_speed_rpm: 923 values outside [0, 30]
2026-09-10 23:10:37,404 INFO     faultline.data.telemetry.clean | channel generator_speed_rpm: 6 values outside [0, 2500]
2026-09-10 23:10:37,455 INFO     faultline.data.telemetry.clean | channel rotor_speed_rpm: 3824 values outside [0, 30]
2026-09-10 23:10:37,456 INFO     faultline.data.telemetry.clean | channel generator_speed_rpm: 19 values outside [0, 2500]
2026-09-10 23:10:37,457 INFO     faultline.data.telemetry.clean | channel pitch_angle_deg: 5 values outside [-5, 95]
2026-09-10 23:10:37,513 INFO     faultline.data.telemetry.clean | channel wind_speed_ms: 3 values outside [0, 60]
2026-09-10 23:10:37,514 INFO     faultline.data.telemetry.clean | channel rotor_speed_rpm: 1435 values outside [0, 30]
2026-09-10 23:10:37,515 INFO     faultline.data.telemetry.clean | channel generator_speed_rpm: 31 values outside [0, 2500]
2026-09-10 23:10:37,566 INFO     faultline.data.telemetry.clean | channel generator_speed_rpm: 6 values outside [0, 2500]
2026-09-10 23:10:37,567 INFO     faultline.data.telemetry.clean | channel pitch_angle_deg: 2 values outside [-5, 95]
2026-09-10 23:10:37,619 INFO     faultline.data.telemetry.clean | channel generator_speed_rpm: 7 values outside [0, 2500]
2026-09-10 23:10:37,658 INFO     faultline.data.telemetry.clean | channel generator_speed_rpm: 8 values outside [0, 2500]
2026-09-10 23:10:37,659 INFO     faultline.data.telemetry.clean | channel pitch_angle_deg: 33 values outside [-5, 95]
2026-09-10 23:10:37,721 INFO     faultline.data.telemetry.clean | channel wind_speed_ms: 3 values outside [0, 60]
2026-09-10 23:10:37,722 INFO     faultline.data.telemetry.clean | channel generator_speed_rpm: 12 values outside [0, 2500]
2026-09-10 23:10:37,767 INFO     faultline.data.telemetry.clean | channel generator_speed_rpm: 7 values outside [0, 2500]
2026-09-10 23:10:37,768 INFO     faultline.data.telemetry.clean | channel pitch_angle_deg: 33 values outside [-5, 95]
2026-09-10 23:10:37,822 INFO     faultline.data.telemetry.clean | channel wind_speed_ms: 3 values outside [0, 60]
2026-09-10 23:10:37,823 INFO     faultline.data.telemetry.clean | channel rotor_speed_rpm: 17973 values outside [0, 30]
2026-09-10 23:10:37,823 INFO     faultline.data.telemetry.clean | channel generator_speed_rpm: 39 values outside [0, 2500]
2026-09-10 23:10:37,825 INFO     faultline.data.telemetry.clean | channel generator_winding_temp_c: 6 values outside [-40, 250]
2026-09-10 23:10:37,891 INFO     faultline.data.telemetry.clean | channel generator_speed_rpm: 1 values outside [0, 2500]
2026-09-10 23:10:37,918 INFO     faultline.data.telemetry.clean | channel rotor_speed_rpm: 21 values outside [0, 30]
2026-09-10 23:10:37,954 INFO     faultline.data.telemetry.clean | channel wind_speed_ms: 3 values outside [0, 60]
2026-09-10 23:10:37,955 INFO     faultline.data.telemetry.clean | channel rotor_speed_rpm: 5534 values outside [0, 30]
2026-09-10 23:10:37,955 INFO     faultline.data.telemetry.clean | channel generator_speed_rpm: 1 values outside [0, 2500]
2026-09-10 23:10:37,956 INFO     faultline.data.telemetry.clean | channel ambient_temp_c: 112 values outside [-40, 60]
2026-09-10 23:10:38,023 INFO     faultline.data.telemetry.clean | channel rotor_speed_rpm: 674 values outside [0, 30]
2026-09-10 23:10:38,046 INFO     faultline.data.telemetry.clean | channel wind_speed_ms: 1 values outside [0, 60]
2026-09-10 23:10:38,046 INFO     faultline.data.telemetry.clean | channel rotor_speed_rpm: 934 values outside [0, 30]
2026-09-10 23:10:38,101 INFO     faultline.data.telemetry.clean | channel wind_speed_ms: 2 values outside [0, 60]
2026-09-10 23:10:38,101 INFO     faultline.data.telemetry.clean | channel rotor_speed_rpm: 4887 values outside [0, 30]
2026-09-10 23:10:38,104 INFO     faultline.data.telemetry.clean | channel ambient_temp_c: 106 values outside [-40, 60]
2026-09-10 23:10:38,167 INFO     faultline.data.telemetry.clean | channel wind_speed_ms: 1 values outside [0, 60]
2026-09-10 23:10:38,169 INFO     faultline.data.telemetry.clean | channel rotor_speed_rpm: 2491 values outside [0, 30]
2026-09-10 23:10:38,169 INFO     faultline.data.telemetry.clean | channel pitch_angle_deg: 1 values outside [-5, 95]
2026-09-10 23:10:38,228 INFO     faultline.data.telemetry.clean | channel wind_speed_ms: 2 values outside [0, 60]
2026-09-10 23:10:38,230 INFO     faultline.data.telemetry.clean | channel rotor_speed_rpm: 2792 values outside [0, 30]
2026-09-10 23:10:38,231 INFO     faultline.data.telemetry.clean | channel ambient_temp_c: 106 values outside [-40, 60]
2026-09-10 23:10:38,292 INFO     faultline.data.telemetry.clean | channel wind_speed_ms: 1 values outside [0, 60]
2026-09-10 23:10:38,293 INFO     faultline.data.telemetry.clean | channel rotor_speed_rpm: 962 values outside [0, 30]
2026-09-10 23:10:38,344 INFO     faultline.data.telemetry.clean | channel wind_speed_ms: 2 values outside [0, 60]
2026-09-10 23:10:38,344 INFO     faultline.data.telemetry.clean | channel rotor_speed_rpm: 4882 values outside [0, 30]
2026-09-10 23:10:38,346 INFO     faultline.data.telemetry.clean | channel ambient_temp_c: 106 values outside [-40, 60]
2026-09-10 23:10:38,414 INFO     faultline.data.telemetry.clean | channel wind_speed_ms: 1 values outside [0, 60]
2026-09-10 23:10:38,415 INFO     faultline.data.telemetry.clean | channel rotor_speed_rpm: 8307 values outside [0, 30]
2026-09-10 23:10:38,416 INFO     faultline.data.telemetry.clean | channel pitch_angle_deg: 1 values outside [-5, 95]
2026-09-10 23:10:38,486 INFO     faultline.data.telemetry.clean | channel rotor_speed_rpm: 183 values outside [0, 30]
2026-09-10 23:10:38,539 INFO     faultline.data.telemetry.clean | channel wind_speed_ms: 3 values outside [0, 60]
2026-09-10 23:10:38,540 INFO     faultline.data.telemetry.clean | channel rotor_speed_rpm: 5534 values outside [0, 30]
2026-09-10 23:10:38,541 INFO     faultline.data.telemetry.clean | channel generator_speed_rpm: 1 values outside [0, 2500]
2026-09-10 23:10:38,543 INFO     faultline.data.telemetry.clean | channel ambient_temp_c: 112 values outside [-40, 60]
2026-09-10 23:10:38,609 INFO     faultline.data.telemetry.clean | channel rotor_speed_rpm: 674 values outside [0, 30]
2026-09-10 23:10:38,797 INFO     faultline.data.telemetry.clean | channel rotor_speed_rpm: 61 values outside [0, 30]
2026-09-10 23:10:38,799 INFO     faultline.data.telemetry.clean | channel pitch_angle_deg: 299 values outside [-5, 95]
2026-09-10 23:10:38,913 INFO     faultline.data.telemetry.clean | channel rotor_speed_rpm: 61 values outside [0, 30]
2026-09-10 23:10:38,914 INFO     faultline.data.telemetry.clean | channel pitch_angle_deg: 299 values outside [-5, 95]
2026-09-10 23:10:39,023 INFO     faultline.data.telemetry.clean | channel pitch_angle_deg: 4 values outside [-5, 95]
2026-09-10 23:10:39,137 INFO     faultline.data.telemetry.clean | channel pitch_angle_deg: 10 values outside [-5, 95]
2026-09-10 23:10:39,205 INFO     faultline.data.telemetry.clean | channel wind_speed_ms: 2 values outside [0, 60]
2026-09-10 23:10:39,206 INFO     faultline.data.telemetry.clean | channel rotor_speed_rpm: 6 values outside [0, 30]
2026-09-10 23:10:39,207 INFO     faultline.data.telemetry.clean | channel pitch_angle_deg: 1 values outside [-5, 95]
2026-09-10 23:10:39,208 INFO     faultline.data.telemetry.clean | channel ambient_temp_c: 5 values outside [-40, 60]
2026-09-10 23:10:39,301 INFO     faultline.runs | wrote clean_stats_report.md
2026-09-10 23:10:39,347 INFO     faultline.runs | run 20260910-141008_clean_telemetry_c13b5fe8 ok in 30.87s -> C:\Users\sharg\Desktop\github\FaultLine\reports\data\20260910-141008_clean_telemetry_c13b5fe8
