2026-09-11 06:57:42,118 INFO     faultline.runs | run 20260910-215742_clean_telemetry_ded0f249 started (config hash ded0f249)
2026-09-11 06:57:42,175 INFO     faultline.data.telemetry.clean | channel rotor_speed_rpm: 10 values outside [-1, 25]
2026-09-11 06:57:42,175 INFO     faultline.data.telemetry.clean | channel generator_speed_rpm: 2 values outside [-10, 2500]
2026-09-11 06:57:42,175 INFO     faultline.data.telemetry.clean | channel pitch_angle_deg: 7 values outside [-5, 100]
2026-09-11 06:57:42,249 INFO     faultline.data.telemetry.clean | channel rotor_speed_rpm: 9 values outside [-1, 25]
2026-09-11 06:57:42,249 INFO     faultline.data.telemetry.clean | channel generator_speed_rpm: 3 values outside [-10, 2500]
2026-09-11 06:57:42,335 INFO     faultline.data.telemetry.clean | channel generator_speed_rpm: 5 values outside [-10, 2500]
2026-09-11 06:57:42,348 INFO     faultline.data.telemetry.clean | channel pitch_angle_deg: 4 values outside [-5, 100]
2026-09-11 06:57:42,429 INFO     faultline.data.telemetry.clean | channel generator_speed_rpm: 3 values outside [-10, 2500]
2026-09-11 06:57:42,610 INFO     faultline.data.telemetry.clean | channel generator_speed_rpm: 4 values outside [-10, 2500]
2026-09-11 06:57:42,610 INFO     faultline.data.telemetry.clean | channel pitch_angle_deg: 4 values outside [-5, 100]
2026-09-11 06:57:42,697 INFO     faultline.data.telemetry.clean | channel generator_speed_rpm: 3 values outside [-10, 2500]
2026-09-11 06:57:42,697 INFO     faultline.data.telemetry.clean | channel pitch_angle_deg: 1 values outside [-5, 100]
2026-09-11 06:57:42,786 INFO     faultline.data.telemetry.clean | channel generator_speed_rpm: 1 values outside [-10, 2500]
2026-09-11 06:57:42,879 INFO     faultline.data.telemetry.clean | channel generator_speed_rpm: 1 values outside [-10, 2500]
2026-09-11 06:57:42,974 INFO     faultline.data.telemetry.clean | channel generator_speed_rpm: 3 values outside [-10, 2500]
2026-09-11 06:57:42,974 INFO     faultline.data.telemetry.clean | channel pitch_angle_deg: 7 values outside [-5, 100]
2026-09-11 06:57:43,046 INFO     faultline.data.telemetry.clean | channel generator_speed_rpm: 4 values outside [-10, 2500]
2026-09-11 06:57:43,046 INFO     faultline.data.telemetry.clean | channel pitch_angle_deg: 9 values outside [-5, 100]
2026-09-11 06:57:43,131 INFO     faultline.data.telemetry.clean | channel generator_speed_rpm: 4 values outside [-10, 2500]
2026-09-11 06:57:43,131 INFO     faultline.data.telemetry.clean | channel pitch_angle_deg: 1 values outside [-5, 100]
2026-09-11 06:57:43,211 INFO     faultline.data.telemetry.clean | channel generator_speed_rpm: 2 values outside [-10, 2500]
2026-09-11 06:57:43,308 INFO     faultline.data.telemetry.clean | channel generator_speed_rpm: 2 values outside [-10, 2500]
2026-09-11 06:57:43,401 INFO     faultline.data.telemetry.clean | channel generator_speed_rpm: 3 values outside [-10, 2500]
2026-09-11 06:57:43,401 INFO     faultline.data.telemetry.clean | channel pitch_angle_deg: 6 values outside [-5, 100]
2026-09-11 06:57:43,481 INFO     faultline.data.telemetry.clean | channel generator_speed_rpm: 5 values outside [-10, 2500]
2026-09-11 06:57:43,576 INFO     faultline.data.telemetry.clean | channel generator_speed_rpm: 5 values outside [-10, 2500]
2026-09-11 06:57:43,672 INFO     faultline.data.telemetry.clean | channel generator_speed_rpm: 2 values outside [-10, 2500]
2026-09-11 06:57:43,765 INFO     faultline.data.telemetry.clean | channel generator_speed_rpm: 4 values outside [-10, 2500]
2026-09-11 06:57:43,765 INFO     faultline.data.telemetry.clean | channel pitch_angle_deg: 6 values outside [-5, 100]
2026-09-11 06:57:43,833 INFO     faultline.data.telemetry.clean | channel generator_speed_rpm: 5 values outside [-10, 2500]
2026-09-11 06:57:43,833 INFO     faultline.data.telemetry.clean | channel pitch_angle_deg: 9 values outside [-5, 100]
2026-09-11 06:57:43,910 INFO     faultline.data.telemetry.clean | channel generator_speed_rpm: 6 values outside [-10, 2500]
2026-09-11 06:57:43,910 INFO     faultline.data.telemetry.clean | channel pitch_angle_deg: 2 values outside [-5, 100]
2026-09-11 06:57:44,000 INFO     faultline.data.telemetry.clean | channel generator_speed_rpm: 2 values outside [-10, 2500]
2026-09-11 06:57:44,085 INFO     faultline.data.telemetry.clean | channel generator_speed_rpm: 5 values outside [-10, 2500]
2026-09-11 06:57:44,179 INFO     faultline.data.telemetry.clean | channel generator_speed_rpm: 6 values outside [-10, 2500]
2026-09-11 06:57:44,269 INFO     faultline.data.telemetry.clean | channel generator_speed_rpm: 4 values outside [-10, 2500]
2026-09-11 06:57:44,364 INFO     faultline.data.telemetry.clean | channel generator_speed_rpm: 2 values outside [-10, 2500]
2026-09-11 06:57:44,450 INFO     faultline.data.telemetry.clean | channel generator_speed_rpm: 4 values outside [-10, 2500]
2026-09-11 06:57:44,593 INFO     faultline.data.telemetry.clean | channel generator_speed_rpm: 3 values outside [-10, 2500]
2026-09-11 06:57:44,593 INFO     faultline.data.telemetry.clean | channel pitch_angle_deg: 6 values outside [-5, 100]
2026-09-11 06:57:44,702 INFO     faultline.data.telemetry.clean | channel generator_speed_rpm: 13 values outside [-10, 2500]
2026-09-11 06:57:44,702 INFO     faultline.data.telemetry.clean | channel pitch_angle_deg: 16 values outside [-5, 100]
2026-09-11 06:57:44,835 INFO     faultline.data.telemetry.clean | channel generator_speed_rpm: 7 values outside [-10, 2500]
2026-09-11 06:57:44,835 INFO     faultline.data.telemetry.clean | channel pitch_angle_deg: 2 values outside [-5, 100]
2026-09-11 06:57:44,995 INFO     faultline.data.telemetry.clean | channel generator_speed_rpm: 8 values outside [-10, 2500]
2026-09-11 06:57:45,163 INFO     faultline.data.telemetry.clean | channel generator_speed_rpm: 2 values outside [-10, 2500]
2026-09-11 06:57:45,322 INFO     faultline.data.telemetry.clean | channel generator_speed_rpm: 2 values outside [-10, 2500]
2026-09-11 06:57:45,473 INFO     faultline.data.telemetry.clean | channel generator_speed_rpm: 4 values outside [-10, 2500]
2026-09-11 06:57:45,622 INFO     faultline.data.telemetry.clean | channel generator_speed_rpm: 3 values outside [-10, 2500]
2026-09-11 06:57:45,622 INFO     faultline.data.telemetry.clean | channel gearbox_oil_temp_c: 1 values outside [-30, 100]
2026-09-11 06:57:45,766 INFO     faultline.data.telemetry.clean | channel generator_speed_rpm: 7 values outside [-10, 2500]
2026-09-11 06:57:45,911 INFO     faultline.data.telemetry.clean | channel generator_speed_rpm: 4 values outside [-10, 2500]
2026-09-11 06:57:45,911 INFO     faultline.data.telemetry.clean | channel pitch_angle_deg: 6 values outside [-5, 100]
2026-09-11 06:57:46,041 INFO     faultline.data.telemetry.clean | channel generator_speed_rpm: 284 values outside [-10, 2500]
2026-09-11 06:57:46,047 INFO     faultline.data.telemetry.clean | channel pitch_angle_deg: 10 values outside [-5, 100]
2026-09-11 06:57:46,171 INFO     faultline.data.telemetry.clean | channel generator_speed_rpm: 5 values outside [-10, 2500]
2026-09-11 06:57:46,171 INFO     faultline.data.telemetry.clean | channel pitch_angle_deg: 1 values outside [-5, 100]
2026-09-11 06:57:46,306 INFO     faultline.data.telemetry.clean | channel generator_speed_rpm: 4 values outside [-10, 2500]
2026-09-11 06:57:46,457 INFO     faultline.data.telemetry.clean | channel generator_speed_rpm: 5 values outside [-10, 2500]
2026-09-11 06:57:46,592 INFO     faultline.data.telemetry.clean | channel generator_speed_rpm: 31 values outside [-10, 2500]
2026-09-11 06:57:46,747 INFO     faultline.data.telemetry.clean | channel generator_speed_rpm: 6 values outside [-10, 2500]
2026-09-11 06:57:46,891 INFO     faultline.data.telemetry.clean | channel generator_speed_rpm: 5 values outside [-10, 2500]
2026-09-11 06:57:47,051 INFO     faultline.data.telemetry.clean | channel generator_speed_rpm: 13 values outside [-10, 2500]
2026-09-11 06:57:47,194 INFO     faultline.data.telemetry.clean | channel generator_speed_rpm: 4 values outside [-10, 2500]
2026-09-11 06:57:47,194 INFO     faultline.data.telemetry.clean | channel pitch_angle_deg: 7 values outside [-5, 100]
2026-09-11 06:57:47,320 INFO     faultline.data.telemetry.clean | channel generator_speed_rpm: 13 values outside [-10, 2500]
2026-09-11 06:57:47,320 INFO     faultline.data.telemetry.clean | channel pitch_angle_deg: 9 values outside [-5, 100]
2026-09-11 06:57:47,449 INFO     faultline.data.telemetry.clean | channel generator_speed_rpm: 8 values outside [-10, 2500]
2026-09-11 06:57:47,449 INFO     faultline.data.telemetry.clean | channel pitch_angle_deg: 2 values outside [-5, 100]
2026-09-11 06:57:47,584 INFO     faultline.data.telemetry.clean | channel generator_speed_rpm: 6 values outside [-10, 2500]
2026-09-11 06:57:47,718 INFO     faultline.data.telemetry.clean | channel generator_speed_rpm: 186 values outside [-10, 2500]
2026-09-11 06:57:47,873 INFO     faultline.data.telemetry.clean | channel generator_speed_rpm: 4 values outside [-10, 2500]
2026-09-11 06:57:48,014 INFO     faultline.data.telemetry.clean | channel generator_speed_rpm: 1 values outside [-10, 2500]
2026-09-11 06:57:48,163 INFO     faultline.data.telemetry.clean | channel generator_speed_rpm: 1 values outside [-10, 2500]
2026-09-11 06:57:48,479 INFO     faultline.data.telemetry.clean | channel generator_speed_rpm: 2 values outside [-10, 2500]
2026-09-11 06:57:48,685 INFO     faultline.data.telemetry.clean | channel generator_speed_rpm: 6 values outside [-10, 2500]
2026-09-11 06:57:48,814 INFO     faultline.data.telemetry.clean | channel generator_speed_rpm: 9 values outside [-10, 2500]
2026-09-11 06:57:48,954 INFO     faultline.data.telemetry.clean | channel generator_speed_rpm: 5 values outside [-10, 2500]
2026-09-11 06:57:49,104 INFO     faultline.data.telemetry.clean | channel generator_speed_rpm: 3 values outside [-10, 2500]
2026-09-11 06:57:49,104 INFO     faultline.data.telemetry.clean | channel pitch_angle_deg: 2 values outside [-5, 100]
2026-09-11 06:57:49,249 INFO     faultline.data.telemetry.clean | channel generator_speed_rpm: 5 values outside [-10, 2500]
2026-09-11 06:57:49,384 INFO     faultline.data.telemetry.clean | channel generator_speed_rpm: 2 values outside [-10, 2500]
2026-09-11 06:57:49,468 INFO     faultline.data.telemetry.clean | channel generator_speed_rpm: 2 values outside [-10, 2500]
2026-09-11 06:57:49,573 INFO     faultline.data.telemetry.clean | channel generator_speed_rpm: 3 values outside [-10, 2500]
2026-09-11 06:57:49,706 INFO     faultline.data.telemetry.clean | channel generator_speed_rpm: 7 values outside [-10, 2500]
2026-09-11 06:57:49,706 INFO     faultline.data.telemetry.clean | channel pitch_angle_deg: 87 values outside [-5, 100]
2026-09-11 06:57:49,842 INFO     faultline.data.telemetry.clean | channel generator_speed_rpm: 12 values outside [-10, 2500]
2026-09-11 06:57:49,995 INFO     faultline.data.telemetry.clean | channel generator_speed_rpm: 3 values outside [-10, 2500]
2026-09-11 06:57:49,996 INFO     faultline.data.telemetry.clean | channel pitch_angle_deg: 2 values outside [-5, 100]
2026-09-11 06:57:50,136 INFO     faultline.data.telemetry.clean | channel generator_speed_rpm: 6 values outside [-10, 2500]
2026-09-11 06:57:50,271 INFO     faultline.data.telemetry.clean | channel generator_speed_rpm: 3 values outside [-10, 2500]
2026-09-11 06:57:50,364 INFO     faultline.data.telemetry.clean | channel generator_speed_rpm: 1 values outside [-10, 2500]
2026-09-11 06:57:50,471 INFO     faultline.data.telemetry.clean | channel generator_speed_rpm: 6 values outside [-10, 2500]
2026-09-11 06:57:50,606 INFO     faultline.data.telemetry.clean | channel generator_speed_rpm: 5 values outside [-10, 2500]
2026-09-11 06:57:50,750 INFO     faultline.data.telemetry.clean | channel generator_speed_rpm: 5 values outside [-10, 2500]
2026-09-11 06:57:50,890 INFO     faultline.data.telemetry.clean | channel generator_speed_rpm: 62 values outside [-10, 2500]
2026-09-11 06:57:50,890 INFO     faultline.data.telemetry.clean | channel pitch_angle_deg: 4 values outside [-5, 100]
2026-09-11 06:57:51,036 INFO     faultline.data.telemetry.clean | channel generator_speed_rpm: 7 values outside [-10, 2500]
2026-09-11 06:57:51,159 INFO     faultline.data.telemetry.clean | channel generator_speed_rpm: 1 values outside [-10, 2500]
2026-09-11 06:57:51,253 INFO     faultline.data.telemetry.clean | channel generator_speed_rpm: 1 values outside [-10, 2500]
2026-09-11 06:57:51,357 INFO     faultline.data.telemetry.clean | channel generator_speed_rpm: 4 values outside [-10, 2500]
2026-09-11 06:57:51,520 INFO     faultline.data.telemetry.clean | channel generator_speed_rpm: 4 values outside [-10, 2500]
2026-09-11 06:57:51,691 INFO     faultline.data.telemetry.clean | channel generator_speed_rpm: 5 values outside [-10, 2500]
2026-09-11 06:57:51,831 INFO     faultline.data.telemetry.clean | channel generator_speed_rpm: 6 values outside [-10, 2500]
2026-09-11 06:57:51,831 INFO     faultline.data.telemetry.clean | channel pitch_angle_deg: 11 values outside [-5, 100]
2026-09-11 06:57:51,988 INFO     faultline.data.telemetry.clean | channel generator_speed_rpm: 4 values outside [-10, 2500]
2026-09-11 06:57:52,307 INFO     faultline.data.telemetry.clean | channel generator_speed_rpm: 8 values outside [-10, 2500]
2026-09-11 06:57:52,442 INFO     faultline.data.telemetry.clean | channel generator_speed_rpm: 5 values outside [-10, 2500]
2026-09-11 06:57:52,576 INFO     faultline.data.telemetry.clean | channel generator_speed_rpm: 7 values outside [-10, 2500]
2026-09-11 06:57:52,728 INFO     faultline.data.telemetry.clean | channel generator_speed_rpm: 42 values outside [-10, 2500]
2026-09-11 06:57:52,728 INFO     faultline.data.telemetry.clean | channel pitch_angle_deg: 2 values outside [-5, 100]
2026-09-11 06:57:52,870 INFO     faultline.data.telemetry.clean | channel generator_speed_rpm: 5 values outside [-10, 2500]
2026-09-11 06:57:53,003 INFO     faultline.data.telemetry.clean | channel generator_speed_rpm: 1 values outside [-10, 2500]
2026-09-11 06:57:53,083 INFO     faultline.data.telemetry.clean | channel generator_speed_rpm: 3 values outside [-10, 2500]
2026-09-11 06:57:53,195 INFO     faultline.data.telemetry.clean | channel generator_speed_rpm: 3 values outside [-10, 2500]
2026-09-11 06:57:53,321 INFO     faultline.data.telemetry.clean | channel generator_speed_rpm: 5 values outside [-10, 2500]
2026-09-11 06:57:53,464 INFO     faultline.data.telemetry.clean | channel generator_speed_rpm: 12 values outside [-10, 2500]
2026-09-11 06:57:53,607 INFO     faultline.data.telemetry.clean | channel generator_speed_rpm: 6 values outside [-10, 2500]
2026-09-11 06:57:53,610 INFO     faultline.data.telemetry.clean | channel pitch_angle_deg: 3 values outside [-5, 100]
2026-09-11 06:57:53,749 INFO     faultline.data.telemetry.clean | channel generator_speed_rpm: 5 values outside [-10, 2500]
2026-09-11 06:57:53,876 INFO     faultline.data.telemetry.clean | channel generator_speed_rpm: 1 values outside [-10, 2500]
2026-09-11 06:57:53,963 INFO     faultline.data.telemetry.clean | channel generator_speed_rpm: 1 values outside [-10, 2500]
2026-09-11 06:57:54,067 INFO     faultline.data.telemetry.clean | channel generator_speed_rpm: 3 values outside [-10, 2500]
2026-09-11 06:57:54,196 INFO     faultline.data.telemetry.clean | channel generator_speed_rpm: 5 values outside [-10, 2500]
2026-09-11 06:57:54,336 INFO     faultline.data.telemetry.clean | channel generator_speed_rpm: 6 values outside [-10, 2500]
2026-09-11 06:57:54,479 INFO     faultline.data.telemetry.clean | channel generator_speed_rpm: 3 values outside [-10, 2500]
2026-09-11 06:57:54,631 INFO     faultline.data.telemetry.clean | channel generator_speed_rpm: 6 values outside [-10, 2500]
2026-09-11 06:57:55,019 INFO     faultline.data.telemetry.clean | channel generator_speed_rpm: 6 values outside [-10, 2500]
2026-09-11 06:57:55,150 INFO     faultline.data.telemetry.clean | channel generator_speed_rpm: 10 values outside [-10, 2500]
2026-09-11 06:57:55,282 INFO     faultline.data.telemetry.clean | channel generator_speed_rpm: 9 values outside [-10, 2500]
2026-09-11 06:57:55,295 INFO     faultline.data.telemetry.clean | channel pitch_angle_deg: 4 values outside [-5, 100]
2026-09-11 06:57:55,438 INFO     faultline.data.telemetry.clean | channel generator_speed_rpm: 4 values outside [-10, 2500]
2026-09-11 06:57:55,438 INFO     faultline.data.telemetry.clean | channel pitch_angle_deg: 7 values outside [-5, 100]
2026-09-11 06:57:55,586 INFO     faultline.data.telemetry.clean | channel generator_speed_rpm: 6 values outside [-10, 2500]
2026-09-11 06:57:55,902 INFO     faultline.data.telemetry.clean | channel generator_speed_rpm: 4 values outside [-10, 2500]
2026-09-11 06:57:56,052 INFO     faultline.data.telemetry.clean | channel generator_speed_rpm: 8 values outside [-10, 2500]
2026-09-11 06:57:56,194 INFO     faultline.data.telemetry.clean | channel generator_speed_rpm: 10 values outside [-10, 2500]
2026-09-11 06:57:56,341 INFO     faultline.data.telemetry.clean | channel generator_speed_rpm: 3 values outside [-10, 2500]
2026-09-11 06:57:56,341 INFO     faultline.data.telemetry.clean | channel pitch_angle_deg: 1 values outside [-5, 100]
2026-09-11 06:57:56,484 INFO     faultline.data.telemetry.clean | channel generator_speed_rpm: 5 values outside [-10, 2500]
2026-09-11 06:57:56,484 INFO     faultline.data.telemetry.clean | channel generator_winding_temp_c: 1 values outside [-30, 180]
2026-09-11 06:57:56,803 INFO     faultline.data.telemetry.clean | channel generator_speed_rpm: 5 values outside [-10, 2500]
2026-09-11 06:57:56,937 INFO     faultline.data.telemetry.clean | channel generator_speed_rpm: 4 values outside [-10, 2500]
2026-09-11 06:57:57,077 INFO     faultline.data.telemetry.clean | channel generator_speed_rpm: 10 values outside [-10, 2500]
2026-09-11 06:57:57,215 INFO     faultline.data.telemetry.clean | channel generator_speed_rpm: 12 values outside [-10, 2500]
2026-09-11 06:57:57,215 INFO     faultline.data.telemetry.clean | channel pitch_angle_deg: 3 values outside [-5, 100]
2026-09-11 06:57:57,362 INFO     faultline.data.telemetry.clean | channel generator_speed_rpm: 1 values outside [-10, 2500]
2026-09-11 06:57:57,580 INFO     faultline.data.telemetry.clean | channel generator_speed_rpm: 1 values outside [-10, 2500]
2026-09-11 06:57:57,686 INFO     faultline.data.telemetry.clean | channel generator_speed_rpm: 8 values outside [-10, 2500]
2026-09-11 06:57:57,809 INFO     faultline.data.telemetry.clean | channel generator_speed_rpm: 8 values outside [-10, 2500]
2026-09-11 06:57:57,982 INFO     faultline.data.telemetry.clean | channel generator_speed_rpm: 6 values outside [-10, 2500]
2026-09-11 06:57:57,984 INFO     faultline.data.telemetry.clean | channel pitch_angle_deg: 1 values outside [-5, 100]
2026-09-11 06:57:58,156 INFO     faultline.data.telemetry.clean | channel generator_speed_rpm: 3 values outside [-10, 2500]
2026-09-11 06:57:58,293 INFO     faultline.data.telemetry.clean | channel generator_speed_rpm: 83 values outside [-10, 2500]
2026-09-11 06:57:58,508 INFO     faultline.data.telemetry.clean | channel generator_speed_rpm: 1 values outside [-10, 2500]
2026-09-11 06:57:58,619 INFO     faultline.data.telemetry.clean | channel generator_speed_rpm: 5 values outside [-10, 2500]
2026-09-11 06:57:58,747 INFO     faultline.data.telemetry.clean | channel generator_speed_rpm: 5 values outside [-10, 2500]
2026-09-11 06:57:58,886 INFO     faultline.data.telemetry.clean | channel generator_speed_rpm: 10 values outside [-10, 2500]
2026-09-11 06:57:58,886 INFO     faultline.data.telemetry.clean | channel pitch_angle_deg: 3 values outside [-5, 100]
2026-09-11 06:57:59,034 INFO     faultline.data.telemetry.clean | channel generator_speed_rpm: 3 values outside [-10, 2500]
2026-09-11 06:57:59,034 INFO     faultline.data.telemetry.clean | channel pitch_angle_deg: 2 values outside [-5, 100]
2026-09-11 06:57:59,191 INFO     faultline.data.telemetry.clean | channel generator_speed_rpm: 5 values outside [-10, 2500]
2026-09-11 06:57:59,522 INFO     faultline.data.telemetry.clean | channel generator_speed_rpm: 5 values outside [-10, 2500]
2026-09-11 06:57:59,662 INFO     faultline.data.telemetry.clean | channel generator_speed_rpm: 4 values outside [-10, 2500]
2026-09-11 06:57:59,813 INFO     faultline.data.telemetry.clean | channel generator_speed_rpm: 9 values outside [-10, 2500]
2026-09-11 06:57:59,965 INFO     faultline.data.telemetry.clean | channel generator_speed_rpm: 3 values outside [-10, 2500]
2026-09-11 06:57:59,965 INFO     faultline.data.telemetry.clean | channel pitch_angle_deg: 1 values outside [-5, 100]
2026-09-11 06:58:00,132 INFO     faultline.data.telemetry.clean | channel generator_speed_rpm: 3 values outside [-10, 2500]
2026-09-11 06:58:00,265 INFO     faultline.data.telemetry.clean | channel generator_speed_rpm: 1 values outside [-10, 2500]
2026-09-11 06:58:00,344 INFO     faultline.data.telemetry.clean | channel generator_speed_rpm: 1 values outside [-10, 2500]
2026-09-11 06:58:00,465 INFO     faultline.data.telemetry.clean | channel generator_speed_rpm: 6 values outside [-10, 2500]
2026-09-11 06:58:00,602 INFO     faultline.data.telemetry.clean | channel generator_speed_rpm: 2 values outside [-10, 2500]
2026-09-11 06:58:00,756 INFO     faultline.data.telemetry.clean | channel generator_speed_rpm: 8 values outside [-10, 2500]
2026-09-11 06:58:00,914 INFO     faultline.data.telemetry.clean | channel generator_speed_rpm: 11 values outside [-10, 2500]
2026-09-11 06:58:01,073 INFO     faultline.data.telemetry.clean | channel generator_speed_rpm: 10 values outside [-10, 2500]
2026-09-11 06:58:03,162 INFO     faultline.data.telemetry.clean | channel gearbox_bearing_temp_c: 1 values outside [-30, 120]
2026-09-11 06:58:03,162 INFO     faultline.data.telemetry.clean | channel generator_bearing_temp_c: 4 values outside [-30, 120]
2026-09-11 06:58:03,883 INFO     faultline.data.telemetry.clean | channel gearbox_bearing_temp_c: 1 values outside [-30, 120]
2026-09-11 06:58:07,151 INFO     faultline.data.telemetry.clean | channel wind_speed_ms: 63 values outside [0, 40]
2026-09-11 06:58:08,885 INFO     faultline.data.telemetry.clean | channel gearbox_bearing_temp_c: 3 values outside [-30, 120]
2026-09-11 06:58:09,461 INFO     faultline.data.telemetry.clean | channel generator_bearing_temp_c: 1 values outside [-30, 120]
2026-09-11 06:58:09,896 INFO     faultline.data.telemetry.clean | channel generator_bearing_temp_c: 1 values outside [-30, 120]
2026-09-11 06:58:09,980 INFO     faultline.data.telemetry.clean | channel generator_bearing_temp_c: 1 values outside [-30, 120]
2026-09-11 06:58:10,144 INFO     faultline.data.telemetry.clean | channel generator_bearing_temp_c: 1 values outside [-30, 120]
2026-09-11 06:58:10,252 INFO     faultline.data.telemetry.clean | channel generator_bearing_temp_c: 1 values outside [-30, 120]
2026-09-11 06:58:10,334 INFO     faultline.data.telemetry.clean | channel generator_bearing_temp_c: 1 values outside [-30, 120]
2026-09-11 06:58:10,433 INFO     faultline.data.telemetry.clean | channel generator_bearing_temp_c: 1 values outside [-30, 120]
2026-09-11 06:58:10,519 INFO     faultline.data.telemetry.clean | channel generator_bearing_temp_c: 1 values outside [-30, 120]
2026-09-11 06:58:10,573 INFO     faultline.data.telemetry.clean | channel generator_bearing_temp_c: 1 values outside [-30, 120]
2026-09-11 06:58:10,656 INFO     faultline.data.telemetry.clean | channel generator_bearing_temp_c: 1 values outside [-30, 120]
2026-09-11 06:58:12,106 INFO     faultline.data.telemetry.clean | channel generator_bearing_temp_c: 1 values outside [-30, 120]
2026-09-11 06:58:12,106 INFO     faultline.data.telemetry.clean | channel generator_winding_temp_c: 1 values outside [-30, 180]
2026-09-11 06:58:12,260 INFO     faultline.data.telemetry.clean | channel generator_bearing_temp_c: 1 values outside [-30, 120]
2026-09-11 06:58:12,260 INFO     faultline.data.telemetry.clean | channel generator_winding_temp_c: 1 values outside [-30, 180]
2026-09-11 06:58:12,421 INFO     faultline.data.telemetry.clean | channel generator_bearing_temp_c: 1 values outside [-30, 120]
2026-09-11 06:58:12,423 INFO     faultline.data.telemetry.clean | channel generator_winding_temp_c: 1 values outside [-30, 180]
2026-09-11 06:58:12,606 INFO     faultline.data.telemetry.clean | channel generator_bearing_temp_c: 1 values outside [-30, 120]
2026-09-11 06:58:12,606 INFO     faultline.data.telemetry.clean | channel generator_winding_temp_c: 1 values outside [-30, 180]
2026-09-11 06:58:12,775 INFO     faultline.data.telemetry.clean | channel generator_speed_rpm: 8 values outside [-10, 2500]
2026-09-11 06:58:12,855 INFO     faultline.data.telemetry.clean | channel generator_speed_rpm: 14 values outside [-10, 2500]
2026-09-11 06:58:12,966 INFO     faultline.data.telemetry.clean | channel generator_speed_rpm: 30 values outside [-10, 2500]
2026-09-11 06:58:13,130 INFO     faultline.data.telemetry.clean | channel generator_speed_rpm: 30 values outside [-10, 2500]
2026-09-11 06:58:13,345 INFO     faultline.data.telemetry.clean | channel generator_speed_rpm: 11 values outside [-10, 2500]
2026-09-11 06:58:13,437 INFO     faultline.data.telemetry.clean | channel generator_speed_rpm: 1 values outside [-10, 2500]
2026-09-11 06:58:13,515 INFO     faultline.data.telemetry.clean | channel generator_speed_rpm: 11 values outside [-10, 2500]
2026-09-11 06:58:13,668 INFO     faultline.data.telemetry.clean | channel generator_speed_rpm: 30 values outside [-10, 2500]
2026-09-11 06:58:13,832 INFO     faultline.data.telemetry.clean | channel generator_speed_rpm: 30 values outside [-10, 2500]
2026-09-11 06:58:13,914 INFO     faultline.data.telemetry.clean | channel generator_speed_rpm: 15 values outside [-10, 2500]
2026-09-11 06:58:13,992 INFO     faultline.data.telemetry.clean | channel wind_speed_ms: 1 values outside [0, 40]
2026-09-11 06:58:13,992 INFO     faultline.data.telemetry.clean | channel generator_speed_rpm: 2 values outside [-10, 2500]
2026-09-11 06:58:14,089 INFO     faultline.data.telemetry.clean | channel generator_speed_rpm: 15 values outside [-10, 2500]
2026-09-11 06:58:14,176 INFO     faultline.data.telemetry.clean | channel wind_speed_ms: 1 values outside [0, 40]
2026-09-11 06:58:14,176 INFO     faultline.data.telemetry.clean | channel generator_speed_rpm: 1 values outside [-10, 2500]
2026-09-11 06:58:14,273 INFO     faultline.data.telemetry.clean | channel generator_speed_rpm: 3 values outside [-10, 2500]
2026-09-11 06:58:14,362 INFO     faultline.data.telemetry.clean | channel generator_speed_rpm: 32 values outside [-10, 2500]
2026-09-11 06:58:14,449 INFO     faultline.data.telemetry.clean | channel generator_speed_rpm: 2 values outside [-10, 2500]
2026-09-11 06:58:14,449 INFO     faultline.data.telemetry.clean | channel ambient_temp_c: 2 values outside [-30, 50]
2026-09-11 06:58:14,449 INFO     faultline.data.telemetry.clean | channel gearbox_oil_temp_c: 6 values outside [-30, 100]
2026-09-11 06:58:14,454 INFO     faultline.data.telemetry.clean | channel main_bearing_temp_c: 229 values outside [-30, 100]
2026-09-11 06:58:14,526 INFO     faultline.data.telemetry.clean | channel wind_speed_ms: 1 values outside [0, 40]
2026-09-11 06:58:14,531 INFO     faultline.data.telemetry.clean | channel generator_speed_rpm: 6 values outside [-10, 2500]
2026-09-11 06:58:14,531 INFO     faultline.data.telemetry.clean | channel main_bearing_temp_c: 5 values outside [-30, 100]
2026-09-11 06:58:14,683 INFO     faultline.data.telemetry.clean | channel generator_speed_rpm: 4 values outside [-10, 2500]
2026-09-11 06:58:14,818 INFO     faultline.data.telemetry.clean | channel generator_speed_rpm: 4 values outside [-10, 2500]
2026-09-11 06:58:15,033 INFO     faultline.data.telemetry.clean | channel generator_speed_rpm: 9 values outside [-10, 2500]
2026-09-11 06:58:15,193 INFO     faultline.data.telemetry.clean | channel generator_speed_rpm: 9 values outside [-10, 2500]
2026-09-11 06:58:15,302 INFO     faultline.data.telemetry.clean | channel wind_speed_ms: 427 values outside [0, 40]
2026-09-11 06:58:15,302 INFO     faultline.data.telemetry.clean | channel rotor_speed_rpm: 10 values outside [-1, 25]
2026-09-11 06:58:15,302 INFO     faultline.data.telemetry.clean | channel pitch_angle_deg: 1 values outside [-5, 100]
2026-09-11 06:58:15,302 INFO     faultline.data.telemetry.clean | channel ambient_temp_c: 1 values outside [-30, 50]
2026-09-11 06:58:15,521 INFO     faultline.data.telemetry.clean | channel wind_speed_ms: 507 values outside [0, 40]
2026-09-11 06:58:15,521 INFO     faultline.data.telemetry.clean | channel rotor_speed_rpm: 10 values outside [-1, 25]
2026-09-11 06:58:15,521 INFO     faultline.data.telemetry.clean | channel pitch_angle_deg: 1 values outside [-5, 100]
2026-09-11 06:58:15,521 INFO     faultline.data.telemetry.clean | channel ambient_temp_c: 1 values outside [-30, 50]
2026-09-11 06:58:15,650 INFO     faultline.data.telemetry.clean | channel wind_speed_ms: 435 values outside [0, 40]
2026-09-11 06:58:15,652 INFO     faultline.data.telemetry.clean | channel rotor_speed_rpm: 10 values outside [-1, 25]
2026-09-11 06:58:15,652 INFO     faultline.data.telemetry.clean | channel pitch_angle_deg: 1 values outside [-5, 100]
2026-09-11 06:58:15,652 INFO     faultline.data.telemetry.clean | channel ambient_temp_c: 1 values outside [-30, 50]
2026-09-11 06:58:15,794 INFO     faultline.data.telemetry.clean | channel wind_speed_ms: 2 values outside [0, 40]
2026-09-11 06:58:15,798 INFO     faultline.data.telemetry.clean | channel pitch_angle_deg: 1 values outside [-5, 100]
2026-09-11 06:58:15,966 INFO     faultline.data.telemetry.clean | channel wind_speed_ms: 7 values outside [0, 40]
2026-09-11 06:58:15,966 INFO     faultline.data.telemetry.clean | channel rotor_speed_rpm: 1007 values outside [-1, 25]
2026-09-11 06:58:15,970 INFO     faultline.data.telemetry.clean | channel ambient_temp_c: 2 values outside [-30, 50]
2026-09-11 06:58:16,089 INFO     faultline.data.telemetry.clean | channel wind_speed_ms: 1 values outside [0, 40]
2026-09-11 06:58:16,092 INFO     faultline.data.telemetry.clean | channel generator_speed_rpm: 2 values outside [-10, 2500]
2026-09-11 06:58:16,159 INFO     faultline.data.telemetry.clean | channel generator_speed_rpm: 3 values outside [-10, 2500]
2026-09-11 06:58:16,159 INFO     faultline.data.telemetry.clean | channel pitch_angle_deg: 3 values outside [-5, 100]
2026-09-11 06:58:16,244 INFO     faultline.data.telemetry.clean | channel generator_speed_rpm: 4 values outside [-10, 2500]
2026-09-11 06:58:16,329 INFO     faultline.data.telemetry.clean | channel rotor_speed_rpm: 7 values outside [-1, 25]
2026-09-11 06:58:16,329 INFO     faultline.data.telemetry.clean | channel generator_speed_rpm: 5 values outside [-10, 2500]
2026-09-11 06:58:16,329 INFO     faultline.data.telemetry.clean | channel pitch_angle_deg: 7 values outside [-5, 100]
2026-09-11 06:58:16,332 INFO     faultline.data.telemetry.clean | channel ambient_temp_c: 2 values outside [-30, 50]
2026-09-11 06:58:16,335 INFO     faultline.data.telemetry.clean | channel gearbox_oil_temp_c: 6 values outside [-30, 100]
2026-09-11 06:58:16,449 INFO     faultline.data.telemetry.clean | channel pitch_angle_deg: 3 values outside [-5, 100]
2026-09-11 06:58:16,579 INFO     faultline.data.telemetry.clean | channel rotor_speed_rpm: 5 values outside [-1, 25]
2026-09-11 06:58:16,583 INFO     faultline.data.telemetry.clean | channel generator_winding_temp_c: 2 values outside [-30, 180]
2026-09-11 06:58:16,716 INFO     faultline.data.telemetry.clean | channel wind_speed_ms: 1 values outside [0, 40]
2026-09-11 06:58:16,723 INFO     faultline.data.telemetry.clean | channel rotor_speed_rpm: 17 values outside [-1, 25]
2026-09-11 06:58:16,723 INFO     faultline.data.telemetry.clean | channel ambient_temp_c: 1 values outside [-30, 50]
2026-09-11 06:58:16,723 INFO     faultline.data.telemetry.clean | channel gearbox_oil_temp_c: 4 values outside [-30, 100]
2026-09-11 06:58:16,784 INFO     faultline.data.telemetry.clean | channel pitch_angle_deg: 3 values outside [-5, 100]
2026-09-11 06:58:16,953 INFO     faultline.data.telemetry.clean | channel pitch_angle_deg: 7 values outside [-5, 100]
2026-09-11 06:58:17,081 INFO     faultline.data.telemetry.clean | channel wind_speed_ms: 1 values outside [0, 40]
2026-09-11 06:58:17,081 INFO     faultline.data.telemetry.clean | channel rotor_speed_rpm: 276 values outside [-1, 25]
2026-09-11 06:58:17,086 INFO     faultline.data.telemetry.clean | channel generator_speed_rpm: 3 values outside [-10, 2500]
2026-09-11 06:58:17,089 INFO     faultline.data.telemetry.clean | channel ambient_temp_c: 1 values outside [-30, 50]
2026-09-11 06:58:17,279 INFO     faultline.data.telemetry.clean | channel wind_speed_ms: 1 values outside [0, 40]
2026-09-11 06:58:17,279 INFO     faultline.data.telemetry.clean | channel rotor_speed_rpm: 276 values outside [-1, 25]
2026-09-11 06:58:17,279 INFO     faultline.data.telemetry.clean | channel generator_speed_rpm: 3 values outside [-10, 2500]
2026-09-11 06:58:17,285 INFO     faultline.data.telemetry.clean | channel ambient_temp_c: 1 values outside [-30, 50]
2026-09-11 06:58:17,425 INFO     faultline.data.telemetry.clean | channel pitch_angle_deg: 1 values outside [-5, 100]
2026-09-11 06:58:17,514 INFO     faultline.data.telemetry.clean | channel wind_speed_ms: 1 values outside [0, 40]
2026-09-11 06:58:17,616 INFO     faultline.data.telemetry.clean | channel pitch_angle_deg: 9 values outside [-5, 100]
2026-09-11 06:58:17,632 INFO     faultline.data.telemetry.clean | channel ambient_temp_c: 45 values outside [-30, 50]
2026-09-11 06:58:17,792 INFO     faultline.data.telemetry.clean | channel pitch_angle_deg: 9 values outside [-5, 100]
2026-09-11 06:58:17,792 INFO     faultline.data.telemetry.clean | channel ambient_temp_c: 45 values outside [-30, 50]
2026-09-11 06:58:17,970 INFO     faultline.data.telemetry.clean | channel wind_speed_ms: 10 values outside [0, 40]
2026-09-11 06:58:17,970 INFO     faultline.data.telemetry.clean | channel rotor_speed_rpm: 373 values outside [-1, 25]
2026-09-11 06:58:17,970 INFO     faultline.data.telemetry.clean | channel generator_speed_rpm: 3 values outside [-10, 2500]
2026-09-11 06:58:17,970 INFO     faultline.data.telemetry.clean | channel pitch_angle_deg: 7 values outside [-5, 100]
2026-09-11 06:58:17,975 INFO     faultline.data.telemetry.clean | channel ambient_temp_c: 1 values outside [-30, 50]
2026-09-11 06:58:18,129 INFO     faultline.data.telemetry.clean | channel wind_speed_ms: 10 values outside [0, 40]
2026-09-11 06:58:18,129 INFO     faultline.data.telemetry.clean | channel rotor_speed_rpm: 373 values outside [-1, 25]
2026-09-11 06:58:18,130 INFO     faultline.data.telemetry.clean | channel generator_speed_rpm: 3 values outside [-10, 2500]
2026-09-11 06:58:18,130 INFO     faultline.data.telemetry.clean | channel pitch_angle_deg: 14 values outside [-5, 100]
2026-09-11 06:58:18,130 INFO     faultline.data.telemetry.clean | channel ambient_temp_c: 1 values outside [-30, 50]
2026-09-11 06:58:18,238 INFO     faultline.data.telemetry.clean | channel wind_speed_ms: 2 values outside [0, 40]
2026-09-11 06:58:18,238 INFO     faultline.data.telemetry.clean | channel rotor_speed_rpm: 9 values outside [-1, 25]
2026-09-11 06:58:18,238 INFO     faultline.data.telemetry.clean | channel pitch_angle_deg: 1 values outside [-5, 100]
2026-09-11 06:58:18,246 INFO     faultline.data.telemetry.clean | channel ambient_temp_c: 1 values outside [-30, 50]
2026-09-11 06:58:18,325 INFO     faultline.data.telemetry.clean | channel wind_speed_ms: 1 values outside [0, 40]
2026-09-11 06:58:18,338 INFO     faultline.data.telemetry.clean | channel ambient_temp_c: 1 values outside [-30, 50]
2026-09-11 06:58:18,412 INFO     faultline.data.telemetry.clean | channel wind_speed_ms: 2 values outside [0, 40]
2026-09-11 06:58:18,421 INFO     faultline.data.telemetry.clean | channel rotor_speed_rpm: 9 values outside [-1, 25]
2026-09-11 06:58:18,421 INFO     faultline.data.telemetry.clean | channel pitch_angle_deg: 1 values outside [-5, 100]
2026-09-11 06:58:18,421 INFO     faultline.data.telemetry.clean | channel ambient_temp_c: 1 values outside [-30, 50]
2026-09-11 06:58:18,500 INFO     faultline.data.telemetry.clean | channel wind_speed_ms: 1 values outside [0, 40]
2026-09-11 06:58:18,507 INFO     faultline.data.telemetry.clean | channel ambient_temp_c: 1 values outside [-30, 50]
2026-09-11 06:58:18,586 INFO     faultline.data.telemetry.clean | channel wind_speed_ms: 2 values outside [0, 40]
2026-09-11 06:58:18,586 INFO     faultline.data.telemetry.clean | channel rotor_speed_rpm: 714 values outside [-1, 25]
2026-09-11 06:58:18,586 INFO     faultline.data.telemetry.clean | channel ambient_temp_c: 2 values outside [-30, 50]
2026-09-11 06:58:18,746 INFO     faultline.data.telemetry.clean | channel wind_speed_ms: 2 values outside [0, 40]
2026-09-11 06:58:18,746 INFO     faultline.data.telemetry.clean | channel rotor_speed_rpm: 714 values outside [-1, 25]
2026-09-11 06:58:18,746 INFO     faultline.data.telemetry.clean | channel ambient_temp_c: 2 values outside [-30, 50]
2026-09-11 06:58:18,898 INFO     faultline.data.telemetry.clean | channel generator_speed_rpm: 1 values outside [-10, 2500]
2026-09-11 06:58:18,975 INFO     faultline.data.telemetry.clean | channel generator_speed_rpm: 10 values outside [-10, 2500]
2026-09-11 06:58:19,055 INFO     faultline.data.telemetry.clean | channel generator_speed_rpm: 7 values outside [-10, 2500]
2026-09-11 06:58:19,136 INFO     faultline.data.telemetry.clean | channel generator_speed_rpm: 17 values outside [-10, 2500]
2026-09-11 06:58:19,136 INFO     faultline.data.telemetry.clean | channel pitch_angle_deg: 7 values outside [-5, 100]
2026-09-11 06:58:19,213 INFO     faultline.data.telemetry.clean | channel generator_speed_rpm: 6 values outside [-10, 2500]
2026-09-11 06:58:19,213 INFO     faultline.data.telemetry.clean | channel pitch_angle_deg: 2 values outside [-5, 100]
2026-09-11 06:58:19,301 INFO     faultline.data.telemetry.clean | channel generator_speed_rpm: 10 values outside [-10, 2500]
2026-09-11 06:58:19,387 INFO     faultline.data.telemetry.clean | channel generator_speed_rpm: 8 values outside [-10, 2500]
2026-09-11 06:58:19,473 INFO     faultline.data.telemetry.clean | channel generator_speed_rpm: 8 values outside [-10, 2500]
2026-09-11 06:58:19,473 INFO     faultline.data.telemetry.clean | channel pitch_angle_deg: 4 values outside [-5, 100]
2026-09-11 06:58:19,562 INFO     faultline.data.telemetry.clean | channel pitch_angle_deg: 1 values outside [-5, 100]
2026-09-11 06:58:19,704 INFO     faultline.data.telemetry.clean | channel pitch_angle_deg: 1 values outside [-5, 100]
2026-09-11 06:58:20,004 INFO     faultline.data.telemetry.clean | channel pitch_angle_deg: 1 values outside [-5, 100]
2026-09-11 06:58:20,198 INFO     faultline.data.telemetry.clean | channel generator_speed_rpm: 1 values outside [-10, 2500]
2026-09-11 06:58:20,362 INFO     faultline.data.telemetry.clean | channel generator_speed_rpm: 1 values outside [-10, 2500]
2026-09-11 06:58:20,516 INFO     faultline.data.telemetry.clean | channel pitch_angle_deg: 5 values outside [-5, 100]
2026-09-11 06:58:20,708 INFO     faultline.data.telemetry.clean | channel pitch_angle_deg: 5 values outside [-5, 100]
2026-09-11 06:58:20,884 INFO     faultline.data.telemetry.clean | channel wind_speed_ms: 2 values outside [0, 40]
2026-09-11 06:58:20,884 INFO     faultline.data.telemetry.clean | channel pitch_angle_deg: 2 values outside [-5, 100]
2026-09-11 06:58:20,890 INFO     faultline.data.telemetry.clean | channel gearbox_oil_temp_c: 3 values outside [-30, 100]
2026-09-11 06:58:21,040 INFO     faultline.data.telemetry.clean | channel wind_speed_ms: 2 values outside [0, 40]
2026-09-11 06:58:21,049 INFO     faultline.data.telemetry.clean | channel pitch_angle_deg: 2 values outside [-5, 100]
2026-09-11 06:58:21,049 INFO     faultline.data.telemetry.clean | channel gearbox_oil_temp_c: 1 values outside [-30, 100]
2026-09-11 06:58:21,134 INFO     faultline.data.telemetry.clean | channel rotor_speed_rpm: 19 values outside [-1, 25]
2026-09-11 06:58:21,139 INFO     faultline.data.telemetry.clean | channel generator_winding_temp_c: 2 values outside [-30, 180]
2026-09-11 06:58:21,220 INFO     faultline.data.telemetry.clean | channel wind_speed_ms: 2 values outside [0, 40]
2026-09-11 06:58:21,353 INFO     faultline.data.telemetry.clean | channel wind_speed_ms: 2 values outside [0, 40]
2026-09-11 06:58:21,363 INFO     faultline.data.telemetry.clean | channel pitch_angle_deg: 2 values outside [-5, 100]
2026-09-11 06:58:21,517 INFO     faultline.data.telemetry.clean | channel pitch_angle_deg: 5 values outside [-5, 100]
2026-09-11 06:58:21,616 INFO     faultline.data.telemetry.clean | channel generator_winding_temp_c: 2 values outside [-30, 180]
2026-09-11 06:58:21,771 INFO     faultline.data.telemetry.clean | channel rotor_speed_rpm: 2 values outside [-1, 25]
2026-09-11 06:58:21,771 INFO     faultline.data.telemetry.clean | channel generator_speed_rpm: 1 values outside [-10, 2500]
2026-09-11 06:58:21,837 INFO     faultline.data.telemetry.clean | channel generator_speed_rpm: 1 values outside [-10, 2500]
2026-09-11 06:58:21,839 INFO     faultline.data.telemetry.clean | channel pitch_angle_deg: 5 values outside [-5, 100]
2026-09-11 06:58:21,919 INFO     faultline.data.telemetry.clean | channel rotor_speed_rpm: 2 values outside [-1, 25]
2026-09-11 06:58:21,919 INFO     faultline.data.telemetry.clean | channel generator_speed_rpm: 1 values outside [-10, 2500]
2026-09-11 06:58:21,997 INFO     faultline.data.telemetry.clean | channel generator_speed_rpm: 1 values outside [-10, 2500]
2026-09-11 06:58:21,997 INFO     faultline.data.telemetry.clean | channel pitch_angle_deg: 5 values outside [-5, 100]
2026-09-11 06:58:22,082 INFO     faultline.data.telemetry.clean | channel wind_speed_ms: 3 values outside [0, 40]
2026-09-11 06:58:22,085 INFO     faultline.data.telemetry.clean | channel rotor_speed_rpm: 892 values outside [-1, 25]
2026-09-11 06:58:22,085 INFO     faultline.data.telemetry.clean | channel generator_speed_rpm: 1 values outside [-10, 2500]
2026-09-11 06:58:22,156 INFO     faultline.data.telemetry.clean | channel generator_speed_rpm: 1 values outside [-10, 2500]
2026-09-11 06:58:22,156 INFO     faultline.data.telemetry.clean | channel pitch_angle_deg: 1 values outside [-5, 100]
2026-09-11 06:58:22,225 INFO     faultline.data.telemetry.clean | channel generator_speed_rpm: 1 values outside [-10, 2500]
2026-09-11 06:58:22,291 INFO     faultline.data.telemetry.clean | channel generator_speed_rpm: 1 values outside [-10, 2500]
2026-09-11 06:58:22,291 INFO     faultline.data.telemetry.clean | channel pitch_angle_deg: 32 values outside [-5, 100]
2026-09-11 06:58:22,378 INFO     faultline.data.telemetry.clean | channel wind_speed_ms: 3 values outside [0, 40]
2026-09-11 06:58:22,378 INFO     faultline.data.telemetry.clean | channel generator_speed_rpm: 1 values outside [-10, 2500]
2026-09-11 06:58:22,455 INFO     faultline.data.telemetry.clean | channel generator_speed_rpm: 1 values outside [-10, 2500]
2026-09-11 06:58:22,455 INFO     faultline.data.telemetry.clean | channel pitch_angle_deg: 32 values outside [-5, 100]
2026-09-11 06:58:22,547 INFO     faultline.data.telemetry.clean | channel wind_speed_ms: 3 values outside [0, 40]
2026-09-11 06:58:22,547 INFO     faultline.data.telemetry.clean | channel rotor_speed_rpm: 17422 values outside [-1, 25]
2026-09-11 06:58:22,547 INFO     faultline.data.telemetry.clean | channel generator_speed_rpm: 1 values outside [-10, 2500]
2026-09-11 06:58:22,552 INFO     faultline.data.telemetry.clean | channel generator_winding_temp_c: 2 values outside [-30, 180]
2026-09-11 06:58:22,741 INFO     faultline.data.telemetry.clean | channel wind_speed_ms: 3 values outside [0, 40]
2026-09-11 06:58:22,741 INFO     faultline.data.telemetry.clean | channel rotor_speed_rpm: 112 values outside [-1, 25]
2026-09-11 06:58:22,741 INFO     faultline.data.telemetry.clean | channel ambient_temp_c: 5 values outside [-30, 50]
2026-09-11 06:58:22,862 INFO     faultline.data.telemetry.clean | channel wind_speed_ms: 1 values outside [0, 40]
2026-09-11 06:58:22,933 INFO     faultline.data.telemetry.clean | channel wind_speed_ms: 2 values outside [0, 40]
2026-09-11 06:58:22,933 INFO     faultline.data.telemetry.clean | channel rotor_speed_rpm: 106 values outside [-1, 25]
2026-09-11 06:58:22,944 INFO     faultline.data.telemetry.clean | channel ambient_temp_c: 4 values outside [-30, 50]
2026-09-11 06:58:23,030 INFO     faultline.data.telemetry.clean | channel wind_speed_ms: 1 values outside [0, 40]
2026-09-11 06:58:23,031 INFO     faultline.data.telemetry.clean | channel pitch_angle_deg: 1 values outside [-5, 100]
2026-09-11 06:58:23,132 INFO     faultline.data.telemetry.clean | channel wind_speed_ms: 2 values outside [0, 40]
2026-09-11 06:58:23,132 INFO     faultline.data.telemetry.clean | channel rotor_speed_rpm: 106 values outside [-1, 25]
2026-09-11 06:58:23,132 INFO     faultline.data.telemetry.clean | channel ambient_temp_c: 4 values outside [-30, 50]
2026-09-11 06:58:23,207 INFO     faultline.data.telemetry.clean | channel wind_speed_ms: 1 values outside [0, 40]
2026-09-11 06:58:23,285 INFO     faultline.data.telemetry.clean | channel wind_speed_ms: 2 values outside [0, 40]
2026-09-11 06:58:23,286 INFO     faultline.data.telemetry.clean | channel rotor_speed_rpm: 106 values outside [-1, 25]
2026-09-11 06:58:23,286 INFO     faultline.data.telemetry.clean | channel ambient_temp_c: 4 values outside [-30, 50]
2026-09-11 06:58:23,392 INFO     faultline.data.telemetry.clean | channel wind_speed_ms: 1 values outside [0, 40]
2026-09-11 06:58:23,392 INFO     faultline.data.telemetry.clean | channel pitch_angle_deg: 1 values outside [-5, 100]
2026-09-11 06:58:23,555 INFO     faultline.data.telemetry.clean | channel wind_speed_ms: 3 values outside [0, 40]
2026-09-11 06:58:23,561 INFO     faultline.data.telemetry.clean | channel rotor_speed_rpm: 112 values outside [-1, 25]
2026-09-11 06:58:23,562 INFO     faultline.data.telemetry.clean | channel ambient_temp_c: 5 values outside [-30, 50]
2026-09-11 06:58:23,937 INFO     faultline.data.telemetry.clean | channel pitch_angle_deg: 8 values outside [-5, 100]
2026-09-11 06:58:24,127 INFO     faultline.data.telemetry.clean | channel pitch_angle_deg: 8 values outside [-5, 100]
2026-09-11 06:58:24,276 INFO     faultline.data.telemetry.clean | channel pitch_angle_deg: 4 values outside [-5, 100]
2026-09-11 06:58:24,422 INFO     faultline.data.telemetry.clean | channel pitch_angle_deg: 9 values outside [-5, 100]
2026-09-11 06:58:24,522 INFO     faultline.data.telemetry.clean | channel wind_speed_ms: 2 values outside [0, 40]
2026-09-11 06:58:24,522 INFO     faultline.data.telemetry.clean | channel rotor_speed_rpm: 6 values outside [-1, 25]
2026-09-11 06:58:24,522 INFO     faultline.data.telemetry.clean | channel pitch_angle_deg: 1 values outside [-5, 100]
2026-09-11 06:58:24,522 INFO     faultline.data.telemetry.clean | channel ambient_temp_c: 2 values outside [-30, 50]
2026-09-11 06:58:24,642 INFO     faultline.runs | wrote clean_stats_report.md
2026-09-11 06:58:24,706 INFO     faultline.runs | run 20260910-215742_clean_telemetry_ded0f249 ok in 42.52s -> C:\Users\sharg\Desktop\github\FaultLine\reports\data\20260910-215742_clean_telemetry_ded0f249
