2026-09-11 06:50:15,886 INFO     faultline.runs | run 20260910-215015_filter_telemetry_ded0f249 started (config hash ded0f249)
2026-09-11 06:50:15,932 INFO     faultline.data.telemetry.filter | dropping 1 channels below coverage threshold: ['gearbox_bearing_temp_c']
2026-09-11 06:50:16,001 INFO     faultline.data.telemetry.filter | dropping 1 channels below coverage threshold: ['gearbox_bearing_temp_c']
2026-09-11 06:50:16,075 INFO     faultline.data.telemetry.filter | dropping 1 channels below coverage threshold: ['gearbox_bearing_temp_c']
2026-09-11 06:50:16,154 INFO     faultline.data.telemetry.filter | dropping 1 channels below coverage threshold: ['gearbox_bearing_temp_c']
2026-09-11 06:50:16,252 INFO     faultline.data.telemetry.filter | dropping 1 channels below coverage threshold: ['gearbox_bearing_temp_c']
2026-09-11 06:50:16,346 INFO     faultline.data.telemetry.filter | dropping 1 channels below coverage threshold: ['gearbox_bearing_temp_c']
2026-09-11 06:50:16,434 INFO     faultline.data.telemetry.filter | dropping 1 channels below coverage threshold: ['gearbox_bearing_temp_c']
2026-09-11 06:50:16,517 INFO     faultline.data.telemetry.filter | dropping 1 channels below coverage threshold: ['gearbox_bearing_temp_c']
2026-09-11 06:50:16,609 INFO     faultline.data.telemetry.filter | dropping 1 channels below coverage threshold: ['gearbox_bearing_temp_c']
2026-09-11 06:50:16,695 INFO     faultline.data.telemetry.filter | dropping 1 channels below coverage threshold: ['gearbox_bearing_temp_c']
2026-09-11 06:50:16,754 INFO     faultline.data.telemetry.filter | dropping 1 channels below coverage threshold: ['gearbox_bearing_temp_c']
2026-09-11 06:50:16,843 INFO     faultline.data.telemetry.filter | dropping 1 channels below coverage threshold: ['gearbox_bearing_temp_c']
2026-09-11 06:50:16,919 INFO     faultline.data.telemetry.filter | dropping 1 channels below coverage threshold: ['gearbox_bearing_temp_c']
2026-09-11 06:50:17,010 INFO     faultline.data.telemetry.filter | dropping 1 channels below coverage threshold: ['gearbox_bearing_temp_c']
2026-09-11 06:50:17,086 INFO     faultline.data.telemetry.filter | dropping 1 channels below coverage threshold: ['gearbox_bearing_temp_c']
2026-09-11 06:50:17,181 INFO     faultline.data.telemetry.filter | dropping 1 channels below coverage threshold: ['gearbox_bearing_temp_c']
2026-09-11 06:50:17,278 INFO     faultline.data.telemetry.filter | dropping 1 channels below coverage threshold: ['gearbox_bearing_temp_c']
2026-09-11 06:50:17,356 INFO     faultline.data.telemetry.filter | dropping 1 channels below coverage threshold: ['gearbox_bearing_temp_c']
2026-09-11 06:50:17,451 INFO     faultline.data.telemetry.filter | dropping 1 channels below coverage threshold: ['gearbox_bearing_temp_c']
2026-09-11 06:50:17,520 INFO     faultline.data.telemetry.filter | dropping 1 channels below coverage threshold: ['gearbox_bearing_temp_c']
2026-09-11 06:50:17,600 INFO     faultline.data.telemetry.filter | dropping 1 channels below coverage threshold: ['gearbox_bearing_temp_c']
2026-09-11 06:50:17,673 INFO     faultline.data.telemetry.filter | dropping 1 channels below coverage threshold: ['gearbox_bearing_temp_c']
2026-09-11 06:50:17,752 INFO     faultline.data.telemetry.filter | dropping 1 channels below coverage threshold: ['gearbox_bearing_temp_c']
2026-09-11 06:50:17,849 INFO     faultline.data.telemetry.filter | dropping 1 channels below coverage threshold: ['gearbox_bearing_temp_c']
2026-09-11 06:50:17,939 INFO     faultline.data.telemetry.filter | dropping 1 channels below coverage threshold: ['gearbox_bearing_temp_c']
2026-09-11 06:50:18,026 INFO     faultline.data.telemetry.filter | dropping 1 channels below coverage threshold: ['gearbox_bearing_temp_c']
2026-09-11 06:50:18,117 INFO     faultline.data.telemetry.filter | dropping 1 channels below coverage threshold: ['gearbox_bearing_temp_c']
2026-09-11 06:50:18,207 INFO     faultline.data.telemetry.filter | dropping 1 channels below coverage threshold: ['gearbox_bearing_temp_c']
2026-09-11 06:50:18,273 INFO     faultline.data.telemetry.filter | dropping 1 channels below coverage threshold: ['gearbox_bearing_temp_c']
2026-09-11 06:50:18,390 INFO     faultline.data.telemetry.filter | dropping 1 channels below coverage threshold: ['gearbox_bearing_temp_c']
2026-09-11 06:50:18,497 INFO     faultline.data.telemetry.filter | dropping 1 channels below coverage threshold: ['gearbox_bearing_temp_c']
2026-09-11 06:50:18,620 INFO     faultline.data.telemetry.filter | dropping 1 channels below coverage threshold: ['gearbox_bearing_temp_c']
2026-09-11 06:50:18,748 INFO     faultline.data.telemetry.filter | dropping 1 channels below coverage threshold: ['gearbox_bearing_temp_c']
2026-09-11 06:50:18,863 INFO     faultline.data.telemetry.filter | dropping 1 channels below coverage threshold: ['gearbox_bearing_temp_c']
2026-09-11 06:50:18,994 INFO     faultline.data.telemetry.filter | dropping 1 channels below coverage threshold: ['gearbox_bearing_temp_c']
2026-09-11 06:50:19,110 INFO     faultline.data.telemetry.filter | dropping 1 channels below coverage threshold: ['gearbox_bearing_temp_c']
2026-09-11 06:50:19,240 INFO     faultline.data.telemetry.filter | dropping 1 channels below coverage threshold: ['gearbox_bearing_temp_c']
2026-09-11 06:50:19,338 INFO     faultline.data.telemetry.filter | dropping 1 channels below coverage threshold: ['gearbox_bearing_temp_c']
2026-09-11 06:50:19,444 INFO     faultline.data.telemetry.filter | dropping 1 channels below coverage threshold: ['gearbox_bearing_temp_c']
2026-09-11 06:50:19,548 INFO     faultline.data.telemetry.filter | dropping 1 channels below coverage threshold: ['gearbox_bearing_temp_c']
2026-09-11 06:50:19,671 INFO     faultline.data.telemetry.filter | dropping 1 channels below coverage threshold: ['gearbox_bearing_temp_c']
2026-09-11 06:50:19,793 INFO     faultline.data.telemetry.filter | dropping 1 channels below coverage threshold: ['gearbox_bearing_temp_c']
2026-09-11 06:50:19,916 INFO     faultline.data.telemetry.filter | dropping 1 channels below coverage threshold: ['gearbox_bearing_temp_c']
2026-09-11 06:50:20,048 INFO     faultline.data.telemetry.filter | dropping 1 channels below coverage threshold: ['gearbox_bearing_temp_c']
2026-09-11 06:50:20,166 INFO     faultline.data.telemetry.filter | dropping 1 channels below coverage threshold: ['gearbox_bearing_temp_c']
2026-09-11 06:50:20,298 INFO     faultline.data.telemetry.filter | dropping 1 channels below coverage threshold: ['gearbox_bearing_temp_c']
2026-09-11 06:50:20,406 INFO     faultline.data.telemetry.filter | dropping 1 channels below coverage threshold: ['gearbox_bearing_temp_c']
2026-09-11 06:50:20,529 INFO     faultline.data.telemetry.filter | dropping 1 channels below coverage threshold: ['gearbox_bearing_temp_c']
2026-09-11 06:50:20,641 INFO     faultline.data.telemetry.filter | dropping 1 channels below coverage threshold: ['gearbox_bearing_temp_c']
2026-09-11 06:50:20,770 INFO     faultline.data.telemetry.filter | dropping 1 channels below coverage threshold: ['gearbox_bearing_temp_c']
2026-09-11 06:50:20,904 INFO     faultline.data.telemetry.filter | dropping 1 channels below coverage threshold: ['gearbox_bearing_temp_c']
2026-09-11 06:50:21,035 INFO     faultline.data.telemetry.filter | dropping 1 channels below coverage threshold: ['gearbox_bearing_temp_c']
2026-09-11 06:50:21,162 INFO     faultline.data.telemetry.filter | dropping 1 channels below coverage threshold: ['gearbox_bearing_temp_c']
2026-09-11 06:50:21,329 INFO     faultline.data.telemetry.filter | dropping 1 channels below coverage threshold: ['gearbox_bearing_temp_c']
2026-09-11 06:50:21,474 INFO     faultline.data.telemetry.filter | dropping 3 channels below coverage threshold: ['pitch_angle_deg', 'gearbox_bearing_temp_c', 'gearbox_oil_temp_c']
2026-09-11 06:50:21,539 INFO     faultline.data.telemetry.filter | dropping 3 channels below coverage threshold: ['pitch_angle_deg', 'gearbox_bearing_temp_c', 'gearbox_oil_temp_c']
2026-09-11 06:50:21,633 INFO     faultline.data.telemetry.filter | dropping 1 channels below coverage threshold: ['gearbox_bearing_temp_c']
2026-09-11 06:50:21,741 INFO     faultline.data.telemetry.filter | dropping 1 channels below coverage threshold: ['gearbox_bearing_temp_c']
2026-09-11 06:50:21,869 INFO     faultline.data.telemetry.filter | dropping 1 channels below coverage threshold: ['gearbox_bearing_temp_c']
2026-09-11 06:50:21,999 INFO     faultline.data.telemetry.filter | dropping 1 channels below coverage threshold: ['gearbox_bearing_temp_c']
2026-09-11 06:50:22,142 INFO     faultline.data.telemetry.filter | dropping 1 channels below coverage threshold: ['gearbox_bearing_temp_c']
2026-09-11 06:50:22,267 INFO     faultline.data.telemetry.filter | dropping 3 channels below coverage threshold: ['pitch_angle_deg', 'gearbox_bearing_temp_c', 'gearbox_oil_temp_c']
2026-09-11 06:50:22,334 INFO     faultline.data.telemetry.filter | dropping 3 channels below coverage threshold: ['pitch_angle_deg', 'gearbox_bearing_temp_c', 'gearbox_oil_temp_c']
2026-09-11 06:50:22,427 INFO     faultline.data.telemetry.filter | dropping 1 channels below coverage threshold: ['gearbox_bearing_temp_c']
2026-09-11 06:50:22,534 INFO     faultline.data.telemetry.filter | dropping 1 channels below coverage threshold: ['gearbox_bearing_temp_c']
2026-09-11 06:50:22,671 INFO     faultline.data.telemetry.filter | dropping 1 channels below coverage threshold: ['gearbox_bearing_temp_c']
2026-09-11 06:50:22,809 INFO     faultline.data.telemetry.filter | dropping 1 channels below coverage threshold: ['gearbox_bearing_temp_c']
2026-09-11 06:50:22,949 INFO     faultline.data.telemetry.filter | dropping 1 channels below coverage threshold: ['gearbox_bearing_temp_c']
2026-09-11 06:50:23,089 INFO     faultline.data.telemetry.filter | dropping 3 channels below coverage threshold: ['pitch_angle_deg', 'gearbox_bearing_temp_c', 'gearbox_oil_temp_c']
2026-09-11 06:50:23,154 INFO     faultline.data.telemetry.filter | dropping 3 channels below coverage threshold: ['pitch_angle_deg', 'gearbox_bearing_temp_c', 'gearbox_oil_temp_c']
2026-09-11 06:50:23,250 INFO     faultline.data.telemetry.filter | dropping 1 channels below coverage threshold: ['gearbox_bearing_temp_c']
2026-09-11 06:50:23,373 INFO     faultline.data.telemetry.filter | dropping 1 channels below coverage threshold: ['gearbox_bearing_temp_c']
2026-09-11 06:50:23,501 INFO     faultline.data.telemetry.filter | dropping 1 channels below coverage threshold: ['gearbox_bearing_temp_c']
2026-09-11 06:50:23,666 INFO     faultline.data.telemetry.filter | dropping 1 channels below coverage threshold: ['gearbox_bearing_temp_c']
2026-09-11 06:50:23,801 INFO     faultline.data.telemetry.filter | dropping 1 channels below coverage threshold: ['gearbox_bearing_temp_c']
2026-09-11 06:50:23,915 INFO     faultline.data.telemetry.filter | dropping 3 channels below coverage threshold: ['pitch_angle_deg', 'gearbox_bearing_temp_c', 'gearbox_oil_temp_c']
2026-09-11 06:50:23,977 INFO     faultline.data.telemetry.filter | dropping 3 channels below coverage threshold: ['pitch_angle_deg', 'gearbox_bearing_temp_c', 'gearbox_oil_temp_c']
2026-09-11 06:50:24,077 INFO     faultline.data.telemetry.filter | dropping 1 channels below coverage threshold: ['gearbox_bearing_temp_c']
2026-09-11 06:50:24,195 INFO     faultline.data.telemetry.filter | dropping 1 channels below coverage threshold: ['gearbox_bearing_temp_c']
2026-09-11 06:50:24,344 INFO     faultline.data.telemetry.filter | dropping 1 channels below coverage threshold: ['gearbox_bearing_temp_c']
2026-09-11 06:50:24,483 INFO     faultline.data.telemetry.filter | dropping 1 channels below coverage threshold: ['gearbox_bearing_temp_c']
2026-09-11 06:50:24,649 INFO     faultline.data.telemetry.filter | dropping 1 channels below coverage threshold: ['gearbox_bearing_temp_c']
2026-09-11 06:50:24,781 INFO     faultline.data.telemetry.filter | dropping 3 channels below coverage threshold: ['pitch_angle_deg', 'gearbox_bearing_temp_c', 'gearbox_oil_temp_c']
2026-09-11 06:50:24,848 INFO     faultline.data.telemetry.filter | dropping 3 channels below coverage threshold: ['pitch_angle_deg', 'gearbox_bearing_temp_c', 'gearbox_oil_temp_c']
2026-09-11 06:50:24,944 INFO     faultline.data.telemetry.filter | dropping 1 channels below coverage threshold: ['gearbox_bearing_temp_c']
2026-09-11 06:50:25,063 INFO     faultline.data.telemetry.filter | dropping 1 channels below coverage threshold: ['gearbox_bearing_temp_c']
2026-09-11 06:50:25,195 INFO     faultline.data.telemetry.filter | dropping 1 channels below coverage threshold: ['gearbox_bearing_temp_c']
2026-09-11 06:50:25,321 INFO     faultline.data.telemetry.filter | dropping 1 channels below coverage threshold: ['gearbox_bearing_temp_c']
2026-09-11 06:50:25,468 INFO     faultline.data.telemetry.filter | dropping 1 channels below coverage threshold: ['gearbox_bearing_temp_c']
2026-09-11 06:50:25,601 INFO     faultline.data.telemetry.filter | dropping 3 channels below coverage threshold: ['pitch_angle_deg', 'gearbox_bearing_temp_c', 'gearbox_oil_temp_c']
2026-09-11 06:50:25,666 INFO     faultline.data.telemetry.filter | dropping 3 channels below coverage threshold: ['pitch_angle_deg', 'gearbox_bearing_temp_c', 'gearbox_oil_temp_c']
2026-09-11 06:50:25,748 INFO     faultline.data.telemetry.filter | dropping 1 channels below coverage threshold: ['gearbox_bearing_temp_c']
2026-09-11 06:50:25,869 INFO     faultline.data.telemetry.filter | dropping 1 channels below coverage threshold: ['gearbox_bearing_temp_c']
2026-09-11 06:50:25,995 INFO     faultline.data.telemetry.filter | dropping 1 channels below coverage threshold: ['gearbox_bearing_temp_c']
2026-09-11 06:50:26,122 INFO     faultline.data.telemetry.filter | dropping 1 channels below coverage threshold: ['gearbox_bearing_temp_c']
2026-09-11 06:50:26,255 INFO     faultline.data.telemetry.filter | dropping 1 channels below coverage threshold: ['gearbox_bearing_temp_c']
2026-09-11 06:50:26,381 INFO     faultline.data.telemetry.filter | dropping 3 channels below coverage threshold: ['pitch_angle_deg', 'gearbox_bearing_temp_c', 'gearbox_oil_temp_c']
2026-09-11 06:50:26,426 INFO     faultline.data.telemetry.filter | dropping 3 channels below coverage threshold: ['pitch_angle_deg', 'gearbox_bearing_temp_c', 'gearbox_oil_temp_c']
2026-09-11 06:50:26,519 INFO     faultline.data.telemetry.filter | dropping 1 channels below coverage threshold: ['gearbox_bearing_temp_c']
2026-09-11 06:50:26,635 INFO     faultline.data.telemetry.filter | dropping 1 channels below coverage threshold: ['gearbox_bearing_temp_c']
2026-09-11 06:50:26,761 INFO     faultline.data.telemetry.filter | dropping 1 channels below coverage threshold: ['gearbox_bearing_temp_c']
2026-09-11 06:50:26,902 INFO     faultline.data.telemetry.filter | dropping 1 channels below coverage threshold: ['gearbox_bearing_temp_c']
2026-09-11 06:50:27,029 INFO     faultline.data.telemetry.filter | dropping 1 channels below coverage threshold: ['gearbox_bearing_temp_c']
2026-09-11 06:50:27,161 INFO     faultline.data.telemetry.filter | dropping 3 channels below coverage threshold: ['pitch_angle_deg', 'gearbox_bearing_temp_c', 'gearbox_oil_temp_c']
2026-09-11 06:50:27,203 INFO     faultline.data.telemetry.filter | dropping 3 channels below coverage threshold: ['pitch_angle_deg', 'gearbox_bearing_temp_c', 'gearbox_oil_temp_c']
2026-09-11 06:50:27,303 INFO     faultline.data.telemetry.filter | dropping 1 channels below coverage threshold: ['gearbox_bearing_temp_c']
2026-09-11 06:50:27,412 INFO     faultline.data.telemetry.filter | dropping 1 channels below coverage threshold: ['gearbox_bearing_temp_c']
2026-09-11 06:50:27,537 INFO     faultline.data.telemetry.filter | dropping 1 channels below coverage threshold: ['gearbox_bearing_temp_c']
2026-09-11 06:50:27,660 INFO     faultline.data.telemetry.filter | dropping 1 channels below coverage threshold: ['gearbox_bearing_temp_c']
2026-09-11 06:50:27,802 INFO     faultline.data.telemetry.filter | dropping 1 channels below coverage threshold: ['gearbox_bearing_temp_c']
2026-09-11 06:50:27,939 INFO     faultline.data.telemetry.filter | dropping 3 channels below coverage threshold: ['pitch_angle_deg', 'gearbox_bearing_temp_c', 'gearbox_oil_temp_c']
2026-09-11 06:50:27,991 INFO     faultline.data.telemetry.filter | dropping 3 channels below coverage threshold: ['pitch_angle_deg', 'gearbox_bearing_temp_c', 'gearbox_oil_temp_c']
2026-09-11 06:50:28,085 INFO     faultline.data.telemetry.filter | dropping 1 channels below coverage threshold: ['gearbox_bearing_temp_c']
2026-09-11 06:50:28,206 INFO     faultline.data.telemetry.filter | dropping 1 channels below coverage threshold: ['gearbox_bearing_temp_c']
2026-09-11 06:50:28,333 INFO     faultline.data.telemetry.filter | dropping 1 channels below coverage threshold: ['gearbox_bearing_temp_c']
2026-09-11 06:50:28,466 INFO     faultline.data.telemetry.filter | dropping 1 channels below coverage threshold: ['gearbox_bearing_temp_c']
2026-09-11 06:50:28,603 INFO     faultline.data.telemetry.filter | dropping 1 channels below coverage threshold: ['gearbox_bearing_temp_c']
2026-09-11 06:50:28,735 INFO     faultline.data.telemetry.filter | dropping 3 channels below coverage threshold: ['pitch_angle_deg', 'gearbox_bearing_temp_c', 'gearbox_oil_temp_c']
2026-09-11 06:50:28,789 INFO     faultline.data.telemetry.filter | dropping 3 channels below coverage threshold: ['pitch_angle_deg', 'gearbox_bearing_temp_c', 'gearbox_oil_temp_c']
2026-09-11 06:50:28,882 INFO     faultline.data.telemetry.filter | dropping 1 channels below coverage threshold: ['gearbox_bearing_temp_c']
2026-09-11 06:50:29,003 INFO     faultline.data.telemetry.filter | dropping 1 channels below coverage threshold: ['gearbox_bearing_temp_c']
2026-09-11 06:50:29,139 INFO     faultline.data.telemetry.filter | dropping 1 channels below coverage threshold: ['gearbox_bearing_temp_c']
2026-09-11 06:50:29,279 INFO     faultline.data.telemetry.filter | dropping 1 channels below coverage threshold: ['gearbox_bearing_temp_c']
2026-09-11 06:50:29,412 INFO     faultline.data.telemetry.filter | dropping 1 channels below coverage threshold: ['gearbox_bearing_temp_c']
2026-09-11 06:50:29,535 INFO     faultline.data.telemetry.filter | dropping 3 channels below coverage threshold: ['pitch_angle_deg', 'gearbox_bearing_temp_c', 'gearbox_oil_temp_c']
2026-09-11 06:50:29,581 INFO     faultline.data.telemetry.filter | dropping 3 channels below coverage threshold: ['pitch_angle_deg', 'gearbox_bearing_temp_c', 'gearbox_oil_temp_c']
2026-09-11 06:50:29,678 INFO     faultline.data.telemetry.filter | dropping 1 channels below coverage threshold: ['gearbox_bearing_temp_c']
2026-09-11 06:50:29,794 INFO     faultline.data.telemetry.filter | dropping 1 channels below coverage threshold: ['gearbox_bearing_temp_c']
2026-09-11 06:50:29,933 INFO     faultline.data.telemetry.filter | dropping 1 channels below coverage threshold: ['gearbox_bearing_temp_c']
2026-09-11 06:50:30,056 INFO     faultline.data.telemetry.filter | dropping 1 channels below coverage threshold: ['gearbox_bearing_temp_c']
2026-09-11 06:50:30,210 INFO     faultline.data.telemetry.filter | dropping 1 channels below coverage threshold: ['gearbox_bearing_temp_c']
2026-09-11 06:50:30,343 INFO     faultline.data.telemetry.filter | dropping 3 channels below coverage threshold: ['pitch_angle_deg', 'gearbox_bearing_temp_c', 'gearbox_oil_temp_c']
2026-09-11 06:50:30,398 INFO     faultline.data.telemetry.filter | dropping 3 channels below coverage threshold: ['pitch_angle_deg', 'gearbox_bearing_temp_c', 'gearbox_oil_temp_c']
2026-09-11 06:50:30,486 INFO     faultline.data.telemetry.filter | dropping 1 channels below coverage threshold: ['gearbox_bearing_temp_c']
2026-09-11 06:50:30,610 INFO     faultline.data.telemetry.filter | dropping 1 channels below coverage threshold: ['gearbox_bearing_temp_c']
2026-09-11 06:50:30,744 INFO     faultline.data.telemetry.filter | dropping 1 channels below coverage threshold: ['gearbox_bearing_temp_c']
2026-09-11 06:50:30,875 INFO     faultline.data.telemetry.filter | dropping 1 channels below coverage threshold: ['gearbox_bearing_temp_c']
2026-09-11 06:50:31,023 INFO     faultline.data.telemetry.filter | dropping 1 channels below coverage threshold: ['gearbox_bearing_temp_c']
2026-09-11 06:50:31,187 INFO     faultline.data.telemetry.filter | dropping 3 channels below coverage threshold: ['pitch_angle_deg', 'gearbox_bearing_temp_c', 'gearbox_oil_temp_c']
2026-09-11 06:50:31,243 INFO     faultline.data.telemetry.filter | dropping 3 channels below coverage threshold: ['pitch_angle_deg', 'gearbox_bearing_temp_c', 'gearbox_oil_temp_c']
2026-09-11 06:50:31,344 INFO     faultline.data.telemetry.filter | dropping 1 channels below coverage threshold: ['gearbox_bearing_temp_c']
2026-09-11 06:50:31,454 INFO     faultline.data.telemetry.filter | dropping 1 channels below coverage threshold: ['gearbox_bearing_temp_c']
2026-09-11 06:50:31,578 INFO     faultline.data.telemetry.filter | dropping 1 channels below coverage threshold: ['gearbox_bearing_temp_c']
2026-09-11 06:50:31,700 INFO     faultline.data.telemetry.filter | dropping 1 channels below coverage threshold: ['gearbox_bearing_temp_c']
2026-09-11 06:50:31,842 INFO     faultline.data.telemetry.filter | dropping 1 channels below coverage threshold: ['gearbox_bearing_temp_c']
2026-09-11 06:50:31,979 INFO     faultline.data.telemetry.filter | dropping 3 channels below coverage threshold: ['pitch_angle_deg', 'gearbox_bearing_temp_c', 'gearbox_oil_temp_c']
2026-09-11 06:50:32,034 INFO     faultline.data.telemetry.filter | dropping 3 channels below coverage threshold: ['pitch_angle_deg', 'gearbox_bearing_temp_c', 'gearbox_oil_temp_c']
2026-09-11 06:50:32,141 INFO     faultline.data.telemetry.filter | dropping 1 channels below coverage threshold: ['gearbox_bearing_temp_c']
2026-09-11 06:50:32,261 INFO     faultline.data.telemetry.filter | dropping 1 channels below coverage threshold: ['gearbox_bearing_temp_c']
2026-09-11 06:50:32,395 INFO     faultline.data.telemetry.filter | dropping 1 channels below coverage threshold: ['gearbox_bearing_temp_c']
2026-09-11 06:50:32,524 INFO     faultline.data.telemetry.filter | dropping 1 channels below coverage threshold: ['gearbox_bearing_temp_c']
2026-09-11 06:50:32,660 INFO     faultline.data.telemetry.filter | dropping 1 channels below coverage threshold: ['gearbox_bearing_temp_c']
2026-09-11 06:50:32,785 INFO     faultline.data.telemetry.filter | dropping 1 channels below coverage threshold: ['wind_direction_deg']
2026-09-11 06:50:32,814 INFO     faultline.data.telemetry.filter | dropping 1 channels below coverage threshold: ['wind_direction_deg']
2026-09-11 06:50:33,096 INFO     faultline.data.telemetry.filter | dropping 1 channels below coverage threshold: ['wind_direction_deg']
2026-09-11 06:50:33,116 INFO     faultline.data.telemetry.filter | dropping 1 channels below coverage threshold: ['wind_direction_deg']
2026-09-11 06:50:33,414 INFO     faultline.data.telemetry.filter | dropping 1 channels below coverage threshold: ['wind_direction_deg']
2026-09-11 06:50:33,441 INFO     faultline.data.telemetry.filter | dropping 1 channels below coverage threshold: ['wind_direction_deg']
2026-09-11 06:50:33,739 INFO     faultline.data.telemetry.filter | dropping 1 channels below coverage threshold: ['wind_direction_deg']
2026-09-11 06:50:33,756 INFO     faultline.data.telemetry.filter | dropping 1 channels below coverage threshold: ['wind_direction_deg']
2026-09-11 06:50:34,030 INFO     faultline.data.telemetry.filter | dropping 1 channels below coverage threshold: ['wind_direction_deg']
2026-09-11 06:50:34,059 INFO     faultline.data.telemetry.filter | dropping 1 channels below coverage threshold: ['wind_direction_deg']
2026-09-11 06:50:34,332 INFO     faultline.data.telemetry.filter | dropping 1 channels below coverage threshold: ['wind_direction_deg']
2026-09-11 06:50:34,362 INFO     faultline.data.telemetry.filter | dropping 1 channels below coverage threshold: ['wind_direction_deg']
2026-09-11 06:50:34,637 INFO     faultline.data.telemetry.filter | dropping 1 channels below coverage threshold: ['wind_direction_deg']
2026-09-11 06:50:34,649 INFO     faultline.data.telemetry.filter | dropping 1 channels below coverage threshold: ['wind_direction_deg']
2026-09-11 06:50:34,925 INFO     faultline.data.telemetry.filter | dropping 1 channels below coverage threshold: ['wind_direction_deg']
2026-09-11 06:50:34,952 INFO     faultline.data.telemetry.filter | dropping 1 channels below coverage threshold: ['wind_direction_deg']
2026-09-11 06:50:35,208 INFO     faultline.data.telemetry.filter | dropping 1 channels below coverage threshold: ['wind_direction_deg']
2026-09-11 06:50:35,220 INFO     faultline.data.telemetry.filter | dropping 1 channels below coverage threshold: ['wind_direction_deg']
2026-09-11 06:50:35,495 INFO     faultline.data.telemetry.filter | dropping 1 channels below coverage threshold: ['wind_direction_deg']
2026-09-11 06:50:35,508 INFO     faultline.data.telemetry.filter | dropping 1 channels below coverage threshold: ['wind_direction_deg']
2026-09-11 06:50:35,772 INFO     faultline.data.telemetry.filter | dropping 1 channels below coverage threshold: ['wind_direction_deg']
2026-09-11 06:50:35,788 INFO     faultline.data.telemetry.filter | dropping 1 channels below coverage threshold: ['wind_direction_deg']
2026-09-11 06:50:36,050 INFO     faultline.data.telemetry.filter | dropping 1 channels below coverage threshold: ['wind_direction_deg']
2026-09-11 06:50:36,073 INFO     faultline.data.telemetry.filter | dropping 1 channels below coverage threshold: ['wind_direction_deg']
2026-09-11 06:50:36,345 INFO     faultline.data.telemetry.filter | dropping 1 channels below coverage threshold: ['wind_direction_deg']
2026-09-11 06:50:36,365 INFO     faultline.data.telemetry.filter | dropping 1 channels below coverage threshold: ['wind_direction_deg']
2026-09-11 06:50:36,641 INFO     faultline.data.telemetry.filter | dropping 1 channels below coverage threshold: ['wind_direction_deg']
2026-09-11 06:50:36,661 INFO     faultline.data.telemetry.filter | dropping 1 channels below coverage threshold: ['wind_direction_deg']
2026-09-11 06:50:36,932 INFO     faultline.data.telemetry.filter | dropping 1 channels below coverage threshold: ['wind_direction_deg']
2026-09-11 06:50:36,957 INFO     faultline.data.telemetry.filter | dropping 1 channels below coverage threshold: ['wind_direction_deg']
2026-09-11 06:50:37,236 INFO     faultline.data.telemetry.filter | dropping 1 channels below coverage threshold: ['wind_direction_deg']
2026-09-11 06:50:37,254 INFO     faultline.data.telemetry.filter | dropping 1 channels below coverage threshold: ['wind_direction_deg']
2026-09-11 06:50:37,540 INFO     faultline.data.telemetry.filter | dropping 1 channels below coverage threshold: ['wind_direction_deg']
2026-09-11 06:50:37,571 INFO     faultline.data.telemetry.filter | dropping 1 channels below coverage threshold: ['wind_direction_deg']
2026-09-11 06:50:37,865 INFO     faultline.data.telemetry.filter | dropping 1 channels below coverage threshold: ['wind_direction_deg']
2026-09-11 06:50:37,887 INFO     faultline.data.telemetry.filter | dropping 1 channels below coverage threshold: ['wind_direction_deg']
2026-09-11 06:50:38,174 INFO     faultline.data.telemetry.filter | dropping 1 channels below coverage threshold: ['wind_direction_deg']
2026-09-11 06:50:38,196 INFO     faultline.data.telemetry.filter | dropping 1 channels below coverage threshold: ['wind_direction_deg']
2026-09-11 06:50:38,474 INFO     faultline.data.telemetry.filter | dropping 1 channels below coverage threshold: ['wind_direction_deg']
2026-09-11 06:50:38,491 INFO     faultline.data.telemetry.filter | dropping 1 channels below coverage threshold: ['wind_direction_deg']
2026-09-11 06:50:38,767 INFO     faultline.data.telemetry.filter | dropping 1 channels below coverage threshold: ['wind_direction_deg']
2026-09-11 06:50:38,792 INFO     faultline.data.telemetry.filter | dropping 1 channels below coverage threshold: ['wind_direction_deg']
2026-09-11 06:50:39,080 INFO     faultline.data.telemetry.filter | dropping 1 channels below coverage threshold: ['main_bearing_temp_c']
2026-09-11 06:50:39,131 INFO     faultline.data.telemetry.filter | dropping 1 channels below coverage threshold: ['main_bearing_temp_c']
2026-09-11 06:50:39,215 INFO     faultline.data.telemetry.filter | dropping 1 channels below coverage threshold: ['main_bearing_temp_c']
2026-09-11 06:50:39,291 INFO     faultline.data.telemetry.filter | dropping 1 channels below coverage threshold: ['main_bearing_temp_c']
2026-09-11 06:50:39,335 INFO     faultline.data.telemetry.filter | dropping 1 channels below coverage threshold: ['main_bearing_temp_c']
2026-09-11 06:50:39,376 INFO     faultline.data.telemetry.filter | dropping 1 channels below coverage threshold: ['main_bearing_temp_c']
2026-09-11 06:50:39,459 INFO     faultline.data.telemetry.filter | dropping 1 channels below coverage threshold: ['main_bearing_temp_c']
2026-09-11 06:50:39,549 INFO     faultline.data.telemetry.filter | dropping 1 channels below coverage threshold: ['main_bearing_temp_c']
2026-09-11 06:50:39,578 INFO     faultline.data.telemetry.filter | dropping 1 channels below coverage threshold: ['main_bearing_temp_c']
2026-09-11 06:50:39,638 INFO     faultline.data.telemetry.filter | dropping 1 channels below coverage threshold: ['main_bearing_temp_c']
2026-09-11 06:50:39,699 INFO     faultline.data.telemetry.filter | dropping 1 channels below coverage threshold: ['main_bearing_temp_c']
2026-09-11 06:50:39,772 INFO     faultline.data.telemetry.filter | dropping 1 channels below coverage threshold: ['main_bearing_temp_c']
2026-09-11 06:50:39,851 INFO     faultline.data.telemetry.filter | dropping 1 channels below coverage threshold: ['main_bearing_temp_c']
2026-09-11 06:50:39,894 INFO     faultline.data.telemetry.filter | dropping 1 channels below coverage threshold: ['main_bearing_temp_c']
2026-09-11 06:50:39,972 INFO     faultline.data.telemetry.filter | dropping 1 channels below coverage threshold: ['main_bearing_temp_c']
2026-09-11 06:50:40,040 INFO     faultline.data.telemetry.filter | dropping 1 channels below coverage threshold: ['main_bearing_temp_c']
2026-09-11 06:50:40,094 INFO     faultline.data.telemetry.filter | dropping 1 channels below coverage threshold: ['main_bearing_temp_c']
2026-09-11 06:50:40,184 INFO     faultline.data.telemetry.filter | dropping 1 channels below coverage threshold: ['main_bearing_temp_c']
2026-09-11 06:50:40,209 INFO     faultline.data.telemetry.filter | dropping 1 channels below coverage threshold: ['main_bearing_temp_c']
2026-09-11 06:50:40,261 INFO     faultline.data.telemetry.filter | dropping 1 channels below coverage threshold: ['main_bearing_temp_c']
2026-09-11 06:50:40,331 INFO     faultline.data.telemetry.filter | dropping 1 channels below coverage threshold: ['main_bearing_temp_c']
2026-09-11 06:50:40,394 INFO     faultline.data.telemetry.filter | dropping 1 channels below coverage threshold: ['main_bearing_temp_c']
2026-09-11 06:50:40,445 INFO     faultline.data.telemetry.filter | dropping 1 channels below coverage threshold: ['main_bearing_temp_c']
2026-09-11 06:50:40,501 INFO     faultline.data.telemetry.filter | dropping 1 channels below coverage threshold: ['main_bearing_temp_c']
2026-09-11 06:50:40,564 INFO     faultline.data.telemetry.filter | dropping 1 channels below coverage threshold: ['main_bearing_temp_c']
2026-09-11 06:50:40,611 INFO     faultline.data.telemetry.filter | dropping 1 channels below coverage threshold: ['main_bearing_temp_c']
2026-09-11 06:50:40,677 INFO     faultline.data.telemetry.filter | dropping 1 channels below coverage threshold: ['main_bearing_temp_c']
2026-09-11 06:50:40,763 INFO     faultline.data.telemetry.filter | dropping 1 channels below coverage threshold: ['main_bearing_temp_c']
2026-09-11 06:50:40,820 INFO     faultline.data.telemetry.filter | dropping 1 channels below coverage threshold: ['main_bearing_temp_c']
2026-09-11 06:50:40,908 INFO     faultline.data.telemetry.filter | dropping 1 channels below coverage threshold: ['main_bearing_temp_c']
2026-09-11 06:50:40,955 INFO     faultline.data.telemetry.filter | dropping 1 channels below coverage threshold: ['main_bearing_temp_c']
2026-09-11 06:50:41,012 INFO     faultline.data.telemetry.filter | dropping 1 channels below coverage threshold: ['main_bearing_temp_c']
2026-09-11 06:50:41,078 INFO     faultline.data.telemetry.filter | dropping 1 channels below coverage threshold: ['main_bearing_temp_c']
2026-09-11 06:50:41,146 INFO     faultline.data.telemetry.filter | dropping 1 channels below coverage threshold: ['main_bearing_temp_c']
2026-09-11 06:50:41,198 INFO     faultline.data.telemetry.filter | dropping 1 channels below coverage threshold: ['main_bearing_temp_c']
2026-09-11 06:50:41,246 INFO     faultline.data.telemetry.filter | dropping 1 channels below coverage threshold: ['main_bearing_temp_c']
2026-09-11 06:50:41,321 INFO     faultline.data.telemetry.filter | dropping 1 channels below coverage threshold: ['main_bearing_temp_c']
2026-09-11 06:50:41,385 INFO     faultline.data.telemetry.filter | dropping 1 channels below coverage threshold: ['main_bearing_temp_c']
2026-09-11 06:50:41,434 INFO     faultline.data.telemetry.filter | dropping 1 channels below coverage threshold: ['main_bearing_temp_c']
2026-09-11 06:50:41,483 INFO     faultline.data.telemetry.filter | dropping 1 channels below coverage threshold: ['main_bearing_temp_c']
2026-09-11 06:50:41,544 INFO     faultline.data.telemetry.filter | dropping 1 channels below coverage threshold: ['main_bearing_temp_c']
2026-09-11 06:50:41,589 INFO     faultline.data.telemetry.filter | dropping 1 channels below coverage threshold: ['main_bearing_temp_c']
2026-09-11 06:50:41,655 INFO     faultline.data.telemetry.filter | dropping 1 channels below coverage threshold: ['main_bearing_temp_c']
2026-09-11 06:50:41,704 INFO     faultline.data.telemetry.filter | dropping 1 channels below coverage threshold: ['main_bearing_temp_c']
2026-09-11 06:50:41,773 INFO     faultline.data.telemetry.filter | dropping 4 channels below coverage threshold: ['nacelle_temp_c', 'gearbox_bearing_temp_c', 'generator_bearing_temp_c', 'generator_winding_temp_c']
2026-09-11 06:50:41,820 INFO     faultline.data.telemetry.filter | dropping 4 channels below coverage threshold: ['nacelle_temp_c', 'gearbox_bearing_temp_c', 'generator_bearing_temp_c', 'generator_winding_temp_c']
2026-09-11 06:50:41,889 INFO     faultline.data.telemetry.filter | dropping 4 channels below coverage threshold: ['nacelle_temp_c', 'gearbox_bearing_temp_c', 'generator_bearing_temp_c', 'generator_winding_temp_c']
2026-09-11 06:50:41,963 INFO     faultline.data.telemetry.filter | dropping 4 channels below coverage threshold: ['nacelle_temp_c', 'gearbox_bearing_temp_c', 'generator_bearing_temp_c', 'generator_winding_temp_c']
2026-09-11 06:50:42,000 INFO     faultline.data.telemetry.filter | dropping 4 channels below coverage threshold: ['nacelle_temp_c', 'gearbox_bearing_temp_c', 'generator_bearing_temp_c', 'generator_winding_temp_c']
2026-09-11 06:50:42,085 INFO     faultline.data.telemetry.filter | dropping 4 channels below coverage threshold: ['nacelle_temp_c', 'gearbox_bearing_temp_c', 'generator_bearing_temp_c', 'generator_winding_temp_c']
2026-09-11 06:50:42,112 INFO     faultline.data.telemetry.filter | dropping 4 channels below coverage threshold: ['nacelle_temp_c', 'gearbox_bearing_temp_c', 'generator_bearing_temp_c', 'generator_winding_temp_c']
2026-09-11 06:50:42,169 INFO     faultline.data.telemetry.filter | dropping 4 channels below coverage threshold: ['nacelle_temp_c', 'gearbox_bearing_temp_c', 'generator_bearing_temp_c', 'generator_winding_temp_c']
2026-09-11 06:50:42,231 INFO     faultline.data.telemetry.filter | dropping 4 channels below coverage threshold: ['nacelle_temp_c', 'gearbox_bearing_temp_c', 'generator_bearing_temp_c', 'generator_winding_temp_c']
2026-09-11 06:50:42,298 INFO     faultline.data.telemetry.filter | dropping 4 channels below coverage threshold: ['nacelle_temp_c', 'gearbox_bearing_temp_c', 'generator_bearing_temp_c', 'generator_winding_temp_c']
2026-09-11 06:50:42,339 INFO     faultline.data.telemetry.filter | dropping 4 channels below coverage threshold: ['nacelle_temp_c', 'gearbox_bearing_temp_c', 'generator_bearing_temp_c', 'generator_winding_temp_c']
2026-09-11 06:50:42,382 INFO     faultline.data.telemetry.filter | dropping 4 channels below coverage threshold: ['nacelle_temp_c', 'gearbox_bearing_temp_c', 'generator_bearing_temp_c', 'generator_winding_temp_c']
2026-09-11 06:50:42,448 INFO     faultline.data.telemetry.filter | dropping 4 channels below coverage threshold: ['nacelle_temp_c', 'gearbox_bearing_temp_c', 'generator_bearing_temp_c', 'generator_winding_temp_c']
2026-09-11 06:50:42,506 INFO     faultline.data.telemetry.filter | dropping 4 channels below coverage threshold: ['nacelle_temp_c', 'gearbox_bearing_temp_c', 'generator_bearing_temp_c', 'generator_winding_temp_c']
2026-09-11 06:50:42,565 INFO     faultline.data.telemetry.filter | dropping 4 channels below coverage threshold: ['nacelle_temp_c', 'gearbox_bearing_temp_c', 'generator_bearing_temp_c', 'generator_winding_temp_c']
2026-09-11 06:50:42,615 INFO     faultline.data.telemetry.filter | dropping 4 channels below coverage threshold: ['nacelle_temp_c', 'gearbox_bearing_temp_c', 'generator_bearing_temp_c', 'generator_winding_temp_c']
2026-09-11 06:50:42,689 INFO     faultline.data.telemetry.filter | dropping 4 channels below coverage threshold: ['nacelle_temp_c', 'gearbox_bearing_temp_c', 'generator_bearing_temp_c', 'generator_winding_temp_c']
2026-09-11 06:50:42,745 INFO     faultline.data.telemetry.filter | dropping 4 channels below coverage threshold: ['nacelle_temp_c', 'gearbox_bearing_temp_c', 'generator_bearing_temp_c', 'generator_winding_temp_c']
2026-09-11 06:50:42,802 INFO     faultline.data.telemetry.filter | dropping 4 channels below coverage threshold: ['nacelle_temp_c', 'gearbox_bearing_temp_c', 'generator_bearing_temp_c', 'generator_winding_temp_c']
2026-09-11 06:50:42,856 INFO     faultline.data.telemetry.filter | dropping 4 channels below coverage threshold: ['nacelle_temp_c', 'gearbox_bearing_temp_c', 'generator_bearing_temp_c', 'generator_winding_temp_c']
2026-09-11 06:50:42,924 INFO     faultline.data.telemetry.filter | dropping 4 channels below coverage threshold: ['nacelle_temp_c', 'gearbox_bearing_temp_c', 'generator_bearing_temp_c', 'generator_winding_temp_c']
2026-09-11 06:50:42,974 INFO     faultline.data.telemetry.filter | dropping 4 channels below coverage threshold: ['nacelle_temp_c', 'gearbox_bearing_temp_c', 'generator_bearing_temp_c', 'generator_winding_temp_c']
2026-09-11 06:50:43,035 INFO     faultline.data.telemetry.filter | dropping 4 channels below coverage threshold: ['nacelle_temp_c', 'gearbox_bearing_temp_c', 'generator_bearing_temp_c', 'generator_winding_temp_c']
2026-09-11 06:50:43,085 INFO     faultline.data.telemetry.filter | dropping 4 channels below coverage threshold: ['nacelle_temp_c', 'gearbox_bearing_temp_c', 'generator_bearing_temp_c', 'generator_winding_temp_c']
2026-09-11 06:50:43,147 INFO     faultline.data.telemetry.filter | dropping 4 channels below coverage threshold: ['nacelle_temp_c', 'gearbox_bearing_temp_c', 'generator_bearing_temp_c', 'generator_winding_temp_c']
2026-09-11 06:50:43,167 INFO     faultline.data.telemetry.filter | dropping 4 channels below coverage threshold: ['nacelle_temp_c', 'gearbox_bearing_temp_c', 'generator_bearing_temp_c', 'generator_winding_temp_c']
2026-09-11 06:50:43,249 INFO     faultline.data.telemetry.filter | dropping 4 channels below coverage threshold: ['nacelle_temp_c', 'gearbox_bearing_temp_c', 'generator_bearing_temp_c', 'generator_winding_temp_c']
2026-09-11 06:50:43,281 INFO     faultline.data.telemetry.filter | dropping 4 channels below coverage threshold: ['nacelle_temp_c', 'gearbox_bearing_temp_c', 'generator_bearing_temp_c', 'generator_winding_temp_c']
2026-09-11 06:50:43,326 INFO     faultline.data.telemetry.filter | dropping 4 channels below coverage threshold: ['nacelle_temp_c', 'gearbox_bearing_temp_c', 'generator_bearing_temp_c', 'generator_winding_temp_c']
2026-09-11 06:50:43,404 INFO     faultline.data.telemetry.filter | dropping 4 channels below coverage threshold: ['nacelle_temp_c', 'gearbox_bearing_temp_c', 'generator_bearing_temp_c', 'generator_winding_temp_c']
2026-09-11 06:50:43,452 INFO     faultline.data.telemetry.filter | dropping 4 channels below coverage threshold: ['nacelle_temp_c', 'gearbox_bearing_temp_c', 'generator_bearing_temp_c', 'generator_winding_temp_c']
2026-09-11 06:50:43,519 INFO     faultline.data.telemetry.filter | dropping 5 channels below coverage threshold: ['nacelle_position_deg', 'wind_direction_deg', 'nacelle_temp_c', 'gearbox_bearing_temp_c', 'generator_bearing_temp_c']
2026-09-11 06:50:43,599 INFO     faultline.data.telemetry.filter | dropping 5 channels below coverage threshold: ['nacelle_position_deg', 'wind_direction_deg', 'nacelle_temp_c', 'gearbox_bearing_temp_c', 'generator_bearing_temp_c']
2026-09-11 06:50:43,630 INFO     faultline.data.telemetry.filter | dropping 5 channels below coverage threshold: ['nacelle_position_deg', 'wind_direction_deg', 'nacelle_temp_c', 'gearbox_bearing_temp_c', 'generator_bearing_temp_c']
2026-09-11 06:50:43,666 INFO     faultline.data.telemetry.filter | dropping 5 channels below coverage threshold: ['nacelle_position_deg', 'wind_direction_deg', 'nacelle_temp_c', 'gearbox_bearing_temp_c', 'generator_bearing_temp_c']
2026-09-11 06:50:43,753 INFO     faultline.data.telemetry.filter | dropping 5 channels below coverage threshold: ['nacelle_position_deg', 'wind_direction_deg', 'nacelle_temp_c', 'gearbox_bearing_temp_c', 'generator_bearing_temp_c']
2026-09-11 06:50:43,836 INFO     faultline.data.telemetry.filter | dropping 5 channels below coverage threshold: ['nacelle_position_deg', 'wind_direction_deg', 'nacelle_temp_c', 'gearbox_bearing_temp_c', 'generator_bearing_temp_c']
2026-09-11 06:50:43,865 INFO     faultline.data.telemetry.filter | dropping 5 channels below coverage threshold: ['nacelle_position_deg', 'wind_direction_deg', 'nacelle_temp_c', 'gearbox_bearing_temp_c', 'generator_bearing_temp_c']
2026-09-11 06:50:43,938 INFO     faultline.data.telemetry.filter | dropping 5 channels below coverage threshold: ['nacelle_position_deg', 'wind_direction_deg', 'nacelle_temp_c', 'gearbox_bearing_temp_c', 'generator_bearing_temp_c']
2026-09-11 06:50:43,984 INFO     faultline.data.telemetry.filter | dropping 5 channels below coverage threshold: ['nacelle_position_deg', 'wind_direction_deg', 'nacelle_temp_c', 'gearbox_bearing_temp_c', 'generator_bearing_temp_c']
2026-09-11 06:50:44,079 INFO     faultline.data.telemetry.filter | dropping 5 channels below coverage threshold: ['nacelle_position_deg', 'wind_direction_deg', 'nacelle_temp_c', 'gearbox_bearing_temp_c', 'generator_bearing_temp_c']
2026-09-11 06:50:44,110 INFO     faultline.data.telemetry.filter | dropping 5 channels below coverage threshold: ['nacelle_position_deg', 'wind_direction_deg', 'nacelle_temp_c', 'gearbox_bearing_temp_c', 'generator_bearing_temp_c']
2026-09-11 06:50:44,161 INFO     faultline.data.telemetry.filter | dropping 5 channels below coverage threshold: ['nacelle_position_deg', 'wind_direction_deg', 'nacelle_temp_c', 'gearbox_bearing_temp_c', 'generator_bearing_temp_c']
2026-09-11 06:50:44,245 INFO     faultline.data.telemetry.filter | dropping 5 channels below coverage threshold: ['nacelle_position_deg', 'wind_direction_deg', 'nacelle_temp_c', 'gearbox_bearing_temp_c', 'generator_bearing_temp_c']
2026-09-11 06:50:44,293 INFO     faultline.data.telemetry.filter | dropping 5 channels below coverage threshold: ['nacelle_position_deg', 'wind_direction_deg', 'nacelle_temp_c', 'gearbox_bearing_temp_c', 'generator_bearing_temp_c']
2026-09-11 06:50:44,359 INFO     faultline.data.telemetry.filter | dropping 5 channels below coverage threshold: ['nacelle_position_deg', 'wind_direction_deg', 'nacelle_temp_c', 'gearbox_bearing_temp_c', 'generator_bearing_temp_c']
2026-09-11 06:50:44,386 INFO     faultline.data.telemetry.filter | dropping 5 channels below coverage threshold: ['nacelle_position_deg', 'wind_direction_deg', 'nacelle_temp_c', 'gearbox_bearing_temp_c', 'generator_bearing_temp_c']
2026-09-11 06:50:44,467 INFO     faultline.data.telemetry.filter | dropping 5 channels below coverage threshold: ['nacelle_position_deg', 'wind_direction_deg', 'nacelle_temp_c', 'gearbox_bearing_temp_c', 'generator_bearing_temp_c']
2026-09-11 06:50:44,487 INFO     faultline.data.telemetry.filter | dropping 5 channels below coverage threshold: ['nacelle_position_deg', 'wind_direction_deg', 'nacelle_temp_c', 'gearbox_bearing_temp_c', 'generator_bearing_temp_c']
2026-09-11 06:50:44,548 INFO     faultline.data.telemetry.filter | dropping 5 channels below coverage threshold: ['nacelle_position_deg', 'wind_direction_deg', 'nacelle_temp_c', 'gearbox_bearing_temp_c', 'generator_bearing_temp_c']
2026-09-11 06:50:44,597 INFO     faultline.data.telemetry.filter | dropping 5 channels below coverage threshold: ['nacelle_position_deg', 'wind_direction_deg', 'nacelle_temp_c', 'gearbox_bearing_temp_c', 'generator_bearing_temp_c']
2026-09-11 06:50:44,640 INFO     faultline.data.telemetry.filter | dropping 5 channels below coverage threshold: ['nacelle_position_deg', 'wind_direction_deg', 'nacelle_temp_c', 'gearbox_bearing_temp_c', 'generator_bearing_temp_c']
2026-09-11 06:50:44,719 INFO     faultline.data.telemetry.filter | dropping 5 channels below coverage threshold: ['nacelle_position_deg', 'wind_direction_deg', 'nacelle_temp_c', 'gearbox_bearing_temp_c', 'generator_bearing_temp_c']
2026-09-11 06:50:44,773 INFO     faultline.data.telemetry.filter | dropping 5 channels below coverage threshold: ['nacelle_position_deg', 'wind_direction_deg', 'nacelle_temp_c', 'gearbox_bearing_temp_c', 'generator_bearing_temp_c']
2026-09-11 06:50:44,831 INFO     faultline.data.telemetry.filter | dropping 5 channels below coverage threshold: ['nacelle_position_deg', 'wind_direction_deg', 'nacelle_temp_c', 'gearbox_bearing_temp_c', 'generator_bearing_temp_c']
2026-09-11 06:50:44,845 INFO     faultline.data.telemetry.filter | dropping 5 channels below coverage threshold: ['nacelle_position_deg', 'wind_direction_deg', 'nacelle_temp_c', 'gearbox_bearing_temp_c', 'generator_bearing_temp_c']
2026-09-11 06:50:44,940 INFO     faultline.data.telemetry.filter | dropping 5 channels below coverage threshold: ['nacelle_position_deg', 'wind_direction_deg', 'nacelle_temp_c', 'gearbox_bearing_temp_c', 'generator_bearing_temp_c']
2026-09-11 06:50:44,959 INFO     faultline.data.telemetry.filter | dropping 5 channels below coverage threshold: ['nacelle_position_deg', 'wind_direction_deg', 'nacelle_temp_c', 'gearbox_bearing_temp_c', 'generator_bearing_temp_c']
2026-09-11 06:50:44,995 INFO     faultline.data.telemetry.filter | dropping 5 channels below coverage threshold: ['nacelle_position_deg', 'wind_direction_deg', 'nacelle_temp_c', 'gearbox_bearing_temp_c', 'generator_bearing_temp_c']
2026-09-11 06:50:45,086 INFO     faultline.data.telemetry.filter | dropping 5 channels below coverage threshold: ['nacelle_position_deg', 'wind_direction_deg', 'nacelle_temp_c', 'gearbox_bearing_temp_c', 'generator_bearing_temp_c']
2026-09-11 06:50:45,162 INFO     faultline.data.telemetry.filter | dropping 5 channels below coverage threshold: ['nacelle_position_deg', 'wind_direction_deg', 'nacelle_temp_c', 'gearbox_bearing_temp_c', 'generator_bearing_temp_c']
2026-09-11 06:50:45,209 INFO     faultline.data.telemetry.filter | dropping 5 channels below coverage threshold: ['nacelle_position_deg', 'wind_direction_deg', 'nacelle_temp_c', 'gearbox_bearing_temp_c', 'generator_bearing_temp_c']
2026-09-11 06:50:45,255 INFO     faultline.data.telemetry.filter | dropping 5 channels below coverage threshold: ['nacelle_position_deg', 'wind_direction_deg', 'nacelle_temp_c', 'gearbox_bearing_temp_c', 'generator_bearing_temp_c']
2026-09-11 06:50:45,335 INFO     faultline.data.telemetry.filter | dropping 5 channels below coverage threshold: ['nacelle_position_deg', 'wind_direction_deg', 'nacelle_temp_c', 'gearbox_bearing_temp_c', 'generator_bearing_temp_c']
2026-09-11 06:50:45,385 INFO     faultline.data.telemetry.filter | dropping 5 channels below coverage threshold: ['nacelle_position_deg', 'wind_direction_deg', 'nacelle_temp_c', 'gearbox_bearing_temp_c', 'generator_bearing_temp_c']
2026-09-11 06:50:45,452 INFO     faultline.data.telemetry.filter | dropping 5 channels below coverage threshold: ['nacelle_position_deg', 'wind_direction_deg', 'nacelle_temp_c', 'gearbox_bearing_temp_c', 'generator_bearing_temp_c']
2026-09-11 06:50:45,513 INFO     faultline.data.telemetry.filter | dropping 5 channels below coverage threshold: ['nacelle_position_deg', 'wind_direction_deg', 'nacelle_temp_c', 'gearbox_bearing_temp_c', 'generator_bearing_temp_c']
2026-09-11 06:50:45,574 INFO     faultline.data.telemetry.filter | dropping 5 channels below coverage threshold: ['nacelle_position_deg', 'wind_direction_deg', 'nacelle_temp_c', 'gearbox_bearing_temp_c', 'generator_bearing_temp_c']
2026-09-11 06:50:45,623 INFO     faultline.data.telemetry.filter | dropping 5 channels below coverage threshold: ['nacelle_position_deg', 'wind_direction_deg', 'nacelle_temp_c', 'gearbox_bearing_temp_c', 'generator_bearing_temp_c']
2026-09-11 06:50:45,703 INFO     faultline.data.telemetry.filter | dropping 5 channels below coverage threshold: ['nacelle_position_deg', 'wind_direction_deg', 'nacelle_temp_c', 'gearbox_bearing_temp_c', 'generator_bearing_temp_c']
2026-09-11 06:50:45,782 INFO     faultline.data.telemetry.filter | dropping 5 channels below coverage threshold: ['nacelle_position_deg', 'wind_direction_deg', 'nacelle_temp_c', 'gearbox_bearing_temp_c', 'generator_bearing_temp_c']
2026-09-11 06:50:45,821 INFO     faultline.data.telemetry.filter | dropping 5 channels below coverage threshold: ['nacelle_position_deg', 'wind_direction_deg', 'nacelle_temp_c', 'gearbox_bearing_temp_c', 'generator_bearing_temp_c']
2026-09-11 06:50:45,902 INFO     faultline.data.telemetry.filter | dropping 5 channels below coverage threshold: ['nacelle_position_deg', 'wind_direction_deg', 'nacelle_temp_c', 'gearbox_bearing_temp_c', 'generator_bearing_temp_c']
2026-09-11 06:50:45,941 INFO     faultline.data.telemetry.filter | dropping 5 channels below coverage threshold: ['nacelle_position_deg', 'wind_direction_deg', 'nacelle_temp_c', 'gearbox_bearing_temp_c', 'generator_bearing_temp_c']
2026-09-11 06:50:46,019 INFO     faultline.data.telemetry.filter | dropping 5 channels below coverage threshold: ['nacelle_position_deg', 'wind_direction_deg', 'nacelle_temp_c', 'gearbox_bearing_temp_c', 'generator_bearing_temp_c']
2026-09-11 06:50:46,052 INFO     faultline.data.telemetry.filter | dropping 5 channels below coverage threshold: ['nacelle_position_deg', 'wind_direction_deg', 'nacelle_temp_c', 'gearbox_bearing_temp_c', 'generator_bearing_temp_c']
2026-09-11 06:50:46,129 INFO     faultline.data.telemetry.filter | dropping 5 channels below coverage threshold: ['nacelle_position_deg', 'wind_direction_deg', 'nacelle_temp_c', 'gearbox_bearing_temp_c', 'generator_bearing_temp_c']
2026-09-11 06:50:46,172 INFO     faultline.data.telemetry.filter | dropping 5 channels below coverage threshold: ['nacelle_position_deg', 'wind_direction_deg', 'nacelle_temp_c', 'gearbox_bearing_temp_c', 'generator_bearing_temp_c']
2026-09-11 06:50:46,223 INFO     faultline.data.telemetry.filter | dropping 5 channels below coverage threshold: ['nacelle_position_deg', 'wind_direction_deg', 'nacelle_temp_c', 'gearbox_bearing_temp_c', 'generator_bearing_temp_c']
2026-09-11 06:50:46,309 INFO     faultline.data.telemetry.filter | dropping 5 channels below coverage threshold: ['nacelle_position_deg', 'wind_direction_deg', 'nacelle_temp_c', 'gearbox_bearing_temp_c', 'generator_bearing_temp_c']
2026-09-11 06:50:46,364 INFO     faultline.data.telemetry.filter | dropping 5 channels below coverage threshold: ['nacelle_position_deg', 'wind_direction_deg', 'nacelle_temp_c', 'gearbox_bearing_temp_c', 'generator_bearing_temp_c']
2026-09-11 06:50:46,430 INFO     faultline.data.telemetry.filter | dropping 5 channels below coverage threshold: ['nacelle_position_deg', 'wind_direction_deg', 'nacelle_temp_c', 'gearbox_bearing_temp_c', 'generator_bearing_temp_c']
2026-09-11 06:50:46,485 INFO     faultline.data.telemetry.filter | dropping 5 channels below coverage threshold: ['nacelle_position_deg', 'wind_direction_deg', 'nacelle_temp_c', 'gearbox_bearing_temp_c', 'generator_bearing_temp_c']
2026-09-11 06:50:46,548 INFO     faultline.data.telemetry.filter | dropping 5 channels below coverage threshold: ['nacelle_position_deg', 'wind_direction_deg', 'nacelle_temp_c', 'gearbox_bearing_temp_c', 'generator_bearing_temp_c']
2026-09-11 06:50:46,610 INFO     faultline.data.telemetry.filter | dropping 5 channels below coverage threshold: ['nacelle_position_deg', 'wind_direction_deg', 'nacelle_temp_c', 'gearbox_bearing_temp_c', 'generator_bearing_temp_c']
2026-09-11 06:50:46,675 INFO     faultline.data.telemetry.filter | dropping 5 channels below coverage threshold: ['nacelle_position_deg', 'wind_direction_deg', 'nacelle_temp_c', 'gearbox_bearing_temp_c', 'generator_bearing_temp_c']
2026-09-11 06:50:46,755 INFO     faultline.data.telemetry.filter | dropping 5 channels below coverage threshold: ['nacelle_position_deg', 'wind_direction_deg', 'nacelle_temp_c', 'gearbox_bearing_temp_c', 'generator_bearing_temp_c']
2026-09-11 06:50:46,785 INFO     faultline.data.telemetry.filter | dropping 5 channels below coverage threshold: ['nacelle_position_deg', 'wind_direction_deg', 'nacelle_temp_c', 'gearbox_bearing_temp_c', 'generator_bearing_temp_c']
2026-09-11 06:50:46,847 INFO     faultline.data.telemetry.filter | dropping 5 channels below coverage threshold: ['nacelle_position_deg', 'wind_direction_deg', 'nacelle_temp_c', 'gearbox_bearing_temp_c', 'generator_bearing_temp_c']
2026-09-11 06:50:46,893 INFO     faultline.data.telemetry.filter | dropping 5 channels below coverage threshold: ['nacelle_position_deg', 'wind_direction_deg', 'nacelle_temp_c', 'gearbox_bearing_temp_c', 'generator_bearing_temp_c']
2026-09-11 06:50:46,924 INFO     faultline.data.telemetry.filter | dropping 5 channels below coverage threshold: ['nacelle_position_deg', 'wind_direction_deg', 'nacelle_temp_c', 'gearbox_bearing_temp_c', 'generator_bearing_temp_c']
2026-09-11 06:50:47,009 INFO     faultline.data.telemetry.filter | dropping 5 channels below coverage threshold: ['nacelle_position_deg', 'wind_direction_deg', 'nacelle_temp_c', 'gearbox_bearing_temp_c', 'generator_bearing_temp_c']
2026-09-11 06:50:47,080 INFO     faultline.data.telemetry.filter | dropping 5 channels below coverage threshold: ['nacelle_position_deg', 'wind_direction_deg', 'nacelle_temp_c', 'gearbox_bearing_temp_c', 'generator_bearing_temp_c']
2026-09-11 06:50:47,127 INFO     faultline.data.telemetry.filter | dropping 5 channels below coverage threshold: ['nacelle_position_deg', 'wind_direction_deg', 'nacelle_temp_c', 'gearbox_bearing_temp_c', 'generator_bearing_temp_c']
2026-09-11 06:50:47,155 INFO     faultline.data.telemetry.filter | dropping 5 channels below coverage threshold: ['nacelle_position_deg', 'wind_direction_deg', 'nacelle_temp_c', 'gearbox_bearing_temp_c', 'generator_bearing_temp_c']
2026-09-11 06:50:47,245 INFO     faultline.data.telemetry.filter | dropping 5 channels below coverage threshold: ['nacelle_position_deg', 'wind_direction_deg', 'nacelle_temp_c', 'gearbox_bearing_temp_c', 'generator_bearing_temp_c']
2026-09-11 06:50:47,285 INFO     faultline.data.telemetry.filter | dropping 5 channels below coverage threshold: ['nacelle_position_deg', 'wind_direction_deg', 'nacelle_temp_c', 'gearbox_bearing_temp_c', 'generator_bearing_temp_c']
2026-09-11 06:50:47,369 INFO     faultline.data.telemetry.filter | dropping 5 channels below coverage threshold: ['nacelle_position_deg', 'wind_direction_deg', 'nacelle_temp_c', 'gearbox_bearing_temp_c', 'generator_bearing_temp_c']
2026-09-11 06:50:47,420 INFO     faultline.data.telemetry.filter | dropping 5 channels below coverage threshold: ['nacelle_position_deg', 'wind_direction_deg', 'nacelle_temp_c', 'gearbox_bearing_temp_c', 'generator_bearing_temp_c']
2026-09-11 06:50:47,499 INFO     faultline.data.telemetry.filter | dropping 5 channels below coverage threshold: ['nacelle_position_deg', 'wind_direction_deg', 'nacelle_temp_c', 'gearbox_bearing_temp_c', 'generator_bearing_temp_c']
2026-09-11 06:50:47,543 INFO     faultline.data.telemetry.filter | dropping 5 channels below coverage threshold: ['nacelle_position_deg', 'wind_direction_deg', 'nacelle_temp_c', 'gearbox_bearing_temp_c', 'generator_bearing_temp_c']
2026-09-11 06:50:47,641 INFO     faultline.data.telemetry.filter | dropping 5 channels below coverage threshold: ['nacelle_position_deg', 'wind_direction_deg', 'nacelle_temp_c', 'gearbox_bearing_temp_c', 'generator_bearing_temp_c']
2026-09-11 06:50:47,679 INFO     faultline.data.telemetry.filter | dropping 5 channels below coverage threshold: ['nacelle_position_deg', 'wind_direction_deg', 'nacelle_temp_c', 'gearbox_bearing_temp_c', 'generator_bearing_temp_c']
2026-09-11 06:50:47,750 INFO     faultline.data.telemetry.filter | dropping 5 channels below coverage threshold: ['nacelle_position_deg', 'wind_direction_deg', 'nacelle_temp_c', 'gearbox_bearing_temp_c', 'generator_bearing_temp_c']
2026-09-11 06:50:47,812 INFO     faultline.data.telemetry.filter | dropping 5 channels below coverage threshold: ['nacelle_position_deg', 'wind_direction_deg', 'nacelle_temp_c', 'gearbox_bearing_temp_c', 'generator_bearing_temp_c']
2026-09-11 06:50:47,879 INFO     faultline.data.telemetry.filter | dropping 5 channels below coverage threshold: ['nacelle_position_deg', 'wind_direction_deg', 'nacelle_temp_c', 'gearbox_bearing_temp_c', 'generator_bearing_temp_c']
2026-09-11 06:50:47,946 INFO     faultline.data.telemetry.filter | dropping 5 channels below coverage threshold: ['nacelle_position_deg', 'wind_direction_deg', 'nacelle_temp_c', 'gearbox_bearing_temp_c', 'generator_bearing_temp_c']
2026-09-11 06:50:47,991 INFO     faultline.data.telemetry.filter | dropping 5 channels below coverage threshold: ['nacelle_position_deg', 'wind_direction_deg', 'nacelle_temp_c', 'gearbox_bearing_temp_c', 'generator_bearing_temp_c']
2026-09-11 06:50:48,052 INFO     faultline.data.telemetry.filter | dropping 5 channels below coverage threshold: ['nacelle_position_deg', 'wind_direction_deg', 'nacelle_temp_c', 'gearbox_bearing_temp_c', 'generator_bearing_temp_c']
2026-09-11 06:50:48,116 INFO     faultline.data.telemetry.filter | dropping 5 channels below coverage threshold: ['nacelle_position_deg', 'wind_direction_deg', 'nacelle_temp_c', 'gearbox_bearing_temp_c', 'generator_bearing_temp_c']
2026-09-11 06:50:48,162 INFO     faultline.data.telemetry.filter | dropping 5 channels below coverage threshold: ['nacelle_position_deg', 'wind_direction_deg', 'nacelle_temp_c', 'gearbox_bearing_temp_c', 'generator_bearing_temp_c']
2026-09-11 06:50:48,247 INFO     faultline.data.telemetry.filter | dropping 5 channels below coverage threshold: ['nacelle_position_deg', 'wind_direction_deg', 'nacelle_temp_c', 'gearbox_bearing_temp_c', 'generator_bearing_temp_c']
2026-09-11 06:50:48,313 INFO     faultline.data.telemetry.filter | dropping 5 channels below coverage threshold: ['nacelle_position_deg', 'wind_direction_deg', 'nacelle_temp_c', 'gearbox_bearing_temp_c', 'generator_bearing_temp_c']
2026-09-11 06:50:48,355 INFO     faultline.data.telemetry.filter | dropping 5 channels below coverage threshold: ['nacelle_position_deg', 'wind_direction_deg', 'nacelle_temp_c', 'gearbox_bearing_temp_c', 'generator_bearing_temp_c']
2026-09-11 06:50:48,405 INFO     faultline.data.telemetry.filter | dropping 5 channels below coverage threshold: ['nacelle_position_deg', 'wind_direction_deg', 'nacelle_temp_c', 'gearbox_bearing_temp_c', 'generator_bearing_temp_c']
2026-09-11 06:50:48,481 INFO     faultline.data.telemetry.filter | dropping 5 channels below coverage threshold: ['nacelle_position_deg', 'wind_direction_deg', 'nacelle_temp_c', 'gearbox_bearing_temp_c', 'generator_bearing_temp_c']
2026-09-11 06:50:48,528 INFO     faultline.data.telemetry.filter | dropping 5 channels below coverage threshold: ['nacelle_position_deg', 'wind_direction_deg', 'nacelle_temp_c', 'gearbox_bearing_temp_c', 'generator_bearing_temp_c']
2026-09-11 06:50:48,591 INFO     faultline.data.telemetry.filter | dropping 5 channels below coverage threshold: ['nacelle_position_deg', 'wind_direction_deg', 'nacelle_temp_c', 'gearbox_bearing_temp_c', 'generator_bearing_temp_c']
2026-09-11 06:50:48,655 INFO     faultline.data.telemetry.filter | dropping 5 channels below coverage threshold: ['nacelle_position_deg', 'wind_direction_deg', 'nacelle_temp_c', 'gearbox_bearing_temp_c', 'generator_bearing_temp_c']
2026-09-11 06:50:48,712 INFO     faultline.data.telemetry.filter | dropping 5 channels below coverage threshold: ['nacelle_position_deg', 'wind_direction_deg', 'nacelle_temp_c', 'gearbox_bearing_temp_c', 'generator_bearing_temp_c']
2026-09-11 06:50:48,749 INFO     faultline.data.telemetry.filter | dropping 5 channels below coverage threshold: ['nacelle_position_deg', 'wind_direction_deg', 'nacelle_temp_c', 'gearbox_bearing_temp_c', 'generator_bearing_temp_c']
2026-09-11 06:50:48,828 INFO     faultline.data.telemetry.filter | dropping 5 channels below coverage threshold: ['nacelle_position_deg', 'wind_direction_deg', 'nacelle_temp_c', 'gearbox_bearing_temp_c', 'generator_bearing_temp_c']
2026-09-11 06:50:48,881 INFO     faultline.data.telemetry.filter | dropping 5 channels below coverage threshold: ['nacelle_position_deg', 'wind_direction_deg', 'nacelle_temp_c', 'gearbox_bearing_temp_c', 'generator_bearing_temp_c']
2026-09-11 06:50:48,948 INFO     faultline.data.telemetry.filter | dropping 5 channels below coverage threshold: ['nacelle_position_deg', 'wind_direction_deg', 'nacelle_temp_c', 'gearbox_bearing_temp_c', 'generator_bearing_temp_c']
2026-09-11 06:50:49,024 INFO     faultline.data.telemetry.filter | dropping 5 channels below coverage threshold: ['nacelle_position_deg', 'wind_direction_deg', 'nacelle_temp_c', 'gearbox_bearing_temp_c', 'generator_bearing_temp_c']
2026-09-11 06:50:49,054 INFO     faultline.data.telemetry.filter | dropping 5 channels below coverage threshold: ['nacelle_position_deg', 'wind_direction_deg', 'nacelle_temp_c', 'gearbox_bearing_temp_c', 'generator_bearing_temp_c']
2026-09-11 06:50:49,081 INFO     faultline.data.telemetry.filter | dropping 5 channels below coverage threshold: ['nacelle_position_deg', 'wind_direction_deg', 'nacelle_temp_c', 'gearbox_bearing_temp_c', 'generator_bearing_temp_c']
2026-09-11 06:50:49,159 INFO     faultline.data.telemetry.filter | dropping 5 channels below coverage threshold: ['nacelle_position_deg', 'wind_direction_deg', 'nacelle_temp_c', 'gearbox_bearing_temp_c', 'generator_bearing_temp_c']
2026-09-11 06:50:49,183 INFO     faultline.data.telemetry.filter | dropping 5 channels below coverage threshold: ['nacelle_position_deg', 'wind_direction_deg', 'nacelle_temp_c', 'gearbox_bearing_temp_c', 'generator_bearing_temp_c']
2026-09-11 06:50:49,239 INFO     faultline.data.telemetry.filter | dropping 5 channels below coverage threshold: ['nacelle_position_deg', 'wind_direction_deg', 'nacelle_temp_c', 'gearbox_bearing_temp_c', 'generator_bearing_temp_c']
2026-09-11 06:50:49,321 INFO     faultline.data.telemetry.filter | dropping 5 channels below coverage threshold: ['nacelle_position_deg', 'wind_direction_deg', 'nacelle_temp_c', 'gearbox_bearing_temp_c', 'generator_bearing_temp_c']
2026-09-11 06:50:49,365 INFO     faultline.data.telemetry.filter | dropping 5 channels below coverage threshold: ['nacelle_position_deg', 'wind_direction_deg', 'nacelle_temp_c', 'gearbox_bearing_temp_c', 'generator_bearing_temp_c']
2026-09-11 06:50:49,430 INFO     faultline.data.telemetry.filter | dropping 5 channels below coverage threshold: ['nacelle_position_deg', 'wind_direction_deg', 'nacelle_temp_c', 'gearbox_bearing_temp_c', 'generator_bearing_temp_c']
2026-09-11 06:50:49,486 INFO     faultline.data.telemetry.filter | dropping 5 channels below coverage threshold: ['nacelle_position_deg', 'wind_direction_deg', 'nacelle_temp_c', 'gearbox_bearing_temp_c', 'generator_bearing_temp_c']
2026-09-11 06:50:49,565 INFO     faultline.data.telemetry.filter | dropping 5 channels below coverage threshold: ['nacelle_position_deg', 'wind_direction_deg', 'nacelle_temp_c', 'gearbox_bearing_temp_c', 'generator_bearing_temp_c']
2026-09-11 06:50:49,636 INFO     faultline.data.telemetry.filter | dropping 5 channels below coverage threshold: ['nacelle_position_deg', 'wind_direction_deg', 'nacelle_temp_c', 'gearbox_bearing_temp_c', 'generator_bearing_temp_c']
2026-09-11 06:50:49,677 INFO     faultline.data.telemetry.filter | dropping 5 channels below coverage threshold: ['nacelle_position_deg', 'wind_direction_deg', 'nacelle_temp_c', 'gearbox_bearing_temp_c', 'generator_bearing_temp_c']
2026-09-11 06:50:49,752 INFO     faultline.data.telemetry.filter | dropping 5 channels below coverage threshold: ['nacelle_position_deg', 'wind_direction_deg', 'nacelle_temp_c', 'gearbox_bearing_temp_c', 'generator_bearing_temp_c']
2026-09-11 06:50:49,778 INFO     faultline.data.telemetry.filter | dropping 5 channels below coverage threshold: ['nacelle_position_deg', 'wind_direction_deg', 'nacelle_temp_c', 'gearbox_bearing_temp_c', 'generator_bearing_temp_c']
2026-09-11 06:50:49,843 INFO     faultline.data.telemetry.filter | dropping 5 channels below coverage threshold: ['nacelle_position_deg', 'wind_direction_deg', 'nacelle_temp_c', 'gearbox_bearing_temp_c', 'generator_bearing_temp_c']
2026-09-11 06:50:49,890 INFO     faultline.data.telemetry.filter | dropping 5 channels below coverage threshold: ['nacelle_position_deg', 'wind_direction_deg', 'nacelle_temp_c', 'gearbox_bearing_temp_c', 'generator_bearing_temp_c']
2026-09-11 06:50:49,930 INFO     faultline.data.telemetry.filter | dropping 5 channels below coverage threshold: ['nacelle_position_deg', 'wind_direction_deg', 'nacelle_temp_c', 'gearbox_bearing_temp_c', 'generator_bearing_temp_c']
2026-09-11 06:50:50,001 INFO     faultline.data.telemetry.filter | dropping 5 channels below coverage threshold: ['nacelle_position_deg', 'wind_direction_deg', 'nacelle_temp_c', 'gearbox_bearing_temp_c', 'generator_bearing_temp_c']
2026-09-11 06:50:50,057 INFO     faultline.data.telemetry.filter | dropping 5 channels below coverage threshold: ['nacelle_position_deg', 'wind_direction_deg', 'nacelle_temp_c', 'gearbox_bearing_temp_c', 'generator_bearing_temp_c']
2026-09-11 06:50:50,118 INFO     faultline.data.telemetry.filter | dropping 5 channels below coverage threshold: ['nacelle_position_deg', 'wind_direction_deg', 'nacelle_temp_c', 'gearbox_bearing_temp_c', 'generator_bearing_temp_c']
2026-09-11 06:50:50,175 INFO     faultline.data.telemetry.filter | dropping 5 channels below coverage threshold: ['nacelle_position_deg', 'wind_direction_deg', 'nacelle_temp_c', 'gearbox_bearing_temp_c', 'generator_bearing_temp_c']
2026-09-11 06:50:50,239 INFO     faultline.data.telemetry.filter | dropping 5 channels below coverage threshold: ['nacelle_position_deg', 'wind_direction_deg', 'nacelle_temp_c', 'gearbox_bearing_temp_c', 'generator_bearing_temp_c']
2026-09-11 06:50:50,295 INFO     faultline.data.telemetry.filter | dropping 5 channels below coverage threshold: ['nacelle_position_deg', 'wind_direction_deg', 'nacelle_temp_c', 'gearbox_bearing_temp_c', 'generator_bearing_temp_c']
2026-09-11 06:50:50,360 INFO     faultline.data.telemetry.filter | dropping 5 channels below coverage threshold: ['nacelle_position_deg', 'wind_direction_deg', 'nacelle_temp_c', 'gearbox_bearing_temp_c', 'generator_bearing_temp_c']
2026-09-11 06:50:50,434 INFO     faultline.data.telemetry.filter | dropping 5 channels below coverage threshold: ['nacelle_position_deg', 'wind_direction_deg', 'nacelle_temp_c', 'gearbox_bearing_temp_c', 'generator_bearing_temp_c']
2026-09-11 06:50:50,477 INFO     faultline.runs | wrote filter_stats_report.md
2026-09-11 06:50:50,524 INFO     faultline.runs | run 20260910-215015_filter_telemetry_ded0f249 ok in 34.58s -> C:\Users\sharg\Desktop\github\FaultLine\reports\data\20260910-215015_filter_telemetry_ded0f249
