2026-09-11 06:37:54,468 INFO     faultline.runs | run 20260910-213754_filter_telemetry_20fa4ac5 started (config hash 20fa4ac5)
2026-09-11 06:37:54,515 INFO     faultline.data.telemetry.filter | dropping 1 channels below coverage threshold: ['gearbox_bearing_temp_c']
2026-09-11 06:37:54,594 INFO     faultline.data.telemetry.filter | dropping 1 channels below coverage threshold: ['gearbox_bearing_temp_c']
2026-09-11 06:37:54,668 INFO     faultline.data.telemetry.filter | dropping 1 channels below coverage threshold: ['gearbox_bearing_temp_c']
2026-09-11 06:37:54,739 INFO     faultline.data.telemetry.filter | dropping 1 channels below coverage threshold: ['gearbox_bearing_temp_c']
2026-09-11 06:37:54,816 INFO     faultline.data.telemetry.filter | dropping 1 channels below coverage threshold: ['gearbox_bearing_temp_c']
2026-09-11 06:37:54,911 INFO     faultline.data.telemetry.filter | dropping 1 channels below coverage threshold: ['gearbox_bearing_temp_c']
2026-09-11 06:37:54,990 INFO     faultline.data.telemetry.filter | dropping 1 channels below coverage threshold: ['gearbox_bearing_temp_c']
2026-09-11 06:37:55,085 INFO     faultline.data.telemetry.filter | dropping 1 channels below coverage threshold: ['gearbox_bearing_temp_c']
2026-09-11 06:37:55,169 INFO     faultline.data.telemetry.filter | dropping 1 channels below coverage threshold: ['gearbox_bearing_temp_c']
2026-09-11 06:37:55,260 INFO     faultline.data.telemetry.filter | dropping 1 channels below coverage threshold: ['gearbox_bearing_temp_c']
2026-09-11 06:37:55,323 INFO     faultline.data.telemetry.filter | dropping 1 channels below coverage threshold: ['gearbox_bearing_temp_c']
2026-09-11 06:37:55,407 INFO     faultline.data.telemetry.filter | dropping 1 channels below coverage threshold: ['gearbox_bearing_temp_c']
2026-09-11 06:37:55,496 INFO     faultline.data.telemetry.filter | dropping 1 channels below coverage threshold: ['gearbox_bearing_temp_c']
2026-09-11 06:37:55,589 INFO     faultline.data.telemetry.filter | dropping 1 channels below coverage threshold: ['gearbox_bearing_temp_c']
2026-09-11 06:37:55,680 INFO     faultline.data.telemetry.filter | dropping 1 channels below coverage threshold: ['gearbox_bearing_temp_c']
2026-09-11 06:37:55,771 INFO     faultline.data.telemetry.filter | dropping 1 channels below coverage threshold: ['gearbox_bearing_temp_c']
2026-09-11 06:37:55,868 INFO     faultline.data.telemetry.filter | dropping 1 channels below coverage threshold: ['gearbox_bearing_temp_c']
2026-09-11 06:37:55,956 INFO     faultline.data.telemetry.filter | dropping 1 channels below coverage threshold: ['gearbox_bearing_temp_c']
2026-09-11 06:37:56,051 INFO     faultline.data.telemetry.filter | dropping 1 channels below coverage threshold: ['gearbox_bearing_temp_c']
2026-09-11 06:37:56,122 INFO     faultline.data.telemetry.filter | dropping 1 channels below coverage threshold: ['gearbox_bearing_temp_c']
2026-09-11 06:37:56,202 INFO     faultline.data.telemetry.filter | dropping 1 channels below coverage threshold: ['gearbox_bearing_temp_c']
2026-09-11 06:37:56,285 INFO     faultline.data.telemetry.filter | dropping 1 channels below coverage threshold: ['gearbox_bearing_temp_c']
2026-09-11 06:37:56,369 INFO     faultline.data.telemetry.filter | dropping 1 channels below coverage threshold: ['gearbox_bearing_temp_c']
2026-09-11 06:37:56,467 INFO     faultline.data.telemetry.filter | dropping 1 channels below coverage threshold: ['gearbox_bearing_temp_c']
2026-09-11 06:37:56,559 INFO     faultline.data.telemetry.filter | dropping 1 channels below coverage threshold: ['gearbox_bearing_temp_c']
2026-09-11 06:37:56,649 INFO     faultline.data.telemetry.filter | dropping 1 channels below coverage threshold: ['gearbox_bearing_temp_c']
2026-09-11 06:37:56,775 INFO     faultline.data.telemetry.filter | dropping 1 channels below coverage threshold: ['gearbox_bearing_temp_c']
2026-09-11 06:37:56,915 INFO     faultline.data.telemetry.filter | dropping 1 channels below coverage threshold: ['gearbox_bearing_temp_c']
2026-09-11 06:37:57,026 INFO     faultline.data.telemetry.filter | dropping 1 channels below coverage threshold: ['gearbox_bearing_temp_c']
2026-09-11 06:37:57,151 INFO     faultline.data.telemetry.filter | dropping 1 channels below coverage threshold: ['gearbox_bearing_temp_c']
2026-09-11 06:37:57,278 INFO     faultline.data.telemetry.filter | dropping 1 channels below coverage threshold: ['gearbox_bearing_temp_c']
2026-09-11 06:37:57,420 INFO     faultline.data.telemetry.filter | dropping 1 channels below coverage threshold: ['gearbox_bearing_temp_c']
2026-09-11 06:37:57,573 INFO     faultline.data.telemetry.filter | dropping 1 channels below coverage threshold: ['gearbox_bearing_temp_c']
2026-09-11 06:37:57,722 INFO     faultline.data.telemetry.filter | dropping 1 channels below coverage threshold: ['gearbox_bearing_temp_c']
2026-09-11 06:37:57,853 INFO     faultline.data.telemetry.filter | dropping 1 channels below coverage threshold: ['gearbox_bearing_temp_c']
2026-09-11 06:37:58,004 INFO     faultline.data.telemetry.filter | dropping 1 channels below coverage threshold: ['gearbox_bearing_temp_c']
2026-09-11 06:37:58,154 INFO     faultline.data.telemetry.filter | dropping 1 channels below coverage threshold: ['gearbox_bearing_temp_c']
2026-09-11 06:37:58,260 INFO     faultline.data.telemetry.filter | dropping 1 channels below coverage threshold: ['gearbox_bearing_temp_c']
2026-09-11 06:37:58,386 INFO     faultline.data.telemetry.filter | dropping 1 channels below coverage threshold: ['gearbox_bearing_temp_c']
2026-09-11 06:37:58,516 INFO     faultline.data.telemetry.filter | dropping 1 channels below coverage threshold: ['gearbox_bearing_temp_c']
2026-09-11 06:37:58,671 INFO     faultline.data.telemetry.filter | dropping 1 channels below coverage threshold: ['gearbox_bearing_temp_c']
2026-09-11 06:37:58,829 INFO     faultline.data.telemetry.filter | dropping 1 channels below coverage threshold: ['gearbox_bearing_temp_c']
2026-09-11 06:37:58,975 INFO     faultline.data.telemetry.filter | dropping 1 channels below coverage threshold: ['gearbox_bearing_temp_c']
2026-09-11 06:37:59,114 INFO     faultline.data.telemetry.filter | dropping 1 channels below coverage threshold: ['gearbox_bearing_temp_c']
2026-09-11 06:37:59,246 INFO     faultline.data.telemetry.filter | dropping 1 channels below coverage threshold: ['gearbox_bearing_temp_c']
2026-09-11 06:37:59,384 INFO     faultline.data.telemetry.filter | dropping 1 channels below coverage threshold: ['gearbox_bearing_temp_c']
2026-09-11 06:37:59,486 INFO     faultline.data.telemetry.filter | dropping 1 channels below coverage threshold: ['gearbox_bearing_temp_c']
2026-09-11 06:37:59,610 INFO     faultline.data.telemetry.filter | dropping 1 channels below coverage threshold: ['gearbox_bearing_temp_c']
2026-09-11 06:37:59,749 INFO     faultline.data.telemetry.filter | dropping 1 channels below coverage threshold: ['gearbox_bearing_temp_c']
2026-09-11 06:37:59,901 INFO     faultline.data.telemetry.filter | dropping 1 channels below coverage threshold: ['gearbox_bearing_temp_c']
2026-09-11 06:38:00,066 INFO     faultline.data.telemetry.filter | dropping 1 channels below coverage threshold: ['gearbox_bearing_temp_c']
2026-09-11 06:38:00,209 INFO     faultline.data.telemetry.filter | dropping 1 channels below coverage threshold: ['gearbox_bearing_temp_c']
2026-09-11 06:38:00,342 INFO     faultline.data.telemetry.filter | dropping 1 channels below coverage threshold: ['gearbox_bearing_temp_c']
2026-09-11 06:38:00,486 INFO     faultline.data.telemetry.filter | dropping 1 channels below coverage threshold: ['gearbox_bearing_temp_c']
2026-09-11 06:38:00,611 INFO     faultline.data.telemetry.filter | dropping 3 channels below coverage threshold: ['pitch_angle_deg', 'gearbox_bearing_temp_c', 'gearbox_oil_temp_c']
2026-09-11 06:38:00,679 INFO     faultline.data.telemetry.filter | dropping 3 channels below coverage threshold: ['pitch_angle_deg', 'gearbox_bearing_temp_c', 'gearbox_oil_temp_c']
2026-09-11 06:38:00,782 INFO     faultline.data.telemetry.filter | dropping 1 channels below coverage threshold: ['gearbox_bearing_temp_c']
2026-09-11 06:38:00,916 INFO     faultline.data.telemetry.filter | dropping 1 channels below coverage threshold: ['gearbox_bearing_temp_c']
2026-09-11 06:38:01,053 INFO     faultline.data.telemetry.filter | dropping 1 channels below coverage threshold: ['gearbox_bearing_temp_c']
2026-09-11 06:38:01,196 INFO     faultline.data.telemetry.filter | dropping 1 channels below coverage threshold: ['gearbox_bearing_temp_c']
2026-09-11 06:38:01,358 INFO     faultline.data.telemetry.filter | dropping 1 channels below coverage threshold: ['gearbox_bearing_temp_c']
2026-09-11 06:38:01,482 INFO     faultline.data.telemetry.filter | dropping 3 channels below coverage threshold: ['pitch_angle_deg', 'gearbox_bearing_temp_c', 'gearbox_oil_temp_c']
2026-09-11 06:38:01,561 INFO     faultline.data.telemetry.filter | dropping 3 channels below coverage threshold: ['pitch_angle_deg', 'gearbox_bearing_temp_c', 'gearbox_oil_temp_c']
2026-09-11 06:38:01,653 INFO     faultline.data.telemetry.filter | dropping 1 channels below coverage threshold: ['gearbox_bearing_temp_c']
2026-09-11 06:38:01,784 INFO     faultline.data.telemetry.filter | dropping 1 channels below coverage threshold: ['gearbox_bearing_temp_c']
2026-09-11 06:38:01,926 INFO     faultline.data.telemetry.filter | dropping 1 channels below coverage threshold: ['gearbox_bearing_temp_c']
2026-09-11 06:38:02,081 INFO     faultline.data.telemetry.filter | dropping 1 channels below coverage threshold: ['gearbox_bearing_temp_c']
2026-09-11 06:38:02,230 INFO     faultline.data.telemetry.filter | dropping 1 channels below coverage threshold: ['gearbox_bearing_temp_c']
2026-09-11 06:38:02,365 INFO     faultline.data.telemetry.filter | dropping 3 channels below coverage threshold: ['pitch_angle_deg', 'gearbox_bearing_temp_c', 'gearbox_oil_temp_c']
2026-09-11 06:38:02,429 INFO     faultline.data.telemetry.filter | dropping 3 channels below coverage threshold: ['pitch_angle_deg', 'gearbox_bearing_temp_c', 'gearbox_oil_temp_c']
2026-09-11 06:38:02,525 INFO     faultline.data.telemetry.filter | dropping 1 channels below coverage threshold: ['gearbox_bearing_temp_c']
2026-09-11 06:38:02,650 INFO     faultline.data.telemetry.filter | dropping 1 channels below coverage threshold: ['gearbox_bearing_temp_c']
2026-09-11 06:38:02,786 INFO     faultline.data.telemetry.filter | dropping 1 channels below coverage threshold: ['gearbox_bearing_temp_c']
2026-09-11 06:38:02,950 INFO     faultline.data.telemetry.filter | dropping 1 channels below coverage threshold: ['gearbox_bearing_temp_c']
2026-09-11 06:38:03,097 INFO     faultline.data.telemetry.filter | dropping 1 channels below coverage threshold: ['gearbox_bearing_temp_c']
2026-09-11 06:38:03,243 INFO     faultline.data.telemetry.filter | dropping 3 channels below coverage threshold: ['pitch_angle_deg', 'gearbox_bearing_temp_c', 'gearbox_oil_temp_c']
2026-09-11 06:38:03,314 INFO     faultline.data.telemetry.filter | dropping 3 channels below coverage threshold: ['pitch_angle_deg', 'gearbox_bearing_temp_c', 'gearbox_oil_temp_c']
2026-09-11 06:38:03,396 INFO     faultline.data.telemetry.filter | dropping 1 channels below coverage threshold: ['gearbox_bearing_temp_c']
2026-09-11 06:38:03,537 INFO     faultline.data.telemetry.filter | dropping 1 channels below coverage threshold: ['gearbox_bearing_temp_c']
2026-09-11 06:38:03,671 INFO     faultline.data.telemetry.filter | dropping 1 channels below coverage threshold: ['gearbox_bearing_temp_c']
2026-09-11 06:38:03,811 INFO     faultline.data.telemetry.filter | dropping 1 channels below coverage threshold: ['gearbox_bearing_temp_c']
2026-09-11 06:38:03,949 INFO     faultline.data.telemetry.filter | dropping 1 channels below coverage threshold: ['gearbox_bearing_temp_c']
2026-09-11 06:38:04,088 INFO     faultline.data.telemetry.filter | dropping 3 channels below coverage threshold: ['pitch_angle_deg', 'gearbox_bearing_temp_c', 'gearbox_oil_temp_c']
2026-09-11 06:38:04,159 INFO     faultline.data.telemetry.filter | dropping 3 channels below coverage threshold: ['pitch_angle_deg', 'gearbox_bearing_temp_c', 'gearbox_oil_temp_c']
2026-09-11 06:38:04,256 INFO     faultline.data.telemetry.filter | dropping 1 channels below coverage threshold: ['gearbox_bearing_temp_c']
2026-09-11 06:38:04,394 INFO     faultline.data.telemetry.filter | dropping 1 channels below coverage threshold: ['gearbox_bearing_temp_c']
2026-09-11 06:38:04,544 INFO     faultline.data.telemetry.filter | dropping 1 channels below coverage threshold: ['gearbox_bearing_temp_c']
2026-09-11 06:38:04,696 INFO     faultline.data.telemetry.filter | dropping 1 channels below coverage threshold: ['gearbox_bearing_temp_c']
2026-09-11 06:38:04,859 INFO     faultline.data.telemetry.filter | dropping 1 channels below coverage threshold: ['gearbox_bearing_temp_c']
2026-09-11 06:38:05,002 INFO     faultline.data.telemetry.filter | dropping 3 channels below coverage threshold: ['pitch_angle_deg', 'gearbox_bearing_temp_c', 'gearbox_oil_temp_c']
2026-09-11 06:38:05,085 INFO     faultline.data.telemetry.filter | dropping 3 channels below coverage threshold: ['pitch_angle_deg', 'gearbox_bearing_temp_c', 'gearbox_oil_temp_c']
2026-09-11 06:38:05,189 INFO     faultline.data.telemetry.filter | dropping 1 channels below coverage threshold: ['gearbox_bearing_temp_c']
2026-09-11 06:38:05,323 INFO     faultline.data.telemetry.filter | dropping 1 channels below coverage threshold: ['gearbox_bearing_temp_c']
2026-09-11 06:38:05,472 INFO     faultline.data.telemetry.filter | dropping 1 channels below coverage threshold: ['gearbox_bearing_temp_c']
2026-09-11 06:38:05,631 INFO     faultline.data.telemetry.filter | dropping 1 channels below coverage threshold: ['gearbox_bearing_temp_c']
2026-09-11 06:38:05,793 INFO     faultline.data.telemetry.filter | dropping 1 channels below coverage threshold: ['gearbox_bearing_temp_c']
2026-09-11 06:38:05,943 INFO     faultline.data.telemetry.filter | dropping 3 channels below coverage threshold: ['pitch_angle_deg', 'gearbox_bearing_temp_c', 'gearbox_oil_temp_c']
2026-09-11 06:38:06,007 INFO     faultline.data.telemetry.filter | dropping 3 channels below coverage threshold: ['pitch_angle_deg', 'gearbox_bearing_temp_c', 'gearbox_oil_temp_c']
2026-09-11 06:38:06,108 INFO     faultline.data.telemetry.filter | dropping 1 channels below coverage threshold: ['gearbox_bearing_temp_c']
2026-09-11 06:38:06,242 INFO     faultline.data.telemetry.filter | dropping 1 channels below coverage threshold: ['gearbox_bearing_temp_c']
2026-09-11 06:38:06,402 INFO     faultline.data.telemetry.filter | dropping 1 channels below coverage threshold: ['gearbox_bearing_temp_c']
2026-09-11 06:38:06,567 INFO     faultline.data.telemetry.filter | dropping 1 channels below coverage threshold: ['gearbox_bearing_temp_c']
2026-09-11 06:38:06,721 INFO     faultline.data.telemetry.filter | dropping 1 channels below coverage threshold: ['gearbox_bearing_temp_c']
2026-09-11 06:38:06,870 INFO     faultline.data.telemetry.filter | dropping 3 channels below coverage threshold: ['pitch_angle_deg', 'gearbox_bearing_temp_c', 'gearbox_oil_temp_c']
2026-09-11 06:38:06,932 INFO     faultline.data.telemetry.filter | dropping 3 channels below coverage threshold: ['pitch_angle_deg', 'gearbox_bearing_temp_c', 'gearbox_oil_temp_c']
2026-09-11 06:38:07,038 INFO     faultline.data.telemetry.filter | dropping 1 channels below coverage threshold: ['gearbox_bearing_temp_c']
2026-09-11 06:38:07,164 INFO     faultline.data.telemetry.filter | dropping 1 channels below coverage threshold: ['gearbox_bearing_temp_c']
2026-09-11 06:38:07,308 INFO     faultline.data.telemetry.filter | dropping 1 channels below coverage threshold: ['gearbox_bearing_temp_c']
2026-09-11 06:38:07,452 INFO     faultline.data.telemetry.filter | dropping 1 channels below coverage threshold: ['gearbox_bearing_temp_c']
2026-09-11 06:38:07,590 INFO     faultline.data.telemetry.filter | dropping 1 channels below coverage threshold: ['gearbox_bearing_temp_c']
2026-09-11 06:38:07,732 INFO     faultline.data.telemetry.filter | dropping 3 channels below coverage threshold: ['pitch_angle_deg', 'gearbox_bearing_temp_c', 'gearbox_oil_temp_c']
2026-09-11 06:38:07,800 INFO     faultline.data.telemetry.filter | dropping 3 channels below coverage threshold: ['pitch_angle_deg', 'gearbox_bearing_temp_c', 'gearbox_oil_temp_c']
2026-09-11 06:38:07,899 INFO     faultline.data.telemetry.filter | dropping 1 channels below coverage threshold: ['gearbox_bearing_temp_c']
2026-09-11 06:38:08,029 INFO     faultline.data.telemetry.filter | dropping 1 channels below coverage threshold: ['gearbox_bearing_temp_c']
2026-09-11 06:38:08,175 INFO     faultline.data.telemetry.filter | dropping 1 channels below coverage threshold: ['gearbox_bearing_temp_c']
2026-09-11 06:38:08,317 INFO     faultline.data.telemetry.filter | dropping 1 channels below coverage threshold: ['gearbox_bearing_temp_c']
2026-09-11 06:38:08,481 INFO     faultline.data.telemetry.filter | dropping 1 channels below coverage threshold: ['gearbox_bearing_temp_c']
2026-09-11 06:38:08,628 INFO     faultline.data.telemetry.filter | dropping 3 channels below coverage threshold: ['pitch_angle_deg', 'gearbox_bearing_temp_c', 'gearbox_oil_temp_c']
2026-09-11 06:38:08,685 INFO     faultline.data.telemetry.filter | dropping 3 channels below coverage threshold: ['pitch_angle_deg', 'gearbox_bearing_temp_c', 'gearbox_oil_temp_c']
2026-09-11 06:38:08,795 INFO     faultline.data.telemetry.filter | dropping 1 channels below coverage threshold: ['gearbox_bearing_temp_c']
2026-09-11 06:38:08,918 INFO     faultline.data.telemetry.filter | dropping 1 channels below coverage threshold: ['gearbox_bearing_temp_c']
2026-09-11 06:38:09,069 INFO     faultline.data.telemetry.filter | dropping 1 channels below coverage threshold: ['gearbox_bearing_temp_c']
2026-09-11 06:38:09,222 INFO     faultline.data.telemetry.filter | dropping 1 channels below coverage threshold: ['gearbox_bearing_temp_c']
2026-09-11 06:38:09,362 INFO     faultline.data.telemetry.filter | dropping 1 channels below coverage threshold: ['gearbox_bearing_temp_c']
2026-09-11 06:38:09,490 INFO     faultline.data.telemetry.filter | dropping 3 channels below coverage threshold: ['pitch_angle_deg', 'gearbox_bearing_temp_c', 'gearbox_oil_temp_c']
2026-09-11 06:38:09,553 INFO     faultline.data.telemetry.filter | dropping 3 channels below coverage threshold: ['pitch_angle_deg', 'gearbox_bearing_temp_c', 'gearbox_oil_temp_c']
2026-09-11 06:38:09,664 INFO     faultline.data.telemetry.filter | dropping 1 channels below coverage threshold: ['gearbox_bearing_temp_c']
2026-09-11 06:38:09,807 INFO     faultline.data.telemetry.filter | dropping 1 channels below coverage threshold: ['gearbox_bearing_temp_c']
2026-09-11 06:38:09,959 INFO     faultline.data.telemetry.filter | dropping 1 channels below coverage threshold: ['gearbox_bearing_temp_c']
2026-09-11 06:38:10,105 INFO     faultline.data.telemetry.filter | dropping 1 channels below coverage threshold: ['gearbox_bearing_temp_c']
2026-09-11 06:38:10,252 INFO     faultline.data.telemetry.filter | dropping 1 channels below coverage threshold: ['gearbox_bearing_temp_c']
2026-09-11 06:38:10,381 INFO     faultline.data.telemetry.filter | dropping 3 channels below coverage threshold: ['pitch_angle_deg', 'gearbox_bearing_temp_c', 'gearbox_oil_temp_c']
2026-09-11 06:38:10,442 INFO     faultline.data.telemetry.filter | dropping 3 channels below coverage threshold: ['pitch_angle_deg', 'gearbox_bearing_temp_c', 'gearbox_oil_temp_c']
2026-09-11 06:38:10,545 INFO     faultline.data.telemetry.filter | dropping 1 channels below coverage threshold: ['gearbox_bearing_temp_c']
2026-09-11 06:38:10,670 INFO     faultline.data.telemetry.filter | dropping 1 channels below coverage threshold: ['gearbox_bearing_temp_c']
2026-09-11 06:38:10,814 INFO     faultline.data.telemetry.filter | dropping 1 channels below coverage threshold: ['gearbox_bearing_temp_c']
2026-09-11 06:38:10,948 INFO     faultline.data.telemetry.filter | dropping 1 channels below coverage threshold: ['gearbox_bearing_temp_c']
2026-09-11 06:38:11,107 INFO     faultline.data.telemetry.filter | dropping 1 channels below coverage threshold: ['gearbox_bearing_temp_c']
2026-09-11 06:38:11,253 INFO     faultline.data.telemetry.filter | dropping 3 channels below coverage threshold: ['pitch_angle_deg', 'gearbox_bearing_temp_c', 'gearbox_oil_temp_c']
2026-09-11 06:38:11,316 INFO     faultline.data.telemetry.filter | dropping 3 channels below coverage threshold: ['pitch_angle_deg', 'gearbox_bearing_temp_c', 'gearbox_oil_temp_c']
2026-09-11 06:38:11,409 INFO     faultline.data.telemetry.filter | dropping 1 channels below coverage threshold: ['gearbox_bearing_temp_c']
2026-09-11 06:38:11,545 INFO     faultline.data.telemetry.filter | dropping 1 channels below coverage threshold: ['gearbox_bearing_temp_c']
2026-09-11 06:38:11,677 INFO     faultline.data.telemetry.filter | dropping 1 channels below coverage threshold: ['gearbox_bearing_temp_c']
2026-09-11 06:38:11,832 INFO     faultline.data.telemetry.filter | dropping 1 channels below coverage threshold: ['gearbox_bearing_temp_c']
2026-09-11 06:38:11,991 INFO     faultline.data.telemetry.filter | dropping 1 channels below coverage threshold: ['gearbox_bearing_temp_c']
2026-09-11 06:38:12,127 INFO     faultline.data.telemetry.filter | dropping 3 channels below coverage threshold: ['pitch_angle_deg', 'gearbox_bearing_temp_c', 'gearbox_oil_temp_c']
2026-09-11 06:38:12,181 INFO     faultline.data.telemetry.filter | dropping 3 channels below coverage threshold: ['pitch_angle_deg', 'gearbox_bearing_temp_c', 'gearbox_oil_temp_c']
2026-09-11 06:38:12,285 INFO     faultline.data.telemetry.filter | dropping 1 channels below coverage threshold: ['gearbox_bearing_temp_c']
2026-09-11 06:38:12,395 INFO     faultline.data.telemetry.filter | dropping 1 channels below coverage threshold: ['gearbox_bearing_temp_c']
2026-09-11 06:38:12,530 INFO     faultline.data.telemetry.filter | dropping 1 channels below coverage threshold: ['gearbox_bearing_temp_c']
2026-09-11 06:38:12,676 INFO     faultline.data.telemetry.filter | dropping 1 channels below coverage threshold: ['gearbox_bearing_temp_c']
2026-09-11 06:38:12,822 INFO     faultline.data.telemetry.filter | dropping 1 channels below coverage threshold: ['gearbox_bearing_temp_c']
2026-09-11 06:38:12,974 INFO     faultline.data.telemetry.filter | dropping 1 channels below coverage threshold: ['wind_direction_deg']
2026-09-11 06:38:13,001 INFO     faultline.data.telemetry.filter | dropping 1 channels below coverage threshold: ['wind_direction_deg']
2026-09-11 06:38:13,303 INFO     faultline.data.telemetry.filter | dropping 1 channels below coverage threshold: ['wind_direction_deg']
2026-09-11 06:38:13,325 INFO     faultline.data.telemetry.filter | dropping 1 channels below coverage threshold: ['wind_direction_deg']
2026-09-11 06:38:13,627 INFO     faultline.data.telemetry.filter | dropping 1 channels below coverage threshold: ['wind_direction_deg']
2026-09-11 06:38:13,653 INFO     faultline.data.telemetry.filter | dropping 1 channels below coverage threshold: ['wind_direction_deg']
2026-09-11 06:38:13,959 INFO     faultline.data.telemetry.filter | dropping 1 channels below coverage threshold: ['wind_direction_deg']
2026-09-11 06:38:13,987 INFO     faultline.data.telemetry.filter | dropping 1 channels below coverage threshold: ['wind_direction_deg']
2026-09-11 06:38:14,289 INFO     faultline.data.telemetry.filter | dropping 1 channels below coverage threshold: ['wind_direction_deg']
2026-09-11 06:38:14,321 INFO     faultline.data.telemetry.filter | dropping 1 channels below coverage threshold: ['wind_direction_deg']
2026-09-11 06:38:14,622 INFO     faultline.data.telemetry.filter | dropping 1 channels below coverage threshold: ['wind_direction_deg']
2026-09-11 06:38:14,643 INFO     faultline.data.telemetry.filter | dropping 1 channels below coverage threshold: ['wind_direction_deg']
2026-09-11 06:38:14,949 INFO     faultline.data.telemetry.filter | dropping 1 channels below coverage threshold: ['wind_direction_deg']
2026-09-11 06:38:14,967 INFO     faultline.data.telemetry.filter | dropping 1 channels below coverage threshold: ['wind_direction_deg']
2026-09-11 06:38:15,275 INFO     faultline.data.telemetry.filter | dropping 1 channels below coverage threshold: ['wind_direction_deg']
2026-09-11 06:38:15,301 INFO     faultline.data.telemetry.filter | dropping 1 channels below coverage threshold: ['wind_direction_deg']
2026-09-11 06:38:15,607 INFO     faultline.data.telemetry.filter | dropping 1 channels below coverage threshold: ['wind_direction_deg']
2026-09-11 06:38:15,632 INFO     faultline.data.telemetry.filter | dropping 1 channels below coverage threshold: ['wind_direction_deg']
2026-09-11 06:38:15,941 INFO     faultline.data.telemetry.filter | dropping 1 channels below coverage threshold: ['wind_direction_deg']
2026-09-11 06:38:15,965 INFO     faultline.data.telemetry.filter | dropping 1 channels below coverage threshold: ['wind_direction_deg']
2026-09-11 06:38:16,309 INFO     faultline.data.telemetry.filter | dropping 1 channels below coverage threshold: ['wind_direction_deg']
2026-09-11 06:38:16,333 INFO     faultline.data.telemetry.filter | dropping 1 channels below coverage threshold: ['wind_direction_deg']
2026-09-11 06:38:16,611 INFO     faultline.data.telemetry.filter | dropping 1 channels below coverage threshold: ['wind_direction_deg']
2026-09-11 06:38:16,642 INFO     faultline.data.telemetry.filter | dropping 1 channels below coverage threshold: ['wind_direction_deg']
2026-09-11 06:38:16,932 INFO     faultline.data.telemetry.filter | dropping 1 channels below coverage threshold: ['wind_direction_deg']
2026-09-11 06:38:16,954 INFO     faultline.data.telemetry.filter | dropping 1 channels below coverage threshold: ['wind_direction_deg']
2026-09-11 06:38:17,251 INFO     faultline.data.telemetry.filter | dropping 1 channels below coverage threshold: ['wind_direction_deg']
2026-09-11 06:38:17,268 INFO     faultline.data.telemetry.filter | dropping 1 channels below coverage threshold: ['wind_direction_deg']
2026-09-11 06:38:17,556 INFO     faultline.data.telemetry.filter | dropping 1 channels below coverage threshold: ['wind_direction_deg']
2026-09-11 06:38:17,579 INFO     faultline.data.telemetry.filter | dropping 1 channels below coverage threshold: ['wind_direction_deg']
2026-09-11 06:38:17,855 INFO     faultline.data.telemetry.filter | dropping 1 channels below coverage threshold: ['wind_direction_deg']
2026-09-11 06:38:17,884 INFO     faultline.data.telemetry.filter | dropping 1 channels below coverage threshold: ['wind_direction_deg']
2026-09-11 06:38:18,172 INFO     faultline.data.telemetry.filter | dropping 1 channels below coverage threshold: ['wind_direction_deg']
2026-09-11 06:38:18,189 INFO     faultline.data.telemetry.filter | dropping 1 channels below coverage threshold: ['wind_direction_deg']
2026-09-11 06:38:18,475 INFO     faultline.data.telemetry.filter | dropping 1 channels below coverage threshold: ['wind_direction_deg']
2026-09-11 06:38:18,498 INFO     faultline.data.telemetry.filter | dropping 1 channels below coverage threshold: ['wind_direction_deg']
2026-09-11 06:38:18,774 INFO     faultline.data.telemetry.filter | dropping 1 channels below coverage threshold: ['wind_direction_deg']
2026-09-11 06:38:18,802 INFO     faultline.data.telemetry.filter | dropping 1 channels below coverage threshold: ['wind_direction_deg']
2026-09-11 06:38:19,087 INFO     faultline.data.telemetry.filter | dropping 1 channels below coverage threshold: ['wind_direction_deg']
2026-09-11 06:38:19,103 INFO     faultline.data.telemetry.filter | dropping 1 channels below coverage threshold: ['wind_direction_deg']
2026-09-11 06:38:19,384 INFO     faultline.data.telemetry.filter | dropping 1 channels below coverage threshold: ['wind_direction_deg']
2026-09-11 06:38:19,405 INFO     faultline.data.telemetry.filter | dropping 1 channels below coverage threshold: ['wind_direction_deg']
2026-09-11 06:38:19,705 INFO     faultline.data.telemetry.filter | dropping 1 channels below coverage threshold: ['main_bearing_temp_c']
2026-09-11 06:38:19,762 INFO     faultline.data.telemetry.filter | dropping 1 channels below coverage threshold: ['main_bearing_temp_c']
2026-09-11 06:38:19,834 INFO     faultline.data.telemetry.filter | dropping 1 channels below coverage threshold: ['main_bearing_temp_c']
2026-09-11 06:38:19,918 INFO     faultline.data.telemetry.filter | dropping 1 channels below coverage threshold: ['main_bearing_temp_c']
2026-09-11 06:38:19,968 INFO     faultline.data.telemetry.filter | dropping 1 channels below coverage threshold: ['main_bearing_temp_c']
2026-09-11 06:38:20,010 INFO     faultline.data.telemetry.filter | dropping 1 channels below coverage threshold: ['main_bearing_temp_c']
2026-09-11 06:38:20,095 INFO     faultline.data.telemetry.filter | dropping 1 channels below coverage threshold: ['main_bearing_temp_c']
2026-09-11 06:38:20,179 INFO     faultline.data.telemetry.filter | dropping 1 channels below coverage threshold: ['main_bearing_temp_c']
2026-09-11 06:38:20,203 INFO     faultline.data.telemetry.filter | dropping 1 channels below coverage threshold: ['main_bearing_temp_c']
2026-09-11 06:38:20,265 INFO     faultline.data.telemetry.filter | dropping 1 channels below coverage threshold: ['main_bearing_temp_c']
2026-09-11 06:38:20,316 INFO     faultline.data.telemetry.filter | dropping 1 channels below coverage threshold: ['main_bearing_temp_c']
2026-09-11 06:38:20,385 INFO     faultline.data.telemetry.filter | dropping 1 channels below coverage threshold: ['main_bearing_temp_c']
2026-09-11 06:38:20,453 INFO     faultline.data.telemetry.filter | dropping 1 channels below coverage threshold: ['main_bearing_temp_c']
2026-09-11 06:38:20,496 INFO     faultline.data.telemetry.filter | dropping 1 channels below coverage threshold: ['main_bearing_temp_c']
2026-09-11 06:38:20,572 INFO     faultline.data.telemetry.filter | dropping 1 channels below coverage threshold: ['main_bearing_temp_c']
2026-09-11 06:38:20,645 INFO     faultline.data.telemetry.filter | dropping 1 channels below coverage threshold: ['main_bearing_temp_c']
2026-09-11 06:38:20,697 INFO     faultline.data.telemetry.filter | dropping 1 channels below coverage threshold: ['main_bearing_temp_c']
2026-09-11 06:38:20,775 INFO     faultline.data.telemetry.filter | dropping 1 channels below coverage threshold: ['main_bearing_temp_c']
2026-09-11 06:38:20,806 INFO     faultline.data.telemetry.filter | dropping 1 channels below coverage threshold: ['main_bearing_temp_c']
2026-09-11 06:38:20,851 INFO     faultline.data.telemetry.filter | dropping 1 channels below coverage threshold: ['main_bearing_temp_c']
2026-09-11 06:38:20,929 INFO     faultline.data.telemetry.filter | dropping 1 channels below coverage threshold: ['main_bearing_temp_c']
2026-09-11 06:38:20,993 INFO     faultline.data.telemetry.filter | dropping 1 channels below coverage threshold: ['main_bearing_temp_c']
2026-09-11 06:38:21,042 INFO     faultline.data.telemetry.filter | dropping 1 channels below coverage threshold: ['main_bearing_temp_c']
2026-09-11 06:38:21,106 INFO     faultline.data.telemetry.filter | dropping 1 channels below coverage threshold: ['main_bearing_temp_c']
2026-09-11 06:38:21,170 INFO     faultline.data.telemetry.filter | dropping 1 channels below coverage threshold: ['main_bearing_temp_c']
2026-09-11 06:38:21,216 INFO     faultline.data.telemetry.filter | dropping 1 channels below coverage threshold: ['main_bearing_temp_c']
2026-09-11 06:38:21,284 INFO     faultline.data.telemetry.filter | dropping 1 channels below coverage threshold: ['main_bearing_temp_c']
2026-09-11 06:38:21,364 INFO     faultline.data.telemetry.filter | dropping 1 channels below coverage threshold: ['main_bearing_temp_c']
2026-09-11 06:38:21,406 INFO     faultline.data.telemetry.filter | dropping 1 channels below coverage threshold: ['main_bearing_temp_c']
2026-09-11 06:38:21,487 INFO     faultline.data.telemetry.filter | dropping 1 channels below coverage threshold: ['main_bearing_temp_c']
2026-09-11 06:38:21,534 INFO     faultline.data.telemetry.filter | dropping 1 channels below coverage threshold: ['main_bearing_temp_c']
2026-09-11 06:38:21,595 INFO     faultline.data.telemetry.filter | dropping 1 channels below coverage threshold: ['main_bearing_temp_c']
2026-09-11 06:38:21,649 INFO     faultline.data.telemetry.filter | dropping 1 channels below coverage threshold: ['main_bearing_temp_c']
2026-09-11 06:38:21,723 INFO     faultline.data.telemetry.filter | dropping 1 channels below coverage threshold: ['main_bearing_temp_c']
2026-09-11 06:38:21,772 INFO     faultline.data.telemetry.filter | dropping 1 channels below coverage threshold: ['main_bearing_temp_c']
2026-09-11 06:38:21,820 INFO     faultline.data.telemetry.filter | dropping 1 channels below coverage threshold: ['main_bearing_temp_c']
2026-09-11 06:38:21,884 INFO     faultline.data.telemetry.filter | dropping 1 channels below coverage threshold: ['main_bearing_temp_c']
2026-09-11 06:38:21,960 INFO     faultline.data.telemetry.filter | dropping 1 channels below coverage threshold: ['main_bearing_temp_c']
2026-09-11 06:38:22,016 INFO     faultline.data.telemetry.filter | dropping 1 channels below coverage threshold: ['main_bearing_temp_c']
2026-09-11 06:38:22,069 INFO     faultline.data.telemetry.filter | dropping 1 channels below coverage threshold: ['main_bearing_temp_c']
2026-09-11 06:38:22,136 INFO     faultline.data.telemetry.filter | dropping 1 channels below coverage threshold: ['main_bearing_temp_c']
2026-09-11 06:38:22,181 INFO     faultline.data.telemetry.filter | dropping 1 channels below coverage threshold: ['main_bearing_temp_c']
2026-09-11 06:38:22,251 INFO     faultline.data.telemetry.filter | dropping 1 channels below coverage threshold: ['main_bearing_temp_c']
2026-09-11 06:38:22,303 INFO     faultline.data.telemetry.filter | dropping 1 channels below coverage threshold: ['main_bearing_temp_c']
2026-09-11 06:38:22,373 INFO     faultline.data.telemetry.filter | dropping 4 channels below coverage threshold: ['nacelle_temp_c', 'gearbox_bearing_temp_c', 'generator_bearing_temp_c', 'generator_winding_temp_c']
2026-09-11 06:38:22,419 INFO     faultline.data.telemetry.filter | dropping 4 channels below coverage threshold: ['nacelle_temp_c', 'gearbox_bearing_temp_c', 'generator_bearing_temp_c', 'generator_winding_temp_c']
2026-09-11 06:38:22,499 INFO     faultline.data.telemetry.filter | dropping 4 channels below coverage threshold: ['nacelle_temp_c', 'gearbox_bearing_temp_c', 'generator_bearing_temp_c', 'generator_winding_temp_c']
2026-09-11 06:38:22,586 INFO     faultline.data.telemetry.filter | dropping 4 channels below coverage threshold: ['nacelle_temp_c', 'gearbox_bearing_temp_c', 'generator_bearing_temp_c', 'generator_winding_temp_c']
2026-09-11 06:38:22,627 INFO     faultline.data.telemetry.filter | dropping 4 channels below coverage threshold: ['nacelle_temp_c', 'gearbox_bearing_temp_c', 'generator_bearing_temp_c', 'generator_winding_temp_c']
2026-09-11 06:38:22,718 INFO     faultline.data.telemetry.filter | dropping 4 channels below coverage threshold: ['nacelle_temp_c', 'gearbox_bearing_temp_c', 'generator_bearing_temp_c', 'generator_winding_temp_c']
2026-09-11 06:38:22,748 INFO     faultline.data.telemetry.filter | dropping 4 channels below coverage threshold: ['nacelle_temp_c', 'gearbox_bearing_temp_c', 'generator_bearing_temp_c', 'generator_winding_temp_c']
2026-09-11 06:38:22,821 INFO     faultline.data.telemetry.filter | dropping 4 channels below coverage threshold: ['nacelle_temp_c', 'gearbox_bearing_temp_c', 'generator_bearing_temp_c', 'generator_winding_temp_c']
2026-09-11 06:38:22,887 INFO     faultline.data.telemetry.filter | dropping 4 channels below coverage threshold: ['nacelle_temp_c', 'gearbox_bearing_temp_c', 'generator_bearing_temp_c', 'generator_winding_temp_c']
2026-09-11 06:38:22,953 INFO     faultline.data.telemetry.filter | dropping 4 channels below coverage threshold: ['nacelle_temp_c', 'gearbox_bearing_temp_c', 'generator_bearing_temp_c', 'generator_winding_temp_c']
2026-09-11 06:38:23,006 INFO     faultline.data.telemetry.filter | dropping 4 channels below coverage threshold: ['nacelle_temp_c', 'gearbox_bearing_temp_c', 'generator_bearing_temp_c', 'generator_winding_temp_c']
2026-09-11 06:38:23,056 INFO     faultline.data.telemetry.filter | dropping 4 channels below coverage threshold: ['nacelle_temp_c', 'gearbox_bearing_temp_c', 'generator_bearing_temp_c', 'generator_winding_temp_c']
2026-09-11 06:38:23,119 INFO     faultline.data.telemetry.filter | dropping 4 channels below coverage threshold: ['nacelle_temp_c', 'gearbox_bearing_temp_c', 'generator_bearing_temp_c', 'generator_winding_temp_c']
2026-09-11 06:38:23,175 INFO     faultline.data.telemetry.filter | dropping 4 channels below coverage threshold: ['nacelle_temp_c', 'gearbox_bearing_temp_c', 'generator_bearing_temp_c', 'generator_winding_temp_c']
2026-09-11 06:38:23,239 INFO     faultline.data.telemetry.filter | dropping 4 channels below coverage threshold: ['nacelle_temp_c', 'gearbox_bearing_temp_c', 'generator_bearing_temp_c', 'generator_winding_temp_c']
2026-09-11 06:38:23,296 INFO     faultline.data.telemetry.filter | dropping 4 channels below coverage threshold: ['nacelle_temp_c', 'gearbox_bearing_temp_c', 'generator_bearing_temp_c', 'generator_winding_temp_c']
2026-09-11 06:38:23,358 INFO     faultline.data.telemetry.filter | dropping 4 channels below coverage threshold: ['nacelle_temp_c', 'gearbox_bearing_temp_c', 'generator_bearing_temp_c', 'generator_winding_temp_c']
2026-09-11 06:38:23,422 INFO     faultline.data.telemetry.filter | dropping 4 channels below coverage threshold: ['nacelle_temp_c', 'gearbox_bearing_temp_c', 'generator_bearing_temp_c', 'generator_winding_temp_c']
2026-09-11 06:38:23,485 INFO     faultline.data.telemetry.filter | dropping 4 channels below coverage threshold: ['nacelle_temp_c', 'gearbox_bearing_temp_c', 'generator_bearing_temp_c', 'generator_winding_temp_c']
2026-09-11 06:38:23,550 INFO     faultline.data.telemetry.filter | dropping 4 channels below coverage threshold: ['nacelle_temp_c', 'gearbox_bearing_temp_c', 'generator_bearing_temp_c', 'generator_winding_temp_c']
2026-09-11 06:38:23,622 INFO     faultline.data.telemetry.filter | dropping 4 channels below coverage threshold: ['nacelle_temp_c', 'gearbox_bearing_temp_c', 'generator_bearing_temp_c', 'generator_winding_temp_c']
2026-09-11 06:38:23,663 INFO     faultline.data.telemetry.filter | dropping 4 channels below coverage threshold: ['nacelle_temp_c', 'gearbox_bearing_temp_c', 'generator_bearing_temp_c', 'generator_winding_temp_c']
2026-09-11 06:38:23,739 INFO     faultline.data.telemetry.filter | dropping 4 channels below coverage threshold: ['nacelle_temp_c', 'gearbox_bearing_temp_c', 'generator_bearing_temp_c', 'generator_winding_temp_c']
2026-09-11 06:38:23,787 INFO     faultline.data.telemetry.filter | dropping 4 channels below coverage threshold: ['nacelle_temp_c', 'gearbox_bearing_temp_c', 'generator_bearing_temp_c', 'generator_winding_temp_c']
2026-09-11 06:38:23,851 INFO     faultline.data.telemetry.filter | dropping 4 channels below coverage threshold: ['nacelle_temp_c', 'gearbox_bearing_temp_c', 'generator_bearing_temp_c', 'generator_winding_temp_c']
2026-09-11 06:38:23,878 INFO     faultline.data.telemetry.filter | dropping 4 channels below coverage threshold: ['nacelle_temp_c', 'gearbox_bearing_temp_c', 'generator_bearing_temp_c', 'generator_winding_temp_c']
2026-09-11 06:38:23,954 INFO     faultline.data.telemetry.filter | dropping 4 channels below coverage threshold: ['nacelle_temp_c', 'gearbox_bearing_temp_c', 'generator_bearing_temp_c', 'generator_winding_temp_c']
2026-09-11 06:38:23,980 INFO     faultline.data.telemetry.filter | dropping 4 channels below coverage threshold: ['nacelle_temp_c', 'gearbox_bearing_temp_c', 'generator_bearing_temp_c', 'generator_winding_temp_c']
2026-09-11 06:38:24,045 INFO     faultline.data.telemetry.filter | dropping 4 channels below coverage threshold: ['nacelle_temp_c', 'gearbox_bearing_temp_c', 'generator_bearing_temp_c', 'generator_winding_temp_c']
2026-09-11 06:38:24,121 INFO     faultline.data.telemetry.filter | dropping 4 channels below coverage threshold: ['nacelle_temp_c', 'gearbox_bearing_temp_c', 'generator_bearing_temp_c', 'generator_winding_temp_c']
2026-09-11 06:38:24,174 INFO     faultline.data.telemetry.filter | dropping 4 channels below coverage threshold: ['nacelle_temp_c', 'gearbox_bearing_temp_c', 'generator_bearing_temp_c', 'generator_winding_temp_c']
2026-09-11 06:38:24,244 INFO     faultline.data.telemetry.filter | dropping 5 channels below coverage threshold: ['nacelle_position_deg', 'wind_direction_deg', 'nacelle_temp_c', 'gearbox_bearing_temp_c', 'generator_bearing_temp_c']
2026-09-11 06:38:24,327 INFO     faultline.data.telemetry.filter | dropping 5 channels below coverage threshold: ['nacelle_position_deg', 'wind_direction_deg', 'nacelle_temp_c', 'gearbox_bearing_temp_c', 'generator_bearing_temp_c']
2026-09-11 06:38:24,360 INFO     faultline.data.telemetry.filter | dropping 5 channels below coverage threshold: ['nacelle_position_deg', 'wind_direction_deg', 'nacelle_temp_c', 'gearbox_bearing_temp_c', 'generator_bearing_temp_c']
2026-09-11 06:38:24,402 INFO     faultline.data.telemetry.filter | dropping 5 channels below coverage threshold: ['nacelle_position_deg', 'wind_direction_deg', 'nacelle_temp_c', 'gearbox_bearing_temp_c', 'generator_bearing_temp_c']
2026-09-11 06:38:24,486 INFO     faultline.data.telemetry.filter | dropping 5 channels below coverage threshold: ['nacelle_position_deg', 'wind_direction_deg', 'nacelle_temp_c', 'gearbox_bearing_temp_c', 'generator_bearing_temp_c']
2026-09-11 06:38:24,568 INFO     faultline.data.telemetry.filter | dropping 5 channels below coverage threshold: ['nacelle_position_deg', 'wind_direction_deg', 'nacelle_temp_c', 'gearbox_bearing_temp_c', 'generator_bearing_temp_c']
2026-09-11 06:38:24,597 INFO     faultline.data.telemetry.filter | dropping 5 channels below coverage threshold: ['nacelle_position_deg', 'wind_direction_deg', 'nacelle_temp_c', 'gearbox_bearing_temp_c', 'generator_bearing_temp_c']
2026-09-11 06:38:24,670 INFO     faultline.data.telemetry.filter | dropping 5 channels below coverage threshold: ['nacelle_position_deg', 'wind_direction_deg', 'nacelle_temp_c', 'gearbox_bearing_temp_c', 'generator_bearing_temp_c']
2026-09-11 06:38:24,716 INFO     faultline.data.telemetry.filter | dropping 5 channels below coverage threshold: ['nacelle_position_deg', 'wind_direction_deg', 'nacelle_temp_c', 'gearbox_bearing_temp_c', 'generator_bearing_temp_c']
2026-09-11 06:38:24,797 INFO     faultline.data.telemetry.filter | dropping 5 channels below coverage threshold: ['nacelle_position_deg', 'wind_direction_deg', 'nacelle_temp_c', 'gearbox_bearing_temp_c', 'generator_bearing_temp_c']
2026-09-11 06:38:24,824 INFO     faultline.data.telemetry.filter | dropping 5 channels below coverage threshold: ['nacelle_position_deg', 'wind_direction_deg', 'nacelle_temp_c', 'gearbox_bearing_temp_c', 'generator_bearing_temp_c']
2026-09-11 06:38:24,877 INFO     faultline.data.telemetry.filter | dropping 5 channels below coverage threshold: ['nacelle_position_deg', 'wind_direction_deg', 'nacelle_temp_c', 'gearbox_bearing_temp_c', 'generator_bearing_temp_c']
2026-09-11 06:38:24,949 INFO     faultline.data.telemetry.filter | dropping 5 channels below coverage threshold: ['nacelle_position_deg', 'wind_direction_deg', 'nacelle_temp_c', 'gearbox_bearing_temp_c', 'generator_bearing_temp_c']
2026-09-11 06:38:25,000 INFO     faultline.data.telemetry.filter | dropping 5 channels below coverage threshold: ['nacelle_position_deg', 'wind_direction_deg', 'nacelle_temp_c', 'gearbox_bearing_temp_c', 'generator_bearing_temp_c']
2026-09-11 06:38:25,059 INFO     faultline.data.telemetry.filter | dropping 5 channels below coverage threshold: ['nacelle_position_deg', 'wind_direction_deg', 'nacelle_temp_c', 'gearbox_bearing_temp_c', 'generator_bearing_temp_c']
2026-09-11 06:38:25,093 INFO     faultline.data.telemetry.filter | dropping 5 channels below coverage threshold: ['nacelle_position_deg', 'wind_direction_deg', 'nacelle_temp_c', 'gearbox_bearing_temp_c', 'generator_bearing_temp_c']
2026-09-11 06:38:25,182 INFO     faultline.data.telemetry.filter | dropping 5 channels below coverage threshold: ['nacelle_position_deg', 'wind_direction_deg', 'nacelle_temp_c', 'gearbox_bearing_temp_c', 'generator_bearing_temp_c']
2026-09-11 06:38:25,201 INFO     faultline.data.telemetry.filter | dropping 5 channels below coverage threshold: ['nacelle_position_deg', 'wind_direction_deg', 'nacelle_temp_c', 'gearbox_bearing_temp_c', 'generator_bearing_temp_c']
2026-09-11 06:38:25,262 INFO     faultline.data.telemetry.filter | dropping 5 channels below coverage threshold: ['nacelle_position_deg', 'wind_direction_deg', 'nacelle_temp_c', 'gearbox_bearing_temp_c', 'generator_bearing_temp_c']
2026-09-11 06:38:25,318 INFO     faultline.data.telemetry.filter | dropping 5 channels below coverage threshold: ['nacelle_position_deg', 'wind_direction_deg', 'nacelle_temp_c', 'gearbox_bearing_temp_c', 'generator_bearing_temp_c']
2026-09-11 06:38:25,356 INFO     faultline.data.telemetry.filter | dropping 5 channels below coverage threshold: ['nacelle_position_deg', 'wind_direction_deg', 'nacelle_temp_c', 'gearbox_bearing_temp_c', 'generator_bearing_temp_c']
2026-09-11 06:38:25,447 INFO     faultline.data.telemetry.filter | dropping 5 channels below coverage threshold: ['nacelle_position_deg', 'wind_direction_deg', 'nacelle_temp_c', 'gearbox_bearing_temp_c', 'generator_bearing_temp_c']
2026-09-11 06:38:25,497 INFO     faultline.data.telemetry.filter | dropping 5 channels below coverage threshold: ['nacelle_position_deg', 'wind_direction_deg', 'nacelle_temp_c', 'gearbox_bearing_temp_c', 'generator_bearing_temp_c']
2026-09-11 06:38:25,560 INFO     faultline.data.telemetry.filter | dropping 5 channels below coverage threshold: ['nacelle_position_deg', 'wind_direction_deg', 'nacelle_temp_c', 'gearbox_bearing_temp_c', 'generator_bearing_temp_c']
2026-09-11 06:38:25,591 INFO     faultline.data.telemetry.filter | dropping 5 channels below coverage threshold: ['nacelle_position_deg', 'wind_direction_deg', 'nacelle_temp_c', 'gearbox_bearing_temp_c', 'generator_bearing_temp_c']
2026-09-11 06:38:25,680 INFO     faultline.data.telemetry.filter | dropping 5 channels below coverage threshold: ['nacelle_position_deg', 'wind_direction_deg', 'nacelle_temp_c', 'gearbox_bearing_temp_c', 'generator_bearing_temp_c']
2026-09-11 06:38:25,698 INFO     faultline.data.telemetry.filter | dropping 5 channels below coverage threshold: ['nacelle_position_deg', 'wind_direction_deg', 'nacelle_temp_c', 'gearbox_bearing_temp_c', 'generator_bearing_temp_c']
2026-09-11 06:38:25,739 INFO     faultline.data.telemetry.filter | dropping 5 channels below coverage threshold: ['nacelle_position_deg', 'wind_direction_deg', 'nacelle_temp_c', 'gearbox_bearing_temp_c', 'generator_bearing_temp_c']
2026-09-11 06:38:25,822 INFO     faultline.data.telemetry.filter | dropping 5 channels below coverage threshold: ['nacelle_position_deg', 'wind_direction_deg', 'nacelle_temp_c', 'gearbox_bearing_temp_c', 'generator_bearing_temp_c']
2026-09-11 06:38:25,914 INFO     faultline.data.telemetry.filter | dropping 5 channels below coverage threshold: ['nacelle_position_deg', 'wind_direction_deg', 'nacelle_temp_c', 'gearbox_bearing_temp_c', 'generator_bearing_temp_c']
2026-09-11 06:38:25,969 INFO     faultline.data.telemetry.filter | dropping 5 channels below coverage threshold: ['nacelle_position_deg', 'wind_direction_deg', 'nacelle_temp_c', 'gearbox_bearing_temp_c', 'generator_bearing_temp_c']
2026-09-11 06:38:26,020 INFO     faultline.data.telemetry.filter | dropping 5 channels below coverage threshold: ['nacelle_position_deg', 'wind_direction_deg', 'nacelle_temp_c', 'gearbox_bearing_temp_c', 'generator_bearing_temp_c']
2026-09-11 06:38:26,105 INFO     faultline.data.telemetry.filter | dropping 5 channels below coverage threshold: ['nacelle_position_deg', 'wind_direction_deg', 'nacelle_temp_c', 'gearbox_bearing_temp_c', 'generator_bearing_temp_c']
2026-09-11 06:38:26,155 INFO     faultline.data.telemetry.filter | dropping 5 channels below coverage threshold: ['nacelle_position_deg', 'wind_direction_deg', 'nacelle_temp_c', 'gearbox_bearing_temp_c', 'generator_bearing_temp_c']
2026-09-11 06:38:26,226 INFO     faultline.data.telemetry.filter | dropping 5 channels below coverage threshold: ['nacelle_position_deg', 'wind_direction_deg', 'nacelle_temp_c', 'gearbox_bearing_temp_c', 'generator_bearing_temp_c']
2026-09-11 06:38:26,307 INFO     faultline.data.telemetry.filter | dropping 5 channels below coverage threshold: ['nacelle_position_deg', 'wind_direction_deg', 'nacelle_temp_c', 'gearbox_bearing_temp_c', 'generator_bearing_temp_c']
2026-09-11 06:38:26,370 INFO     faultline.data.telemetry.filter | dropping 5 channels below coverage threshold: ['nacelle_position_deg', 'wind_direction_deg', 'nacelle_temp_c', 'gearbox_bearing_temp_c', 'generator_bearing_temp_c']
2026-09-11 06:38:26,428 INFO     faultline.data.telemetry.filter | dropping 5 channels below coverage threshold: ['nacelle_position_deg', 'wind_direction_deg', 'nacelle_temp_c', 'gearbox_bearing_temp_c', 'generator_bearing_temp_c']
2026-09-11 06:38:26,501 INFO     faultline.data.telemetry.filter | dropping 5 channels below coverage threshold: ['nacelle_position_deg', 'wind_direction_deg', 'nacelle_temp_c', 'gearbox_bearing_temp_c', 'generator_bearing_temp_c']
2026-09-11 06:38:26,592 INFO     faultline.data.telemetry.filter | dropping 5 channels below coverage threshold: ['nacelle_position_deg', 'wind_direction_deg', 'nacelle_temp_c', 'gearbox_bearing_temp_c', 'generator_bearing_temp_c']
2026-09-11 06:38:26,640 INFO     faultline.data.telemetry.filter | dropping 5 channels below coverage threshold: ['nacelle_position_deg', 'wind_direction_deg', 'nacelle_temp_c', 'gearbox_bearing_temp_c', 'generator_bearing_temp_c']
2026-09-11 06:38:26,731 INFO     faultline.data.telemetry.filter | dropping 5 channels below coverage threshold: ['nacelle_position_deg', 'wind_direction_deg', 'nacelle_temp_c', 'gearbox_bearing_temp_c', 'generator_bearing_temp_c']
2026-09-11 06:38:26,763 INFO     faultline.data.telemetry.filter | dropping 5 channels below coverage threshold: ['nacelle_position_deg', 'wind_direction_deg', 'nacelle_temp_c', 'gearbox_bearing_temp_c', 'generator_bearing_temp_c']
2026-09-11 06:38:26,866 INFO     faultline.data.telemetry.filter | dropping 5 channels below coverage threshold: ['nacelle_position_deg', 'wind_direction_deg', 'nacelle_temp_c', 'gearbox_bearing_temp_c', 'generator_bearing_temp_c']
2026-09-11 06:38:26,906 INFO     faultline.data.telemetry.filter | dropping 5 channels below coverage threshold: ['nacelle_position_deg', 'wind_direction_deg', 'nacelle_temp_c', 'gearbox_bearing_temp_c', 'generator_bearing_temp_c']
2026-09-11 06:38:26,986 INFO     faultline.data.telemetry.filter | dropping 5 channels below coverage threshold: ['nacelle_position_deg', 'wind_direction_deg', 'nacelle_temp_c', 'gearbox_bearing_temp_c', 'generator_bearing_temp_c']
2026-09-11 06:38:27,032 INFO     faultline.data.telemetry.filter | dropping 5 channels below coverage threshold: ['nacelle_position_deg', 'wind_direction_deg', 'nacelle_temp_c', 'gearbox_bearing_temp_c', 'generator_bearing_temp_c']
2026-09-11 06:38:27,087 INFO     faultline.data.telemetry.filter | dropping 5 channels below coverage threshold: ['nacelle_position_deg', 'wind_direction_deg', 'nacelle_temp_c', 'gearbox_bearing_temp_c', 'generator_bearing_temp_c']
2026-09-11 06:38:27,160 INFO     faultline.data.telemetry.filter | dropping 5 channels below coverage threshold: ['nacelle_position_deg', 'wind_direction_deg', 'nacelle_temp_c', 'gearbox_bearing_temp_c', 'generator_bearing_temp_c']
2026-09-11 06:38:27,223 INFO     faultline.data.telemetry.filter | dropping 5 channels below coverage threshold: ['nacelle_position_deg', 'wind_direction_deg', 'nacelle_temp_c', 'gearbox_bearing_temp_c', 'generator_bearing_temp_c']
2026-09-11 06:38:27,287 INFO     faultline.data.telemetry.filter | dropping 5 channels below coverage threshold: ['nacelle_position_deg', 'wind_direction_deg', 'nacelle_temp_c', 'gearbox_bearing_temp_c', 'generator_bearing_temp_c']
2026-09-11 06:38:27,338 INFO     faultline.data.telemetry.filter | dropping 5 channels below coverage threshold: ['nacelle_position_deg', 'wind_direction_deg', 'nacelle_temp_c', 'gearbox_bearing_temp_c', 'generator_bearing_temp_c']
2026-09-11 06:38:27,418 INFO     faultline.data.telemetry.filter | dropping 5 channels below coverage threshold: ['nacelle_position_deg', 'wind_direction_deg', 'nacelle_temp_c', 'gearbox_bearing_temp_c', 'generator_bearing_temp_c']
2026-09-11 06:38:27,482 INFO     faultline.data.telemetry.filter | dropping 5 channels below coverage threshold: ['nacelle_position_deg', 'wind_direction_deg', 'nacelle_temp_c', 'gearbox_bearing_temp_c', 'generator_bearing_temp_c']
2026-09-11 06:38:27,548 INFO     faultline.data.telemetry.filter | dropping 5 channels below coverage threshold: ['nacelle_position_deg', 'wind_direction_deg', 'nacelle_temp_c', 'gearbox_bearing_temp_c', 'generator_bearing_temp_c']
2026-09-11 06:38:27,629 INFO     faultline.data.telemetry.filter | dropping 5 channels below coverage threshold: ['nacelle_position_deg', 'wind_direction_deg', 'nacelle_temp_c', 'gearbox_bearing_temp_c', 'generator_bearing_temp_c']
2026-09-11 06:38:27,661 INFO     faultline.data.telemetry.filter | dropping 5 channels below coverage threshold: ['nacelle_position_deg', 'wind_direction_deg', 'nacelle_temp_c', 'gearbox_bearing_temp_c', 'generator_bearing_temp_c']
2026-09-11 06:38:27,735 INFO     faultline.data.telemetry.filter | dropping 5 channels below coverage threshold: ['nacelle_position_deg', 'wind_direction_deg', 'nacelle_temp_c', 'gearbox_bearing_temp_c', 'generator_bearing_temp_c']
2026-09-11 06:38:27,784 INFO     faultline.data.telemetry.filter | dropping 5 channels below coverage threshold: ['nacelle_position_deg', 'wind_direction_deg', 'nacelle_temp_c', 'gearbox_bearing_temp_c', 'generator_bearing_temp_c']
2026-09-11 06:38:27,830 INFO     faultline.data.telemetry.filter | dropping 5 channels below coverage threshold: ['nacelle_position_deg', 'wind_direction_deg', 'nacelle_temp_c', 'gearbox_bearing_temp_c', 'generator_bearing_temp_c']
2026-09-11 06:38:27,904 INFO     faultline.data.telemetry.filter | dropping 5 channels below coverage threshold: ['nacelle_position_deg', 'wind_direction_deg', 'nacelle_temp_c', 'gearbox_bearing_temp_c', 'generator_bearing_temp_c']
2026-09-11 06:38:27,987 INFO     faultline.data.telemetry.filter | dropping 5 channels below coverage threshold: ['nacelle_position_deg', 'wind_direction_deg', 'nacelle_temp_c', 'gearbox_bearing_temp_c', 'generator_bearing_temp_c']
2026-09-11 06:38:28,032 INFO     faultline.data.telemetry.filter | dropping 5 channels below coverage threshold: ['nacelle_position_deg', 'wind_direction_deg', 'nacelle_temp_c', 'gearbox_bearing_temp_c', 'generator_bearing_temp_c']
2026-09-11 06:38:28,070 INFO     faultline.data.telemetry.filter | dropping 5 channels below coverage threshold: ['nacelle_position_deg', 'wind_direction_deg', 'nacelle_temp_c', 'gearbox_bearing_temp_c', 'generator_bearing_temp_c']
2026-09-11 06:38:28,154 INFO     faultline.data.telemetry.filter | dropping 5 channels below coverage threshold: ['nacelle_position_deg', 'wind_direction_deg', 'nacelle_temp_c', 'gearbox_bearing_temp_c', 'generator_bearing_temp_c']
2026-09-11 06:38:28,191 INFO     faultline.data.telemetry.filter | dropping 5 channels below coverage threshold: ['nacelle_position_deg', 'wind_direction_deg', 'nacelle_temp_c', 'gearbox_bearing_temp_c', 'generator_bearing_temp_c']
2026-09-11 06:38:28,271 INFO     faultline.data.telemetry.filter | dropping 5 channels below coverage threshold: ['nacelle_position_deg', 'wind_direction_deg', 'nacelle_temp_c', 'gearbox_bearing_temp_c', 'generator_bearing_temp_c']
2026-09-11 06:38:28,332 INFO     faultline.data.telemetry.filter | dropping 5 channels below coverage threshold: ['nacelle_position_deg', 'wind_direction_deg', 'nacelle_temp_c', 'gearbox_bearing_temp_c', 'generator_bearing_temp_c']
2026-09-11 06:38:28,404 INFO     faultline.data.telemetry.filter | dropping 5 channels below coverage threshold: ['nacelle_position_deg', 'wind_direction_deg', 'nacelle_temp_c', 'gearbox_bearing_temp_c', 'generator_bearing_temp_c']
2026-09-11 06:38:28,459 INFO     faultline.data.telemetry.filter | dropping 5 channels below coverage threshold: ['nacelle_position_deg', 'wind_direction_deg', 'nacelle_temp_c', 'gearbox_bearing_temp_c', 'generator_bearing_temp_c']
2026-09-11 06:38:28,570 INFO     faultline.data.telemetry.filter | dropping 5 channels below coverage threshold: ['nacelle_position_deg', 'wind_direction_deg', 'nacelle_temp_c', 'gearbox_bearing_temp_c', 'generator_bearing_temp_c']
2026-09-11 06:38:28,617 INFO     faultline.data.telemetry.filter | dropping 5 channels below coverage threshold: ['nacelle_position_deg', 'wind_direction_deg', 'nacelle_temp_c', 'gearbox_bearing_temp_c', 'generator_bearing_temp_c']
2026-09-11 06:38:28,699 INFO     faultline.data.telemetry.filter | dropping 5 channels below coverage threshold: ['nacelle_position_deg', 'wind_direction_deg', 'nacelle_temp_c', 'gearbox_bearing_temp_c', 'generator_bearing_temp_c']
2026-09-11 06:38:28,755 INFO     faultline.data.telemetry.filter | dropping 5 channels below coverage threshold: ['nacelle_position_deg', 'wind_direction_deg', 'nacelle_temp_c', 'gearbox_bearing_temp_c', 'generator_bearing_temp_c']
2026-09-11 06:38:28,828 INFO     faultline.data.telemetry.filter | dropping 5 channels below coverage threshold: ['nacelle_position_deg', 'wind_direction_deg', 'nacelle_temp_c', 'gearbox_bearing_temp_c', 'generator_bearing_temp_c']
2026-09-11 06:38:28,896 INFO     faultline.data.telemetry.filter | dropping 5 channels below coverage threshold: ['nacelle_position_deg', 'wind_direction_deg', 'nacelle_temp_c', 'gearbox_bearing_temp_c', 'generator_bearing_temp_c']
2026-09-11 06:38:28,947 INFO     faultline.data.telemetry.filter | dropping 5 channels below coverage threshold: ['nacelle_position_deg', 'wind_direction_deg', 'nacelle_temp_c', 'gearbox_bearing_temp_c', 'generator_bearing_temp_c']
2026-09-11 06:38:29,004 INFO     faultline.data.telemetry.filter | dropping 5 channels below coverage threshold: ['nacelle_position_deg', 'wind_direction_deg', 'nacelle_temp_c', 'gearbox_bearing_temp_c', 'generator_bearing_temp_c']
2026-09-11 06:38:29,079 INFO     faultline.data.telemetry.filter | dropping 5 channels below coverage threshold: ['nacelle_position_deg', 'wind_direction_deg', 'nacelle_temp_c', 'gearbox_bearing_temp_c', 'generator_bearing_temp_c']
2026-09-11 06:38:29,137 INFO     faultline.data.telemetry.filter | dropping 5 channels below coverage threshold: ['nacelle_position_deg', 'wind_direction_deg', 'nacelle_temp_c', 'gearbox_bearing_temp_c', 'generator_bearing_temp_c']
2026-09-11 06:38:29,213 INFO     faultline.data.telemetry.filter | dropping 5 channels below coverage threshold: ['nacelle_position_deg', 'wind_direction_deg', 'nacelle_temp_c', 'gearbox_bearing_temp_c', 'generator_bearing_temp_c']
2026-09-11 06:38:29,293 INFO     faultline.data.telemetry.filter | dropping 5 channels below coverage threshold: ['nacelle_position_deg', 'wind_direction_deg', 'nacelle_temp_c', 'gearbox_bearing_temp_c', 'generator_bearing_temp_c']
2026-09-11 06:38:29,351 INFO     faultline.data.telemetry.filter | dropping 5 channels below coverage threshold: ['nacelle_position_deg', 'wind_direction_deg', 'nacelle_temp_c', 'gearbox_bearing_temp_c', 'generator_bearing_temp_c']
2026-09-11 06:38:29,399 INFO     faultline.data.telemetry.filter | dropping 5 channels below coverage threshold: ['nacelle_position_deg', 'wind_direction_deg', 'nacelle_temp_c', 'gearbox_bearing_temp_c', 'generator_bearing_temp_c']
2026-09-11 06:38:29,478 INFO     faultline.data.telemetry.filter | dropping 5 channels below coverage threshold: ['nacelle_position_deg', 'wind_direction_deg', 'nacelle_temp_c', 'gearbox_bearing_temp_c', 'generator_bearing_temp_c']
2026-09-11 06:38:29,531 INFO     faultline.data.telemetry.filter | dropping 5 channels below coverage threshold: ['nacelle_position_deg', 'wind_direction_deg', 'nacelle_temp_c', 'gearbox_bearing_temp_c', 'generator_bearing_temp_c']
2026-09-11 06:38:29,598 INFO     faultline.data.telemetry.filter | dropping 5 channels below coverage threshold: ['nacelle_position_deg', 'wind_direction_deg', 'nacelle_temp_c', 'gearbox_bearing_temp_c', 'generator_bearing_temp_c']
2026-09-11 06:38:29,664 INFO     faultline.data.telemetry.filter | dropping 5 channels below coverage threshold: ['nacelle_position_deg', 'wind_direction_deg', 'nacelle_temp_c', 'gearbox_bearing_temp_c', 'generator_bearing_temp_c']
2026-09-11 06:38:29,716 INFO     faultline.data.telemetry.filter | dropping 5 channels below coverage threshold: ['nacelle_position_deg', 'wind_direction_deg', 'nacelle_temp_c', 'gearbox_bearing_temp_c', 'generator_bearing_temp_c']
2026-09-11 06:38:29,766 INFO     faultline.data.telemetry.filter | dropping 5 channels below coverage threshold: ['nacelle_position_deg', 'wind_direction_deg', 'nacelle_temp_c', 'gearbox_bearing_temp_c', 'generator_bearing_temp_c']
2026-09-11 06:38:29,833 INFO     faultline.data.telemetry.filter | dropping 5 channels below coverage threshold: ['nacelle_position_deg', 'wind_direction_deg', 'nacelle_temp_c', 'gearbox_bearing_temp_c', 'generator_bearing_temp_c']
2026-09-11 06:38:29,896 INFO     faultline.data.telemetry.filter | dropping 5 channels below coverage threshold: ['nacelle_position_deg', 'wind_direction_deg', 'nacelle_temp_c', 'gearbox_bearing_temp_c', 'generator_bearing_temp_c']
2026-09-11 06:38:29,972 INFO     faultline.data.telemetry.filter | dropping 5 channels below coverage threshold: ['nacelle_position_deg', 'wind_direction_deg', 'nacelle_temp_c', 'gearbox_bearing_temp_c', 'generator_bearing_temp_c']
2026-09-11 06:38:30,051 INFO     faultline.data.telemetry.filter | dropping 5 channels below coverage threshold: ['nacelle_position_deg', 'wind_direction_deg', 'nacelle_temp_c', 'gearbox_bearing_temp_c', 'generator_bearing_temp_c']
2026-09-11 06:38:30,080 INFO     faultline.data.telemetry.filter | dropping 5 channels below coverage threshold: ['nacelle_position_deg', 'wind_direction_deg', 'nacelle_temp_c', 'gearbox_bearing_temp_c', 'generator_bearing_temp_c']
2026-09-11 06:38:30,112 INFO     faultline.data.telemetry.filter | dropping 5 channels below coverage threshold: ['nacelle_position_deg', 'wind_direction_deg', 'nacelle_temp_c', 'gearbox_bearing_temp_c', 'generator_bearing_temp_c']
2026-09-11 06:38:30,210 INFO     faultline.data.telemetry.filter | dropping 6 channels below coverage threshold: ['rotor_speed_rpm', 'nacelle_position_deg', 'wind_direction_deg', 'nacelle_temp_c', 'gearbox_bearing_temp_c', 'generator_bearing_temp_c']
2026-09-11 06:38:30,233 INFO     faultline.data.telemetry.filter | dropping 5 channels below coverage threshold: ['nacelle_position_deg', 'wind_direction_deg', 'nacelle_temp_c', 'gearbox_bearing_temp_c', 'generator_bearing_temp_c']
2026-09-11 06:38:30,282 INFO     faultline.data.telemetry.filter | dropping 5 channels below coverage threshold: ['nacelle_position_deg', 'wind_direction_deg', 'nacelle_temp_c', 'gearbox_bearing_temp_c', 'generator_bearing_temp_c']
2026-09-11 06:38:30,373 INFO     faultline.data.telemetry.filter | dropping 5 channels below coverage threshold: ['nacelle_position_deg', 'wind_direction_deg', 'nacelle_temp_c', 'gearbox_bearing_temp_c', 'generator_bearing_temp_c']
2026-09-11 06:38:30,445 INFO     faultline.data.telemetry.filter | dropping 5 channels below coverage threshold: ['nacelle_position_deg', 'wind_direction_deg', 'nacelle_temp_c', 'gearbox_bearing_temp_c', 'generator_bearing_temp_c']
2026-09-11 06:38:30,510 INFO     faultline.data.telemetry.filter | dropping 5 channels below coverage threshold: ['nacelle_position_deg', 'wind_direction_deg', 'nacelle_temp_c', 'gearbox_bearing_temp_c', 'generator_bearing_temp_c']
2026-09-11 06:38:30,564 INFO     faultline.data.telemetry.filter | dropping 5 channels below coverage threshold: ['nacelle_position_deg', 'wind_direction_deg', 'nacelle_temp_c', 'gearbox_bearing_temp_c', 'generator_bearing_temp_c']
2026-09-11 06:38:30,645 INFO     faultline.data.telemetry.filter | dropping 5 channels below coverage threshold: ['nacelle_position_deg', 'wind_direction_deg', 'nacelle_temp_c', 'gearbox_bearing_temp_c', 'generator_bearing_temp_c']
2026-09-11 06:38:30,731 INFO     faultline.data.telemetry.filter | dropping 5 channels below coverage threshold: ['nacelle_position_deg', 'wind_direction_deg', 'nacelle_temp_c', 'gearbox_bearing_temp_c', 'generator_bearing_temp_c']
2026-09-11 06:38:30,776 INFO     faultline.data.telemetry.filter | dropping 5 channels below coverage threshold: ['nacelle_position_deg', 'wind_direction_deg', 'nacelle_temp_c', 'gearbox_bearing_temp_c', 'generator_bearing_temp_c']
2026-09-11 06:38:30,869 INFO     faultline.data.telemetry.filter | dropping 5 channels below coverage threshold: ['nacelle_position_deg', 'wind_direction_deg', 'nacelle_temp_c', 'gearbox_bearing_temp_c', 'generator_bearing_temp_c']
2026-09-11 06:38:30,894 INFO     faultline.data.telemetry.filter | dropping 5 channels below coverage threshold: ['nacelle_position_deg', 'wind_direction_deg', 'nacelle_temp_c', 'gearbox_bearing_temp_c', 'generator_bearing_temp_c']
2026-09-11 06:38:30,964 INFO     faultline.data.telemetry.filter | dropping 5 channels below coverage threshold: ['nacelle_position_deg', 'wind_direction_deg', 'nacelle_temp_c', 'gearbox_bearing_temp_c', 'generator_bearing_temp_c']
2026-09-11 06:38:31,016 INFO     faultline.data.telemetry.filter | dropping 5 channels below coverage threshold: ['nacelle_position_deg', 'wind_direction_deg', 'nacelle_temp_c', 'gearbox_bearing_temp_c', 'generator_bearing_temp_c']
2026-09-11 06:38:31,064 INFO     faultline.data.telemetry.filter | dropping 5 channels below coverage threshold: ['nacelle_position_deg', 'wind_direction_deg', 'nacelle_temp_c', 'gearbox_bearing_temp_c', 'generator_bearing_temp_c']
2026-09-11 06:38:31,140 INFO     faultline.data.telemetry.filter | dropping 5 channels below coverage threshold: ['nacelle_position_deg', 'wind_direction_deg', 'nacelle_temp_c', 'gearbox_bearing_temp_c', 'generator_bearing_temp_c']
2026-09-11 06:38:31,198 INFO     faultline.data.telemetry.filter | dropping 5 channels below coverage threshold: ['nacelle_position_deg', 'wind_direction_deg', 'nacelle_temp_c', 'gearbox_bearing_temp_c', 'generator_bearing_temp_c']
2026-09-11 06:38:31,264 INFO     faultline.data.telemetry.filter | dropping 5 channels below coverage threshold: ['nacelle_position_deg', 'wind_direction_deg', 'nacelle_temp_c', 'gearbox_bearing_temp_c', 'generator_bearing_temp_c']
2026-09-11 06:38:31,319 INFO     faultline.data.telemetry.filter | dropping 5 channels below coverage threshold: ['nacelle_position_deg', 'wind_direction_deg', 'nacelle_temp_c', 'gearbox_bearing_temp_c', 'generator_bearing_temp_c']
2026-09-11 06:38:31,381 INFO     faultline.data.telemetry.filter | dropping 5 channels below coverage threshold: ['nacelle_position_deg', 'wind_direction_deg', 'nacelle_temp_c', 'gearbox_bearing_temp_c', 'generator_bearing_temp_c']
2026-09-11 06:38:31,442 INFO     faultline.data.telemetry.filter | dropping 5 channels below coverage threshold: ['nacelle_position_deg', 'wind_direction_deg', 'nacelle_temp_c', 'gearbox_bearing_temp_c', 'generator_bearing_temp_c']
2026-09-11 06:38:31,510 INFO     faultline.data.telemetry.filter | dropping 5 channels below coverage threshold: ['nacelle_position_deg', 'wind_direction_deg', 'nacelle_temp_c', 'gearbox_bearing_temp_c', 'generator_bearing_temp_c']
2026-09-11 06:38:31,594 INFO     faultline.data.telemetry.filter | dropping 5 channels below coverage threshold: ['nacelle_position_deg', 'wind_direction_deg', 'nacelle_temp_c', 'gearbox_bearing_temp_c', 'generator_bearing_temp_c']
2026-09-11 06:38:31,635 INFO     faultline.runs | wrote filter_stats_report.md
2026-09-11 06:38:31,693 INFO     faultline.runs | run 20260910-213754_filter_telemetry_20fa4ac5 ok in 37.16s -> C:\Users\sharg\Desktop\github\FaultLine\reports\data\20260910-213754_filter_telemetry_20fa4ac5
